Component: ARM Compiler 5.06 update 6 (build 750) Tool: armlink [4d35ed]

==============================================================================

Section Cross References

    main.o(i.ALL_Init) refers to stm32f4xx_hal_gpio.o(i.HAL_GPIO_WritePin) for HAL_GPIO_WritePin
    main.o(i.ALL_Init) refers to thread.o(i.rt_thread_delay) for rt_thread_delay
    main.o(i.ALL_Init) refers to w25qxx.o(i.W25QXX_Init) for W25QXX_Init
    main.o(i.ALL_Init) refers to wm8978.o(i.WM8978_Init) for WM8978_Init
    main.o(i.ALL_Init) refers to wm8978.o(i.WM8978_SPKvol_Set) for WM8978_SPKvol_Set
    main.o(i.ALL_Init) refers to malloc.o(i.my_mem_init) for my_mem_init
    main.o(i.ALL_Init) refers to exfuns.o(i.exfuns_init) for exfuns_init
    main.o(i.ALL_Init) refers to ff.o(i.f_mount) for f_mount
    main.o(i.ALL_Init) refers to fontupd.o(i.font_init) for font_init
    main.o(i.ALL_Init) refers to fontupd.o(i.update_font) for update_font
    main.o(i.ALL_Init) refers to oled.o(i.OLED_Init) for OLED_Init
    main.o(i.ALL_Init) refers to printf8.o(i.__0printf$8) for __2printf
    main.o(i.ALL_Init) refers to exfuns.o(.bss) for fs
    main.o(i.Application) refers to main.o(i.ALL_Init) for ALL_Init
    main.o(i.Application) refers to task.o(i.Semaphore_init) for Semaphore_init
    main.o(i.Application) refers to task.o(i.Task_init) for Task_init
    main.o(i.Application) refers to thread.o(i.rt_thread_delete) for rt_thread_delete
    main.o(i.Application) refers to main.o(.data) for .data
    main.o(i.main) refers to thread.o(i.rt_thread_create) for rt_thread_create
    main.o(i.main) refers to thread.o(i.rt_thread_startup) for rt_thread_startup
    main.o(i.main) refers to main.o(i.Application) for Application
    main.o(i.main) refers to main.o(.data) for .data
    system_stm32f4xx.o(i.SystemCoreClockUpdate) refers to system_stm32f4xx.o(.data) for .data
    sys.o(i.Stm32_Clock_Init) refers to stm32f4xx_hal_rcc.o(i.HAL_RCC_OscConfig) for HAL_RCC_OscConfig
    sys.o(i.Stm32_Clock_Init) refers to stm32f4xx_hal_pwr_ex.o(i.HAL_PWREx_EnableOverDrive) for HAL_PWREx_EnableOverDrive
    sys.o(i.Stm32_Clock_Init) refers to stm32f4xx_hal_rcc.o(i.HAL_RCC_ClockConfig) for HAL_RCC_ClockConfig
    startup_stm32f429xx.o(RESET) refers to startup_stm32f429xx.o(STACK) for __initial_sp
    startup_stm32f429xx.o(RESET) refers to startup_stm32f429xx.o(.text) for Reset_Handler
    startup_stm32f429xx.o(RESET) refers to context_rvds.o(.text) for HardFault_Handler
    startup_stm32f429xx.o(RESET) refers to board.o(i.SysTick_Handler) for SysTick_Handler
    startup_stm32f429xx.o(RESET) refers to usart.o(i.USART1_IRQHandler) for USART1_IRQHandler
    startup_stm32f429xx.o(RESET) refers to sai.o(i.DMA2_Stream3_IRQHandler) for DMA2_Stream3_IRQHandler
    startup_stm32f429xx.o(RESET) refers to usbd_usr.o(i.OTG_FS_IRQHandler) for OTG_FS_IRQHandler
    startup_stm32f429xx.o(.text) refers to system_stm32f4xx.o(i.SystemInit) for SystemInit
    startup_stm32f429xx.o(.text) refers to entry.o(.ARM.Collect$$$$00000000) for __main
    task.o(i.OLED_Display_Task) refers to oled.o(i.Show_String) for Show_String
    task.o(i.OLED_Display_Task) refers to oled.o(i.OLED_Refresh_Gram) for OLED_Refresh_Gram
    task.o(i.OLED_Display_Task) refers to oled.o(i.BattChek) for BattChek
    task.o(i.OLED_Display_Task) refers to thread.o(i.rt_thread_delay) for rt_thread_delay
    task.o(i.Semaphore_init) refers to ipc.o(i.rt_mutex_create) for rt_mutex_create
    task.o(i.Semaphore_init) refers to task.o(.data) for .data
    task.o(i.Task_init) refers to thread.o(i.rt_thread_create) for rt_thread_create
    task.o(i.Task_init) refers to thread.o(i.rt_thread_startup) for rt_thread_startup
    task.o(i.Task_init) refers to task.o(i.Wav_Player_Task) for Wav_Player_Task
    task.o(i.Task_init) refers to task.o(.data) for .data
    task.o(i.Task_init) refers to task.o(i.USB_Transfer_Task) for USB_Transfer_Task
    task.o(i.Task_init) refers to task.o(i.OLED_Display_Task) for OLED_Display_Task
    task.o(i.USB_Transfer_Task) refers to sdio_sdcard.o(i.SD_Init) for SD_Init
    task.o(i.USB_Transfer_Task) refers to malloc.o(i.mymalloc) for mymalloc
    task.o(i.USB_Transfer_Task) refers to usbd_core.o(i.USBD_Init) for USBD_Init
    task.o(i.USB_Transfer_Task) refers to ipc.o(i.rt_mutex_take) for rt_mutex_take
    task.o(i.USB_Transfer_Task) refers to stm32f4xx_hal_gpio.o(i.HAL_GPIO_ReadPin) for HAL_GPIO_ReadPin
    task.o(i.USB_Transfer_Task) refers to thread.o(i.rt_thread_delay) for rt_thread_delay
    task.o(i.USB_Transfer_Task) refers to ipc.o(i.rt_mutex_release) for rt_mutex_release
    task.o(i.USB_Transfer_Task) refers to usb_bsp.o(i.usbd_CloseMassStorage) for usbd_CloseMassStorage
    task.o(i.USB_Transfer_Task) refers to malloc.o(i.myfree) for myfree
    task.o(i.USB_Transfer_Task) refers to usbd_msc_bot.o(.data) for MSC_BOT_Data
    task.o(i.USB_Transfer_Task) refers to task.o(.data) for .data
    task.o(i.USB_Transfer_Task) refers to usbd_usr.o(.data) for USR_cb
[...]
    __0printf$8                              0x080071e9   Thumb Code    22  printf8.o(i.__0printf$8)
    __1printf$8                              0x080071e9   Thumb Code     0  printf8.o(i.__0printf$8)
    __2printf                                0x080071e9   Thumb Code     0  printf8.o(i.__0printf$8)
    __rt_ffs                                 0x08007209   Thumb Code    66  kservice.o(i.__rt_ffs)
    __scatterload_copy                       0x08007251   Thumb Code    14  handlers.o(i.__scatterload_copy)
    __scatterload_null                       0x0800725f   Thumb Code     2  handlers.o(i.__scatterload_null)
    __scatterload_zeroinit                   0x08007261   Thumb Code    14  handlers.o(i.__scatterload_zeroinit)
    audio_play                               0x080077a9   Thumb Code   114  audioplay.o(i.audio_play)
    audio_start                              0x08007841   Thumb Code    10  audioplay.o(i.audio_start)
    audio_stop                               0x08007851   Thumb Code    10  audioplay.o(i.audio_stop)
    dir_sdi                                  0x0800838d   Thumb Code   166  ff.o(i.dir_sdi)
    disk_initialize                          0x08008433   Thumb Code    38  diskio.o(i.disk_initialize)
    disk_ioctl                               0x08008459   Thumb Code   144  diskio.o(i.disk_ioctl)
    disk_read                                0x080084ed   Thumb Code   100  diskio.o(i.disk_read)
    disk_status                              0x08008551   Thumb Code     4  diskio.o(i.disk_status)
    disk_write                               0x08008555   Thumb Code   100  diskio.o(i.disk_write)
    exfuns_init                              0x080085b9   Thumb Code    92  exfuns.o(i.exfuns_init)
    f_close                                  0x0800861d   Thumb Code    32  ff.o(i.f_close)
    f_lseek                                  0x0800863d   Thumb Code   796  ff.o(i.f_lseek)
    f_mount                                  0x08008959   Thumb Code    72  ff.o(i.f_mount)
    f_open                                   0x080089a5   Thumb Code   648  ff.o(i.f_open)
    f_opendir                                0x08008c2d   Thumb Code   220  ff.o(i.f_opendir)
    f_read                                   0x08008d09   Thumb Code   424  ff.o(i.f_read)
    f_readdir                                0x08008eb1   Thumb Code   122  ff.o(i.f_readdir)
    f_sync                                   0x08008f2b   Thumb Code   348  ff.o(i.f_sync)
    ff_convert                               0x08009089   Thumb Code   112  mycc936.o(i.ff_convert)
    ff_memalloc                              0x080090fd   Thumb Code     8  diskio.o(i.ff_memalloc)
    ff_memfree                               0x08009105   Thumb Code     8  diskio.o(i.ff_memfree)
    ff_wtoupper                              0x0800910d   Thumb Code    34  mycc936.o(i.ff_wtoupper)
    font_init                                0x08009645   Thumb Code    60  fontupd.o(i.font_init)
    fputc                                    0x08009685   Thumb Code    14  usart.o(i.fputc)
    get_fattime                              0x0800985d   Thumb Code     4  diskio.o(i.get_fattime)
    $Super$$main                             0x08009bd9   Thumb Code    36  main.o(i.main)
    main_thread_entry                        0x08009c11   Thumb Code    14  components.o(i.main_thread_entry)
    my_mem_free                              0x08009c89   Thumb Code    82  malloc.o(i.my_mem_free)
    my_mem_init                              0x08009ce5   Thumb Code    36  malloc.o(i.my_mem_init)
    my_mem_malloc                            0x08009d11   Thumb Code   144  malloc.o(i.my_mem_malloc)
    my_mem_perused                           0x08009da9   Thumb Code    50  malloc.o(i.my_mem_perused)
    myfree                                   0x08009de5   Thumb Code    20  malloc.o(i.myfree)
    mymalloc                                 0x08009dfd   Thumb Code    30  malloc.o(i.mymalloc)
    mymemset                                 0x08009e21   Thumb Code    14  malloc.o(i.mymemset)
    rt_application_init                      0x0800a2ad   Thumb Code    30  components.o(i.rt_application_init)
    rt_components_board_init                 0x0800a2d9   Thumb Code    20  components.o(i.rt_components_board_init)
    rt_components_init                       0x0800a2f5   Thumb Code    20  components.o(i.rt_components_init)
    rt_enter_critical                        0x0800a311   Thumb Code    22  scheduler.o(i.rt_enter_critical)
    rt_exit_critical                         0x0800a32d   Thumb Code    52  scheduler.o(i.rt_exit_critical)
    rt_free                                  0x0800a365   Thumb Code   112  mem.o(i.rt_free)
    rt_heap_begin_get                        0x0800a429   Thumb Code     4  board.o(i.rt_heap_begin_get)
    rt_heap_end_get                          0x0800a431   Thumb Code     4  board.o(i.rt_heap_end_get)
    rt_hw_board_init                         0x0800a439   Thumb Code    82  board.o(i.rt_hw_board_init)
    rt_hw_console_output                     0x0800a491   Thumb Code     2  board.o(i.rt_hw_console_output)
    rt_hw_hard_fault_exception               0x0800a495   Thumb Code   194  cpuport.o(i.rt_hw_hard_fault_exception)
    rt_hw_stack_init                         0x0800a6a9   Thumb Code    58  cpuport.o(i.rt_hw_stack_init)
    rt_interrupt_enter                       0x0800a6e9   Thumb Code    22  irq.o(i.rt_interrupt_enter)
    rt_interrupt_leave                       0x0800a705   Thumb Code    22  irq.o(i.rt_interrupt_leave)
    rt_kprintf                               0x0800a78d   Thumb Code    30  kservice.o(i.rt_kprintf)
    rt_malloc                                0x0800a829   Thumb Code   252  mem.o(i.rt_malloc)
    rt_memset                                0x0800a92d   Thumb Code    70  kservice.o(i.rt_memset)
    rt_mutex_create                          0x0800a973   Thumb Code    42  ipc.o(i.rt_mutex_create)
    rt_mutex_release                         0x0800a99d   Thumb Code   146  ipc.o(i.rt_mutex_release)
    rt_mutex_take                            0x0800aa2f   Thumb Code   184  ipc.o(i.rt_mutex_take)
    rt_object_allocate                       0x0800aae7   Thumb Code    84  object.o(i.rt_object_allocate)
    rt_object_delete                         0x0800ab3b   Thumb Code    38  object.o(i.rt_object_delete)
    rt_object_detach                         0x0800ab61   Thumb Code    32  object.o(i.rt_object_detach)
    rt_object_get_information                0x0800ab81   Thumb Code    30  object.o(i.rt_object_get_information)
    rt_object_init                           0x0800aba5   Thumb Code    80  object.o(i.rt_object_init)
    rt_object_is_systemobject                0x0800abf5   Thumb Code    14  object.o(i.rt_object_is_systemobject)
    rt_schedule                              0x0800ac05   Thumb Code    82  scheduler.o(i.rt_schedule)
    rt_schedule_insert_thread                0x0800ac65   Thumb Code    68  scheduler.o(i.rt_schedule_insert_thread)
    rt_schedule_remove_thread                0x0800acb1   Thumb Code    74  scheduler.o(i.rt_schedule_remove_thread)
    rt_sem_init                              0x0800ad05   Thumb Code    38  ipc.o(i.rt_sem_init)
    rt_sem_release                           0x0800ad2b   Thumb Code    64  ipc.o(i.rt_sem_release)
    rt_sem_take                              0x0800ad6b   Thumb Code   110  ipc.o(i.rt_sem_take)
    rt_show_version                          0x0800add9   Thumb Code    40  kservice.o(i.rt_show_version)
    rt_strlen                                0x0800ae89   Thumb Code    16  kservice.o(i.rt_strlen)
    rt_strncpy                               0x0800ae99   Thumb Code    38  kservice.o(i.rt_strncpy)
    rt_system_heap_init                      0x0800aec1   Thumb Code   100  mem.o(i.rt_system_heap_init)
    rt_system_scheduler_init                 0x0800af71   Thumb Code    44  scheduler.o(i.rt_system_scheduler_init)
    rt_system_scheduler_start                0x0800afa5   Thumb Code    32  scheduler.o(i.rt_system_scheduler_start)
    rt_system_timer_init                     0x0800afcd   Thumb Code    20  timer.o(i.rt_system_timer_init)
    rt_system_timer_thread_init              0x0800afe5   Thumb Code     2  timer.o(i.rt_system_timer_thread_init)
    rt_thread_control                        0x0800afe7   Thumb Code   106  thread.o(i.rt_thread_control)
    rt_thread_create                         0x0800b051   Thumb Code    76  thread.o(i.rt_thread_create)
    rt_thread_delay                          0x0800b09d   Thumb Code     4  thread.o(i.rt_thread_delay)
    rt_thread_delete                         0x0800b0a1   Thumb Code    58  thread.o(i.rt_thread_delete)
    rt_thread_exit                           0x0800b0e1   Thumb Code    78  thread.o(i.rt_thread_exit)
    rt_thread_idle_excute                    0x0800b141   Thumb Code   124  idle.o(i.rt_thread_idle_excute)
    rt_thread_idle_init                      0x0800b1c1   Thumb Code    46  idle.o(i.rt_thread_idle_init)
    rt_thread_init                           0x0800b201   Thumb Code    56  thread.o(i.rt_thread_init)
    rt_thread_resume                         0x0800b239   Thumb Code    60  thread.o(i.rt_thread_resume)
    rt_thread_self                           0x0800b275   Thumb Code     6  thread.o(i.rt_thread_self)
    rt_thread_sleep                          0x0800b281   Thumb Code    60  thread.o(i.rt_thread_sleep)
    rt_thread_startup                        0x0800b2c1   Thumb Code    38  thread.o(i.rt_thread_startup)
    rt_thread_suspend                        0x0800b2e7   Thumb Code    66  thread.o(i.rt_thread_suspend)
    rt_thread_timeout                        0x0800b329   Thumb Code    32  thread.o(i.rt_thread_timeout)
    rt_thread_yield                          0x0800b349   Thumb Code    88  thread.o(i.rt_thread_yield)
    rt_tick_get                              0x0800b3a9   Thumb Code     6  clock.o(i.rt_tick_get)
    rt_tick_increase                         0x0800b3b5   Thumb Code    38  clock.o(i.rt_tick_increase)
    rt_timer_check                           0x0800b3e1   Thumb Code   102  timer.o(i.rt_timer_check)
    rt_timer_control                         0x0800b44d   Thumb Code    52  timer.o(i.rt_timer_control)
    rt_timer_detach                          0x0800b481   Thumb Code    32  timer.o(i.rt_timer_detach)
    rt_timer_init                            0x0800b4a1   Thumb Code    42  timer.o(i.rt_timer_init)
    rt_timer_start                           0x0800b4cd   Thumb Code   208  timer.o(i.rt_timer_start)
    rt_timer_stop                            0x0800b5a1   Thumb Code    46  timer.o(i.rt_timer_stop)
    rt_vsnprintf                             0x0800b5d1   Thumb Code   654  kservice.o(i.rt_vsnprintf)
    rtthread_startup                         0x0800b879   Thumb Code    42  components.o(i.rtthread_startup)
    uart_init                                0x0800bab1   Thumb Code    44  usart.o(i.uart_init)
    updata_fontx                             0x0800bae9   Thumb Code   248  fontupd.o(i.updata_fontx)
    update_font                              0x0800bbe9   Thumb Code   316  fontupd.o(i.update_font)
    usbd_CloseMassStorage                    0x0800bd2d   Thumb Code    14  usb_bsp.o(i.usbd_CloseMassStorage)
    wav_buffill                              0x0800bd71   Thumb Code   110  wavplay.o(i.wav_buffill)
    wav_decode_init                          0x0800bde5   Thumb Code   198  wavplay.o(i.wav_decode_init)
    wav_play_song                            0x0800bebd   Thumb Code   354  wavplay.o(i.wav_play_song)
    wav_sai_dma_tx_callback                  0x0800c035   Thumb Code    70  wavplay.o(i.wav_sai_dma_tx_callback)
    SAI_PSC_TBL                              0x0800c104   Data         110  sai.o(.constdata)
    asc2_1206                                0x0800c172   Data        1140  oled.o(.constdata)
    asc2_1608                                0x0800c5e6   Data        1520  oled.o(.constdata)
    asc2_2412                                0x0800cbd6   Data        3420  oled.o(.constdata)
    GBK_PATH                                 0x0800d934   Data          20  fontupd.o(.constdata)
    memtblsize                               0x0800dd54   Data          12  malloc.o(.constdata)
    memblksize                               0x0800dd60   Data          12  malloc.o(.constdata)
    memsize                                  0x0800dd6c   Data          12  malloc.o(.constdata)
    APBAHBPrescTable                         0x0800dd80   Data          16  stm32f4xx_hal_rcc.o(.constdata)
    MSC_Page00_Inquiry_Data                  0x0800dd90   Data           7  usbd_msc_data.o(.constdata)
    MSC_Mode_Sense6_data                     0x0800dd97   Data           8  usbd_msc_data.o(.constdata)
    MSC_Mode_Sense10_data                    0x0800dd9f   Data           8  usbd_msc_data.o(.constdata)
    STORAGE_Inquirydata                      0x0800dda7   Data         108  usbd_storage_msd.o(.constdata)
    __lowest_bit_bitmap                      0x0800de13   Data         256  kservice.o(.constdata)
    __rt_init_rti_start                      0x0800dfb0   Data           4  components.o(.rti_fn.0)
    __rt_init_rti_board_start                0x0800dfb4   Data           4  components.o(.rti_fn.0.end)
    __rt_init_rti_board_end                  0x0800dfb8   Data           4  components.o(.rti_fn.1.end)
    __rt_init_rti_end                        0x0800dfbc   Data           4  components.o(.rti_fn.6.end)
    Region$$Table$$Base                      0x0800dfc0   Number         0  anon$$obj.o(Region$$Table)
    Region$$Table$$Limit                     0x0800dfe0   Number         0  anon$$obj.o(Region$$Table)
    mem3base                                 0x10000000   Data       61440  malloc.o(.ARM.__AT_0x10000000)
    mem3mapbase                              0x1000f000   Data        3840  malloc.o(.ARM.__AT_0x1000F000)
    SystemCoreClock                          0x20000004   Data           4  system_stm32f4xx.o(.data)
    AHBPrescTable                            0x20000008   Data          16  system_stm32f4xx.o(.data)
    W25QXX_TYPE                              0x2000009c   Data           2  w25qxx.o(.data)
    sai_tx_callback                          0x200000a0   Data           4  sai.o(.data)
    aRxBuffer                                0x200000a4   Data           1  usart.o(.data)
    USART_RX_STA                             0x200000a6   Data           2  usart.o(.data)
    __stdout                                 0x200000a8   Data           4  usart.o(.data)
    wavtransferend                           0x200000ac   Data           1  wavplay.o(.data)
    wavwitchbuf                              0x200000ad   Data           1  wavplay.o(.data)
    battcapacity                             0x200000ae   Data           1  oled.o(.data)
    file                                     0x200000b4   Data           4  exfuns.o(.data)
    ftemp                                    0x200000b8   Data           4  exfuns.o(.data)
    fatbuf                                   0x200000bc   Data           4  exfuns.o(.data)
    mallco_dev                               0x200000c4   Data          36  malloc.o(.data)
    USBD_DCD_INT_cb                          0x200000ec   Data          44  usbd_core.o(.data)
    USBD_DCD_INT_fops                        0x20000118   Data           4  usbd_core.o(.data)
    SET_TEST_MODE                            0x2000011c   Data           4  usbd_core.o(.data)
    USBD_ep_status                           0x20000124   Data           4  usbd_req.o(.data)
    USBD_default_cfg                         0x20000128   Data           4  usbd_req.o(.data)
    USBD_cfg_status                          0x2000012c   Data           4  usbd_req.o(.data)
    MSC_BOT_State                            0x20000130   Data           1  usbd_msc_bot.o(.data)
    MSC_BOT_Status                           0x20000131   Data           1  usbd_msc_bot.o(.data)
    MSC_BOT_DataLen                          0x20000132   Data           2  usbd_msc_bot.o(.data)
    MSC_BOT_Data                             0x20000134   Data           4  usbd_msc_bot.o(.data)
    USBD_MSC_cb                              0x20000138   Data          44  usbd_msc_core.o(.data)
    USBD_MSC_MaxLun                          0x20000164   Data           1  usbd_msc_core.o(.data)
    USBD_MSC_CfgDesc                         0x2000016c   Data          32  usbd_msc_core.o(.data)
    SCSI_Sense_Head                          0x20000190   Data           1  usbd_msc_scsi.o(.data)
    SCSI_Sense_Tail                          0x20000191   Data           1  usbd_msc_scsi.o(.data)
    SCSI_blk_size                            0x20000194   Data           4  usbd_msc_scsi.o(.data)
    SCSI_blk_len                             0x20000198   Data           4  usbd_msc_scsi.o(.data)
    cdev                                     0x2000019c   Data           4  usbd_msc_scsi.o(.data)
    SCSI_blk_addr                            0x200001a0   Data           8  usbd_msc_scsi.o(.data)
    USR_desc                                 0x200001a8   Data          28  usbd_desc.o(.data)
    USBD_LangIDDesc                          0x200001c4   Data           4  usbd_desc.o(.data)
    USBD_DeviceDesc                          0x200001c8   Data          18  usbd_desc.o(.data)
    USBD_StringSerial                        0x200001da   Data          26  usbd_desc.o(.data)
    USB_STATUS_REG                           0x200001f4   Data           1  usbd_storage_msd.o(.data)
    USBD_MICRO_SDIO_fops                     0x200001f8   Data          32  usbd_storage_msd.o(.data)
    USBD_STORAGE_fops                        0x20000218   Data           4  usbd_storage_msd.o(.data)
    bDeviceState                             0x2000021c   Data           1  usbd_usr.o(.data)
    USR_cb                                   0x20000220   Data          28  usbd_usr.o(.data)
    rt_interrupt_from_thread                 0x20000240   Data           4  cpuport.o(.data)
    rt_interrupt_to_thread                   0x20000244   Data           4  cpuport.o(.data)
    rt_thread_switch_interrupt_flag          0x20000248   Data           4  cpuport.o(.data)
    rt_interrupt_nest                        0x20000250   Data           1  irq.o(.data)
    rt_current_priority                      0x200002bc   Data           1  scheduler.o(.data)
    rt_current_thread                        0x200002c0   Data           4  scheduler.o(.data)
    rt_thread_ready_priority_group           0x200002c4   Data           4  scheduler.o(.data)
    rt_thread_defunct                        0x200002c8   Data           8  scheduler.o(.data)
    USB_OTG_dev                              0x200002dc   Data        1524  task.o(.bss)
    W25QXX_BUFFER                            0x200008d0   Data        4096  w25qxx.o(.bss)
    SPI1_Handler                             0x200018d0   Data          88  spi.o(.bss)
    SDCARD_Handler                           0x20001928   Data          96  sdio_sdcard.o(.bss)
    SDCardInfo                               0x20001988   Data          88  sdio_sdcard.o(.bss)
    SDIO_DATA_BUFFER                         0x200019e0   Data         512  sdio_sdcard.o(.bss)
    SAI1A_Handler                            0x20001be0   Data         136  sai.o(.bss)
    SAI1_TXDMA_Handler                       0x20001c68   Data          88  sai.o(.bss)
    USART_RX_BUF                             0x20001cc0   Data         200  usart.o(.bss)
    UART1_Handler                            0x20001d88   Data          64  usart.o(.bss)
    wavctrl                                  0x20001dc8   Data          32  wavplay.o(.bss)
    audiodev                                 0x20001de8   Data          17  audioplay.o(.bss)
    OLED_GRAM                                0x20001df9   Data        1024  oled.o(.bss)
    ftinfo                                   0x200021f9   Data          41  fontupd.o(.bss)
    fs                                       0x20002224   Data          12  exfuns.o(.bss)
    mem1base                                 0x20002240   Data       163840  malloc.o(.bss)
    mem1mapbase                              0x2002a240   Data       10240  malloc.o(.bss)
    MSC_BOT_cbw                              0x2002ca40   Data          32  usbd_msc_bot.o(.bss)
    MSC_BOT_csw                              0x2002ca60   Data          16  usbd_msc_bot.o(.bss)
    SCSI_Sense                               0x2002ca70   Data          32  usbd_msc_scsi.o(.bss)
    SCSI_blk_nbr                             0x2002ca90   Data          12  usbd_msc_scsi.o(.bss)
    USBD_StrDesc                             0x2002ca9c   Data          64  usbd_desc.o(.bss)
    rt_thread_priority_table                 0x2002ccf4   Data          64  scheduler.o(.bss)
    __initial_sp                             0x2002fd38   Data           0  startup_stm32f429xx.o(STACK)
    mem2base                                 0xc01f4000   Data       29605888  malloc.o(.ARM.__AT_0xC01F4000)
    mem2mapbase                              0xc1e30000   Data       1850368  malloc.o(.ARM.__AT_0xC1E30000)



==============================================================================

Memory Map of the image

  Image Entry point : 0x080001ad

  Load Region LR_IROM1 (Base: 0x08000000, Size: 0x0000e2bc, Max: 0x00080000, ABSOLUTE, COMPRESSED[0x0000e134])

    Execution Region ER_IROM1 (Exec base: 0x08000000, Load base: 0x08000000, Size: 0x0000dfe0, Max: 0x00080000, ABSOLUTE)

    Exec Addr    Load Addr    Size         Type   Attr      Idx    E Section Name        Object

    0x08000000   0x08000000   0x000001ac   Data   RO          405    RESET               startup_stm32f429xx.o
    0x080001ac   0x080001ac   0x00000000   Code   RO         7346  * .ARM.Collect$$$$00000000  mc_w.l(entry.o)
    0x080001ac   0x080001ac   0x00000004   Code   RO         7628    .ARM.Collect$$$$00000001  mc_w.l(entry2.o)
    0x080001b0   0x080001b0   0x00000004   Code   RO         7631    .ARM.Collect$$$$00000004  mc_w.l(entry5.o)
    0x080001b4   0x080001b4   0x00000000   Code   RO         7633    .ARM.Collect$$$$00000008  mc_w.l(entry7b.o)
    0x080001b4   0x080001b4   0x00000000   Code   RO         7635    .ARM.Collect$$$$0000000A  mc_w.l(entry8b.o)
    0x080001b4   0x080001b4   0x00000008   Code   RO         7636    .ARM.Collect$$$$0000000B  mc_w.l(entry9a.o)
    0x080001bc   0x080001bc   0x00000000   Code   RO         7638    .ARM.Collect$$$$0000000D  mc_w.l(entry10a.o)
    0x080001bc   0x080001bc   0x00000000   Code   RO         7640    .ARM.Collect$$$$0000000F  mc_w.l(entry11a.o)
    0x080001bc   0x080001bc   0x00000004   Code   RO         7629    .ARM.Collect$$$$00002712  mc_w.l(entry2.o)
    0x080001c0   0x080001c0   0x00000024   Code   RO          406    .text               startup_stm32f429xx.o
    0x080001e4   0x080001e4   0x00000134   Code   RO         6313    .text               context_rvds.o
    0x08000318   0x08000318   0x00000062   Code   RO         7349    .text               mc_w.l(uldiv.o)
    0x0800037a   0x0800037a   0x00000024   Code   RO         7353    .text               mc_w.l(memcpya.o)
    0x0800039e   0x0800039e   0x00000018   Code   RO         7357    .text               mc_w.l(strcat.o)
    0x080003b6   0x080003b6   0x0000000e   Code   RO         7359    .text               mc_w.l(strlen.o)
    0x080003c4   0x080003c4   0x00000012   Code   RO         7363    .text               mc_w.l(strcpy.o)
    0x080003d6   0x080003d6   0x0000001e   Code   RO         7644    .text               mc_w.l(llshl.o)
    0x080003f4   0x080003f4   0x00000020   Code   RO         7646    .text               mc_w.l(llushr.o)
    0x08000414   0x08000414   0x00000024   Code   RO         7659    .text               mc_w.l(init.o)
    0x08000438   0x08000438   0x00000056   Code   RO         7673    .text               mc_w.l(__dczerorl2.o)
    0x0800048e   0x0800048e   0x0000000a   Code   RO         6400    i.$Sub$$main        components.o
    0x08000498   0x08000498   0x00000118   Code   RO          512    i.ALL_GPIO_init     gpioconfig.o
    0x080005b0   0x080005b0   0x000000b4   Code   RO            4    i.ALL_Init          main.o
    0x08000664   0x08000664   0x00000020   Code   RO            5    i.Application       main.o
    0x08000684   0x08000684   0x0000016c   Code   RO         1233    i.BattChek          oled.o
    0x080007f0   0x080007f0   0x00000010   Code   RO         5294    i.DCD_DevDisconnect  usb_dcd.o
    0x08000800   0x08000800   0x0000002c   Code   RO         5295    i.DCD_EP_Close      usb_dcd.o
    0x0800082c   0x0800082c   0x00000038   Code   RO         5296    i.DCD_EP_ClrStall   usb_dcd.o
    0x08000864   0x08000864   0x00000018   Code   RO         5297    i.DCD_EP_Flush      usb_dcd.o
    0x0800087c   0x0800087c   0x0000003c   Code   RO         5298    i.DCD_EP_Open       usb_dcd.o
    0x080008b8   0x080008b8   0x00000038   Code   RO         5299    i.DCD_EP_PrepareRx  usb_dcd.o
    0x080008f0   0x080008f0   0x00000010   Code   RO         5300    i.DCD_EP_SetAddress  usb_dcd.o
    0x08000900   0x08000900   0x00000038   Code   RO         5301    i.DCD_EP_Stall      usb_dcd.o
    0x08000938   0x08000938   0x00000034   Code   RO         5302    i.DCD_EP_Tx         usb_dcd.o
    0x0800096c   0x0800096c   0x0000005c   Code   RO         5389    i.DCD_HandleEnumDone_ISR  usb_dcd_int.o
    0x080009c8   0x080009c8   0x000000c8   Code   RO         5390    i.DCD_HandleInEP_ISR  usb_dcd_int.o
    0x08000a90   0x08000a90   0x000000b8   Code   RO         5391    i.DCD_HandleOutEP_ISR  usb_dcd_int.o
    0x08000b48   0x08000b48   0x00000040   Code   RO         5392    i.DCD_HandleResume_ISR  usb_dcd_int.o
    0x08000b88   0x08000b88   0x00000086   Code   RO         5393    i.DCD_HandleRxStatusQueueLevel_ISR  usb_dcd_int.o
    0x08000c0e   0x08000c0e   0x00000002   PAD
    0x08000c10   0x08000c10   0x0000001c   Code   RO         5394    i.DCD_HandleSof_ISR  usb_dcd_int.o
    0x08000c2c   0x08000c2c   0x00000074   Code   RO         5395    i.DCD_HandleUSBSuspend_ISR  usb_dcd_int.o
    0x08000ca0   0x08000ca0   0x000000a4   Code   RO         5396    i.DCD_HandleUsbReset_ISR  usb_dcd_int.o
    0x08000d44   0x08000d44   0x00000088   Code   RO         5304    i.DCD_Init          usb_dcd.o
    0x08000dcc   0x08000dcc   0x00000020   Code   RO         5397    i.DCD_IsoINIncomplete_ISR  usb_dcd_int.o
    0x08000dec   0x08000dec   0x00000020   Code   RO         5398    i.DCD_IsoOUTIncomplete_ISR  usb_dcd_int.o
    0x08000e0c   0x08000e0c   0x0000001c   Code   RO         5399    i.DCD_ReadDevInEP   usb_dcd_int.o
    0x08000e28   0x08000e28   0x00000098   Code   RO         5400    i.DCD_WriteEmptyTxFifo  usb_dcd_int.o
    0x08000ec0   0x08000ec0   0x0000008c   Code   RO          902    i.DMA2_Stream3_IRQHandler  sai.o
    0x08000f4c   0x08000f4c   0x0000002c   Code   RO         2573    i.DMA_CalcBaseAndBitshift  stm32f4xx_hal_dma.o
    0x08000f78   0x08000f78   0x00000020   Code   RO         2656    i.DMA_MultiBufferSetConfig  stm32f4xx_hal_dma_ex.o
    0x08000f98   0x08000f98   0x000000ac   Code   RO         1414    i.Get_HzMat         text.o
    0x08001044   0x08001044   0x00000038   Code   RO         6092    i.Get_SerialNum     usbd_desc.o
    0x0800107c   0x0800107c   0x00000060   Code   RO         2658    i.HAL_DMAEx_MultiBufferStart  stm32f4xx_hal_dma_ex.o
    0x080010dc   0x080010dc   0x0000005a   Code   RO         2576    i.HAL_DMA_DeInit    stm32f4xx_hal_dma.o
    0x08001136   0x08001136   0x00000002   PAD
    0x08001138   0x08001138   0x0000007c   Code   RO         2580    i.HAL_DMA_Init      stm32f4xx_hal_dma.o
    0x080011b4   0x080011b4   0x000001e0   Code   RO         2986    i.HAL_GPIO_Init     stm32f4xx_hal_gpio.o
    0x08001394   0x08001394   0x0000000e   Code   RO         2988    i.HAL_GPIO_ReadPin  stm32f4xx_hal_gpio.o
    0x080013a2   0x080013a2   0x0000000e   Code   RO         2990    i.HAL_GPIO_WritePin  stm32f4xx_hal_gpio.o
    0x080013b0   0x080013b0   0x0000000c   Code   RO         2307    i.HAL_GetTick       stm32f4xx_hal.o
    0x080013bc   0x080013bc   0x00000034   Code   RO         2309    i.HAL_Init          stm32f4xx_hal.o
    0x080013f0   0x080013f0   0x00000022   Code   RO         2310    i.HAL_InitTick      stm32f4xx_hal.o
    0x08001412   0x08001412   0x00000008   Code   RO         2312    i.HAL_MspInit       stm32f4xx_hal.o
    0x0800141a   0x0800141a   0x00000016   Code   RO         2452    i.HAL_NVIC_DisableIRQ  stm32f4xx_hal_cortex.o
    0x08001430   0x08001430   0x00000016   Code   RO         2453    i.HAL_NVIC_EnableIRQ  stm32f4xx_hal_cortex.o
    0x08001446   0x08001446   0x00000002   PAD
    0x08001448   0x08001448   0x00000040   Code   RO         2459    i.HAL_NVIC_SetPriority  stm32f4xx_hal_cortex.o
    0x08001488   0x08001488   0x00000024   Code   RO         2460    i.HAL_NVIC_SetPriorityGrouping  stm32f4xx_hal_cortex.o
    0x080014ac   0x080014ac   0x0000008c   Code   RO         3223    i.HAL_PWREx_EnableOverDrive  stm32f4xx_hal_pwr_ex.o
    0x08001538   0x08001538   0x000002b8   Code   RO         3413    i.HAL_RCCEx_PeriphCLKConfig  stm32f4xx_hal_rcc_ex.o
    0x080017f0   0x080017f0   0x00000238   Code   RO         3308    i.HAL_RCC_ClockConfig  stm32f4xx_hal_rcc.o
    0x08001a28   0x08001a28   0x00000034   Code   RO         3313    i.HAL_RCC_GetHCLKFreq  stm32f4xx_hal_rcc.o
    0x08001a5c   0x08001a5c   0x0000002c   Code   RO         3315    i.HAL_RCC_GetPCLK1Freq  stm32f4xx_hal_rcc.o
    0x08001a88   0x08001a88   0x0000002c   Code   RO         3316    i.HAL_RCC_GetPCLK2Freq  stm32f4xx_hal_rcc.o
    0x08001ab4   0x08001ab4   0x00000084   Code   RO         3317    i.HAL_RCC_GetSysClockFreq  stm32f4xx_hal_rcc.o
    0x08001b38   0x08001b38   0x00000358   Code   RO         3320    i.HAL_RCC_OscConfig  stm32f4xx_hal_rcc.o
    0x08001e90   0x08001e90   0x00000040   Code   RO         3452    i.HAL_SAI_DeInit    stm32f4xx_hal_sai.o
    0x08001ed0   0x08001ed0   0x00000002   Code   RO         3457    i.HAL_SAI_ErrorCallback  stm32f4xx_hal_sai.o
    0x08001ed2   0x08001ed2   0x00000002   PAD
    0x08001ed4   0x08001ed4   0x00000128   Code   RO         3461    i.HAL_SAI_Init      stm32f4xx_hal_sai.o
    0x08001ffc   0x08001ffc   0x00000002   Code   RO         3463    i.HAL_SAI_MspDeInit  stm32f4xx_hal_sai.o
    0x08001ffe   0x08001ffe   0x00000002   PAD
    0x08002000   0x08002000   0x00000054   Code   RO          903    i.HAL_SAI_MspInit   sai.o
    0x08002054   0x08002054   0x0000029a   Code   RO         3748    i.HAL_SD_Get_CardInfo  stm32f4xx_hal_sd.o
    0x080022ee   0x080022ee   0x00000094   Code   RO         3751    i.HAL_SD_Init       stm32f4xx_hal_sd.o
    0x08002382   0x08002382   0x00000002   PAD
    0x08002384   0x08002384   0x00000084   Code   RO          846    i.HAL_SD_MspInit    sdio_sdcard.o
    0x08002408   0x08002408   0x0000018c   Code   RO         3754    i.HAL_SD_ReadBlocks  stm32f4xx_hal_sd.o
    0x08002594   0x08002594   0x0000002c   Code   RO         3757    i.HAL_SD_StopTransfer  stm32f4xx_hal_sd.o
    0x080025c0   0x080025c0   0x0000007a   Code   RO         3758    i.HAL_SD_WideBusOperation_Config  stm32f4xx_hal_sd.o
    0x0800263a   0x0800263a   0x00000204   Code   RO         3759    i.HAL_SD_WriteBlocks  stm32f4xx_hal_sd.o
    0x0800283e   0x0800283e   0x00000086   Code   RO         4186    i.HAL_SPI_Init      stm32f4xx_hal_spi.o
    0x080028c4   0x080028c4   0x00000050   Code   RO          798    i.HAL_SPI_MspInit   spi.o
    0x08002914   0x08002914   0x000002f6   Code   RO         4195    i.HAL_SPI_TransmitReceive  stm32f4xx_hal_spi.o
    0x08002c0a   0x08002c0a   0x0000001c   Code   RO         2462    i.HAL_SYSTICK_CLKSourceConfig  stm32f4xx_hal_cortex.o
    0x08002c26   0x08002c26   0x00000028   Code   RO         2464    i.HAL_SYSTICK_Config  stm32f4xx_hal_cortex.o
    0x08002c4e   0x08002c4e   0x00000002   Code   RO         4434    i.HAL_UART_ErrorCallback  stm32f4xx_hal_uart.o
    0x08002c50   0x08002c50   0x00000006   Code   RO         4436    i.HAL_UART_GetState  stm32f4xx_hal_uart.o
    0x08002c56   0x08002c56   0x000000da   Code   RO         4437    i.HAL_UART_IRQHandler  stm32f4xx_hal_uart.o
    0x08002d30   0x08002d30   0x00000060   Code   RO         4438    i.HAL_UART_Init     stm32f4xx_hal_uart.o
    0x08002d90   0x08002d90   0x0000007c   Code   RO          976    i.HAL_UART_MspInit  usart.o
    0x08002e0c   0x08002e0c   0x00000070   Code   RO         4443    i.HAL_UART_Receive_IT  stm32f4xx_hal_uart.o
    0x08002e7c   0x08002e7c   0x0000005c   Code   RO          977    i.HAL_UART_RxCpltCallback  usart.o
    0x08002ed8   0x08002ed8   0x00000002   Code   RO         4449    i.HAL_UART_TxCpltCallback  stm32f4xx_hal_uart.o
    0x08002eda   0x08002eda   0x00000002   PAD
    0x08002edc   0x08002edc   0x00000044   Code   RO         1043    i.IIC_Init          myiic.o
    0x08002f20   0x08002f20   0x00000044   Code   RO         1046    i.IIC_Send_Byte     myiic.o
    0x08002f64   0x08002f64   0x0000002c   Code   RO         1047    i.IIC_Start         myiic.o
    0x08002f90   0x08002f90   0x0000002c   Code   RO         1048    i.IIC_Stop          myiic.o
    0x08002fbc   0x08002fbc   0x00000048   Code   RO         1049    i.IIC_Wait_Ack      myiic.o
    0x08003004   0x08003004   0x0000003a   Code   RO         6093    i.IntToUnicode      usbd_desc.o
    0x0800303e   0x0800303e   0x00000002   PAD
    0x08003040   0x08003040   0x00000048   Code   RO         5735    i.MSC_BOT_Abort     usbd_msc_bot.o
    0x08003088   0x08003088   0x000000a8   Code   RO         5736    i.MSC_BOT_CBW_Decode  usbd_msc_bot.o
    0x08003130   0x08003130   0x0000002c   Code   RO         5737    i.MSC_BOT_CplClrFeature  usbd_msc_bot.o
    0x0800315c   0x0800315c   0x00000048   Code   RO         5738    i.MSC_BOT_DataIn    usbd_msc_bot.o
    0x080031a4   0x080031a4   0x00000044   Code   RO         5739    i.MSC_BOT_DataOut   usbd_msc_bot.o
    0x080031e8   0x080031e8   0x0000000c   Code   RO         5740    i.MSC_BOT_DeInit    usbd_msc_bot.o
    0x080031f4   0x080031f4   0x00000044   Code   RO         5741    i.MSC_BOT_Init      usbd_msc_bot.o
    0x08003238   0x08003238   0x0000001c   Code   RO         5742    i.MSC_BOT_Reset     usbd_msc_bot.o
    0x08003254   0x08003254   0x0000003c   Code   RO         5743    i.MSC_BOT_SendCSW   usbd_msc_bot.o
    0x08003290   0x08003290   0x00000038   Code   RO         5744    i.MSC_BOT_SendData  usbd_msc_bot.o
    0x080032c8   0x080032c8   0x00000020   Code   RO         2466    i.NVIC_SetPriority  stm32f4xx_hal_cortex.o
    0x080032e8   0x080032e8   0x0000002c   Code   RO         1234    i.OLED_Clear        oled.o
    0x08003314   0x08003314   0x00000030   Code   RO          413    i.OLED_Display_Task  task.o
    0x08003344   0x08003344   0x0000009a   Code   RO         1237    i.OLED_DrawLine     oled.o
    0x080033de   0x080033de   0x00000002   PAD
    0x080033e0   0x080033e0   0x0000003c   Code   RO         1238    i.OLED_DrawPoint    oled.o
    0x0800341c   0x0800341c   0x0000004a   Code   RO         1239    i.OLED_DrawRectangle  oled.o
    0x08003466   0x08003466   0x00000038   Code   RO         1240    i.OLED_Fill         oled.o
    0x0800349e   0x0800349e   0x00000002   PAD
    0x080034a0   0x080034a0   0x00000160   Code   RO         1241    i.OLED_Init         oled.o
    0x08003600   0x08003600   0x00000048   Code   RO         1242    i.OLED_Refresh_Gram  oled.o
    0x08003648   0x08003648   0x00000048   Code   RO         1246    i.OLED_WR_Byte      oled.o
    0x08003690   0x08003690   0x0000000c   Code   RO         6241    i.OTG_FS_IRQHandler  usbd_usr.o
    0x0800369c   0x0800369c   0x00000010   Code   RO          904    i.SAIA_DMA_Enable   sai.o
    0x080036ac   0x080036ac   0x00000074   Code   RO          905    i.SAIA_Init         sai.o
    0x08003720   0x08003720   0x00000090   Code   RO          906    i.SAIA_SampleRate_Set  sai.o
    0x080037b0   0x080037b0   0x000000f8   Code   RO          907    i.SAIA_TX_DMA_Init  sai.o
    0x080038a8   0x080038a8   0x00000024   Code   RO         3708    i.SAI_BlockSynchroConfig  stm32f4xx_hal_sai_ex.o
    0x080038cc   0x080038cc   0x00000042   Code   RO         3480    i.SAI_Disable       stm32f4xx_hal_sai.o
    0x0800390e   0x0800390e   0x00000002   PAD
    0x08003910   0x08003910   0x000000c0   Code   RO         3709    i.SAI_GetInputClock  stm32f4xx_hal_sai_ex.o
    0x080039d0   0x080039d0   0x00000014   Code   RO          908    i.SAI_Play_Start    sai.o
    0x080039e4   0x080039e4   0x00000014   Code   RO          909    i.SAI_Play_Stop     sai.o
    0x080039f8   0x080039f8   0x00000024   Code   RO         5888    i.SCSI_CheckAddressRange  usbd_msc_scsi.o
    0x08003a1c   0x08003a1c   0x00000050   Code   RO         5889    i.SCSI_Inquiry      usbd_msc_scsi.o
    0x08003a6c   0x08003a6c   0x00000028   Code   RO         5890    i.SCSI_ModeSense10  usbd_msc_scsi.o
    0x08003a94   0x08003a94   0x00000028   Code   RO         5891    i.SCSI_ModeSense6   usbd_msc_scsi.o
    0x08003abc   0x08003abc   0x000000bc   Code   RO         5892    i.SCSI_ProcessCmd   usbd_msc_scsi.o
    0x08003b78   0x08003b78   0x000000a0   Code   RO         5893    i.SCSI_ProcessRead  usbd_msc_scsi.o
    0x08003c18   0x08003c18   0x000000a4   Code   RO         5894    i.SCSI_ProcessWrite  usbd_msc_scsi.o
    0x08003cbc   0x08003cbc   0x000000dc   Code   RO         5895    i.SCSI_Read10       usbd_msc_scsi.o
    0x08003d98   0x08003d98   0x00000084   Code   RO         5896    i.SCSI_ReadCapacity10  usbd_msc_scsi.o
    0x08003e1c   0x08003e1c   0x00000074   Code   RO         5897    i.SCSI_ReadFormatCapacity  usbd_msc_scsi.o
    0x08003e90   0x08003e90   0x00000068   Code   RO         5898    i.SCSI_RequestSense  usbd_msc_scsi.o
    0x08003ef8   0x08003ef8   0x0000002c   Code   RO         5899    i.SCSI_SenseCode    usbd_msc_scsi.o
    0x08003f24   0x08003f24   0x0000000c   Code   RO         5900    i.SCSI_StartStopUnit  usbd_msc_scsi.o
    0x08003f30   0x08003f30   0x0000004c   Code   RO         5901    i.SCSI_TestUnitReady  usbd_msc_scsi.o
    0x08003f7c   0x08003f7c   0x0000005c   Code   RO         5902    i.SCSI_Verify10     usbd_msc_scsi.o
    0x08003fd8   0x08003fd8   0x00000100   Code   RO         5903    i.SCSI_Write10      usbd_msc_scsi.o
    0x080040d8   0x080040d8   0x00000024   Code   RO         4965    i.SDIO_DataConfig   stm32f4xx_ll_sdmmc.o
    0x080040fc   0x080040fc   0x00000006   Code   RO         4966    i.SDIO_GetCommandResponse  stm32f4xx_ll_sdmmc.o
    0x08004102   0x08004102   0x00000008   Code   RO         4969    i.SDIO_GetPowerState  stm32f4xx_ll_sdmmc.o
    0x0800410a   0x0800410a   0x00000002   PAD
    0x0800410c   0x0800410c   0x00000014   Code   RO         4970    i.SDIO_GetResponse  stm32f4xx_ll_sdmmc.o
    0x08004120   0x08004120   0x0000002a   Code   RO         4971    i.SDIO_Init         stm32f4xx_ll_sdmmc.o
    0x0800414a   0x0800414a   0x00000008   Code   RO         4973    i.SDIO_PowerState_ON  stm32f4xx_ll_sdmmc.o
    0x08004152   0x08004152   0x00000006   Code   RO         4974    i.SDIO_ReadFIFO     stm32f4xx_ll_sdmmc.o
    0x08004158   0x08004158   0x00000020   Code   RO         4975    i.SDIO_SendCommand  stm32f4xx_ll_sdmmc.o
    0x08004178   0x08004178   0x0000000a   Code   RO         4977    i.SDIO_WriteFIFO    stm32f4xx_ll_sdmmc.o
    0x08004182   0x08004182   0x0000002e   Code   RO         3763    i.SD_CmdError       stm32f4xx_hal_sd.o
    0x080041b0   0x080041b0   0x000000f4   Code   RO         3764    i.SD_CmdResp1Error  stm32f4xx_hal_sd.o
    0x080042a4   0x080042a4   0x00000030   Code   RO         3765    i.SD_CmdResp2Error  stm32f4xx_hal_sd.o
    0x080042d4   0x080042d4   0x00000024   Code   RO         3766    i.SD_CmdResp3Error  stm32f4xx_hal_sd.o
    0x080042f8   0x080042f8   0x0000007a   Code   RO         3767    i.SD_CmdResp6Error  stm32f4xx_hal_sd.o
    0x08004372   0x08004372   0x00000048   Code   RO         3768    i.SD_CmdResp7Error  stm32f4xx_hal_sd.o
    0x080043ba   0x080043ba   0x00000146   Code   RO         3773    i.SD_FindSCR        stm32f4xx_hal_sd.o
    0x08004500   0x08004500   0x00000040   Code   RO          848    i.SD_Init           sdio_sdcard.o
    0x08004540   0x08004540   0x000000ea   Code   RO         3775    i.SD_Initialize_Cards  stm32f4xx_hal_sd.o
    0x0800462a   0x0800462a   0x00000002   PAD
    0x0800462c   0x0800462c   0x0000014c   Code   RO         3776    i.SD_IsCardProgramming  stm32f4xx_hal_sd.o
    0x08004778   0x08004778   0x00000158   Code   RO         3778    i.SD_PowerON        stm32f4xx_hal_sd.o
    0x080048d0   0x080048d0   0x00000078   Code   RO          849    i.SD_ReadDisk       sdio_sdcard.o
    0x08004948   0x08004948   0x0000002e   Code   RO         3779    i.SD_Select_Deselect  stm32f4xx_hal_sd.o
    0x08004976   0x08004976   0x00000072   Code   RO         3781    i.SD_WideBus_Disable  stm32f4xx_hal_sd.o
    0x080049e8   0x080049e8   0x00000074   Code   RO         3782    i.SD_WideBus_Enable  stm32f4xx_hal_sd.o
    0x08004a5c   0x08004a5c   0x00000078   Code   RO          850    i.SD_WriteDisk      sdio_sdcard.o
    0x08004ad4   0x08004ad4   0x00000050   Code   RO          799    i.SPI1_Init         spi.o
    0x08004b24   0x08004b24   0x00000020   Code   RO          800    i.SPI1_ReadWriteByte  spi.o
    0x08004b44   0x08004b44   0x00000034   Code   RO          801    i.SPI1_SetSpeed     spi.o
    0x08004b78   0x08004b78   0x000000d6   Code   RO         4217    i.SPI_WaitOnFlagUntilTimeout  stm32f4xx_hal_spi.o
    0x08004c4e   0x08004c4e   0x00000002   PAD
    0x08004c50   0x08004c50   0x00000020   Code   RO         6172    i.STORAGE_GetCapacity  usbd_storage_msd.o
    0x08004c70   0x08004c70   0x00000018   Code   RO         6173    i.STORAGE_GetMaxLun  usbd_storage_msd.o
    0x08004c88   0x08004c88   0x00000012   Code   RO         6174    i.STORAGE_Init      usbd_storage_msd.o
    0x08004c9a   0x08004c9a   0x00000002   PAD
    0x08004c9c   0x08004c9c   0x00000014   Code   RO         6175    i.STORAGE_IsReady   usbd_storage_msd.o
    0x08004cb0   0x08004cb0   0x00000004   Code   RO         6176    i.STORAGE_IsWriteProtected  usbd_storage_msd.o
    0x08004cb4   0x08004cb4   0x0000003c   Code   RO         6177    i.STORAGE_Read      usbd_storage_msd.o
    0x08004cf0   0x08004cf0   0x0000003c   Code   RO         6178    i.STORAGE_Write     usbd_storage_msd.o
    0x08004d2c   0x08004d2c   0x00000030   Code   RO          414    i.Semaphore_init    task.o
    0x08004d5c   0x08004d5c   0x000000a0   Code   RO         1415    i.Show_Font         text.o
    0x08004dfc   0x08004dfc   0x00000092   Code   RO         1247    i.Show_String       oled.o
    0x08004e8e   0x08004e8e   0x00000002   PAD
    0x08004e90   0x08004e90   0x000000b4   Code   RO         1248    i.Show_chars        oled.o
    0x08004f44   0x08004f44   0x00000080   Code   RO          375    i.Stm32_Clock_Init  sys.o
    0x08004fc4   0x08004fc4   0x00000012   Code   RO         7291    i.SysTick_Handler   board.o
    0x08004fd6   0x08004fd6   0x00000002   PAD
    0x08004fd8   0x08004fd8   0x00000088   Code   RO          287    i.SystemCoreClockUpdate  system_stm32f4xx.o
    0x08005060   0x08005060   0x00000054   Code   RO          288    i.SystemInit        system_stm32f4xx.o
    0x080050b4   0x080050b4   0x000000a8   Code   RO          415    i.Task_init         task.o
    0x0800515c   0x0800515c   0x0000002a   Code   RO         4456    i.UART_EndTransmit_IT  stm32f4xx_hal_uart.o
    0x08005186   0x08005186   0x000000b0   Code   RO         4457    i.UART_Receive_IT   stm32f4xx_hal_uart.o
    0x08005236   0x08005236   0x00000002   PAD
    0x08005238   0x08005238   0x000001f0   Code   RO         4458    i.UART_SetConfig    stm32f4xx_hal_uart.o
    0x08005428   0x08005428   0x0000006a   Code   RO         4459    i.UART_Transmit_IT  stm32f4xx_hal_uart.o
    0x08005492   0x08005492   0x00000002   PAD
    0x08005494   0x08005494   0x00000044   Code   RO          978    i.USART1_IRQHandler  usart.o
    0x080054d8   0x080054d8   0x0000000e   Code   RO         5477    i.USBD_ClrCfg       usbd_core.o
    0x080054e6   0x080054e6   0x0000003c   Code   RO         5577    i.USBD_ClrFeature   usbd_req.o
    0x08005522   0x08005522   0x00000012   Code   RO         5675    i.USBD_CtlContinueRx  usbd_ioreq.o
    0x08005534   0x08005534   0x00000012   Code   RO         5676    i.USBD_CtlContinueSendData  usbd_ioreq.o
    0x08005546   0x08005546   0x0000001e   Code   RO         5578    i.USBD_CtlError     usbd_req.o
    0x08005564   0x08005564   0x00000022   Code   RO         5678    i.USBD_CtlReceiveStatus  usbd_ioreq.o
    0x08005586   0x08005586   0x00000020   Code   RO         5679    i.USBD_CtlSendData  usbd_ioreq.o
    0x080055a6   0x080055a6   0x00000022   Code   RO         5680    i.USBD_CtlSendStatus  usbd_ioreq.o
    0x080055c8   0x080055c8   0x000000c4   Code   RO         5478    i.USBD_DataInStage  usbd_core.o
    0x0800568c   0x0800568c   0x0000007a   Code   RO         5479    i.USBD_DataOutStage  usbd_core.o
    0x08005706   0x08005706   0x00000004   Code   RO         5480    i.USBD_DeInit       usbd_core.o
    0x0800570a   0x0800570a   0x00000002   PAD
    0x0800570c   0x0800570c   0x00000030   Code   RO         5579    i.USBD_GetConfig    usbd_req.o
    0x0800573c   0x0800573c   0x000000fa   Code   RO         5580    i.USBD_GetDescriptor  usbd_req.o
    0x08005836   0x08005836   0x00000014   Code   RO         5581    i.USBD_GetLen       usbd_req.o
    0x0800584a   0x0800584a   0x00000010   Code   RO         5681    i.USBD_GetRxCount   usbd_ioreq.o
    0x0800585a   0x0800585a   0x00000002   PAD
    0x0800585c   0x0800585c   0x00000030   Code   RO         5582    i.USBD_GetStatus    usbd_req.o
    0x0800588c   0x0800588c   0x0000003c   Code   RO         5583    i.USBD_GetString    usbd_req.o
    0x080058c8   0x080058c8   0x00000040   Code   RO         5481    i.USBD_Init         usbd_core.o
    0x08005908   0x08005908   0x0000000e   Code   RO         5482    i.USBD_IsoINIncomplete  usbd_core.o
    0x08005916   0x08005916   0x0000000e   Code   RO         5483    i.USBD_IsoOUTIncomplete  usbd_core.o
    0x08005924   0x08005924   0x0000000a   Code   RO         5827    i.USBD_MSC_DataIn   usbd_msc_core.o
    0x0800592e   0x0800592e   0x0000000a   Code   RO         5828    i.USBD_MSC_DataOut  usbd_msc_core.o
    0x08005938   0x08005938   0x0000001e   Code   RO         5829    i.USBD_MSC_DeInit   usbd_msc_core.o
    0x08005956   0x08005956   0x00000002   PAD
    0x08005958   0x08005958   0x0000000c   Code   RO         5830    i.USBD_MSC_GetCfgDesc  usbd_msc_core.o
    0x08005964   0x08005964   0x0000002c   Code   RO         5831    i.USBD_MSC_Init     usbd_msc_core.o
    0x08005990   0x08005990   0x000000f4   Code   RO         5832    i.USBD_MSC_Setup    usbd_msc_core.o
    0x08005a84   0x08005a84   0x000000ac   Code   RO         5401    i.USBD_OTG_ISR_Handler  usb_dcd_int.o
    0x08005b30   0x08005b30   0x00000044   Code   RO         5584    i.USBD_ParseSetupRequest  usbd_req.o
    0x08005b74   0x08005b74   0x00000030   Code   RO         5484    i.USBD_Reset        usbd_core.o
    0x08005ba4   0x08005ba4   0x00000016   Code   RO         5485    i.USBD_Resume       usbd_core.o
    0x08005bba   0x08005bba   0x00000002   PAD
    0x08005bbc   0x08005bbc   0x00000010   Code   RO         5486    i.USBD_RunTestMode  usbd_core.o
    0x08005bcc   0x08005bcc   0x00000012   Code   RO         5487    i.USBD_SOF          usbd_core.o
    0x08005bde   0x08005bde   0x00000054   Code   RO         5585    i.USBD_SetAddress   usbd_req.o
    0x08005c32   0x08005c32   0x0000001a   Code   RO         5488    i.USBD_SetCfg       usbd_core.o
    0x08005c4c   0x08005c4c   0x000000ac   Code   RO         5586    i.USBD_SetConfig    usbd_req.o
    0x08005cf8   0x08005cf8   0x0000009c   Code   RO         5587    i.USBD_SetFeature   usbd_req.o
    0x08005d94   0x08005d94   0x0000004a   Code   RO         5489    i.USBD_SetupStage   usbd_core.o
    0x08005dde   0x08005dde   0x0000004a   Code   RO         5588    i.USBD_StdDevReq    usbd_req.o
    0x08005e28   0x08005e28   0x0000013c   Code   RO         5589    i.USBD_StdEPReq     usbd_req.o
    0x08005f64   0x08005f64   0x00000046   Code   RO         5590    i.USBD_StdItfReq    usbd_req.o
    0x08005faa   0x08005faa   0x0000001a   Code   RO         5490    i.USBD_Suspend      usbd_core.o
    0x08005fc4   0x08005fc4   0x00000030   Code   RO         6094    i.USBD_USR_ConfigStrDescriptor  usbd_desc.o
    0x08005ff4   0x08005ff4   0x0000002c   Code   RO         6242    i.USBD_USR_DeviceConfigured  usbd_usr.o
    0x08006020   0x08006020   0x00000028   Code   RO         6243    i.USBD_USR_DeviceConnected  usbd_usr.o
    0x08006048   0x08006048   0x0000000c   Code   RO         6095    i.USBD_USR_DeviceDescriptor  usbd_desc.o
    0x08006054   0x08006054   0x0000002c   Code   RO         6244    i.USBD_USR_DeviceDisconnected  usbd_usr.o
    0x08006080   0x08006080   0x00000088   Code   RO         6245    i.USBD_USR_DeviceReset  usbd_usr.o
    0x08006108   0x08006108   0x0000001c   Code   RO         6246    i.USBD_USR_DeviceResumed  usbd_usr.o
    0x08006124   0x08006124   0x0000002c   Code   RO         6247    i.USBD_USR_DeviceSuspended  usbd_usr.o
    0x08006150   0x08006150   0x00000002   Code   RO         6248    i.USBD_USR_Init     usbd_usr.o
    0x08006152   0x08006152   0x00000002   PAD
    0x08006154   0x08006154   0x00000034   Code   RO         6096    i.USBD_USR_InterfaceStrDescriptor  usbd_desc.o
    0x08006188   0x08006188   0x0000000c   Code   RO         6097    i.USBD_USR_LangIDStrDescriptor  usbd_desc.o
    0x08006194   0x08006194   0x00000028   Code   RO         6098    i.USBD_USR_ManufacturerStrDescriptor  usbd_desc.o
    0x080061bc   0x080061bc   0x00000054   Code   RO         6099    i.USBD_USR_ProductStrDescriptor  usbd_desc.o
    0x08006210   0x08006210   0x00000014   Code   RO         6100    i.USBD_USR_SerialStrDescriptor  usbd_desc.o
    0x08006224   0x08006224   0x00000006   Code   RO         6027    i.USB_OTG_BSP_DisableInterrupt  usb_bsp.o
    0x0800622a   0x0800622a   0x00000016   Code   RO         6029    i.USB_OTG_BSP_EnableInterrupt  usb_bsp.o
    0x08006240   0x08006240   0x00000060   Code   RO         6030    i.USB_OTG_BSP_Init  usb_bsp.o
    0x080062a0   0x080062a0   0x00000002   Code   RO         6031    i.USB_OTG_BSP_mDelay  usb_bsp.o
    0x080062a2   0x080062a2   0x00000002   Code   RO         6032    i.USB_OTG_BSP_uDelay  usb_bsp.o
    0x080062a4   0x080062a4   0x000000a4   Code   RO         5062    i.USB_OTG_CoreInit  usb_core.o
    0x08006348   0x08006348   0x00000148   Code   RO         5063    i.USB_OTG_CoreInitDev  usb_core.o
    0x08006490   0x08006490   0x0000005c   Code   RO         5064    i.USB_OTG_CoreReset  usb_core.o
    0x080064ec   0x080064ec   0x00000010   Code   RO         5065    i.USB_OTG_DisableGlobalInt  usb_core.o
    0x080064fc   0x080064fc   0x00000052   Code   RO         5066    i.USB_OTG_EP0Activate  usb_core.o
    0x0800654e   0x0800654e   0x000000e6   Code   RO         5067    i.USB_OTG_EP0StartXfer  usb_core.o
    0x08006634   0x08006634   0x0000002c   Code   RO         5068    i.USB_OTG_EP0_OutStart  usb_core.o
    0x08006660   0x08006660   0x0000005c   Code   RO         5069    i.USB_OTG_EPActivate  usb_core.o
    0x080066bc   0x080066bc   0x0000003c   Code   RO         5070    i.USB_OTG_EPClearStall  usb_core.o
    0x080066f8   0x080066f8   0x00000036   Code   RO         5071    i.USB_OTG_EPDeactivate  usb_core.o
    0x0800672e   0x0800672e   0x00000040   Code   RO         5072    i.USB_OTG_EPSetStall  usb_core.o
    0x0800676e   0x0800676e   0x00000164   Code   RO         5073    i.USB_OTG_EPStartXfer  usb_core.o
    0x080068d2   0x080068d2   0x00000002   PAD
    0x080068d4   0x080068d4   0x0000001c   Code   RO         5074    i.USB_OTG_EnableCommonInt  usb_core.o
    0x080068f0   0x080068f0   0x00000054   Code   RO         5075    i.USB_OTG_EnableDevInt  usb_core.o
    0x08006944   0x08006944   0x00000010   Code   RO         5076    i.USB_OTG_EnableGlobalInt  usb_core.o
    0x08006954   0x08006954   0x0000003c   Code   RO         5077    i.USB_OTG_FlushRxFifo  usb_core.o
    0x08006990   0x08006990   0x00000044   Code   RO         5078    i.USB_OTG_FlushTxFifo  usb_core.o
    0x080069d4   0x080069d4   0x0000002c   Code   RO         5079    i.USB_OTG_GetDeviceSpeed  usb_core.o
    0x08006a00   0x08006a00   0x0000000a   Code   RO         5081    i.USB_OTG_GetMode   usb_core.o
    0x08006a0a   0x08006a0a   0x0000000c   Code   RO         5082    i.USB_OTG_InitDevSpeed  usb_core.o
    0x08006a16   0x08006a16   0x00000012   Code   RO         5083    i.USB_OTG_IsDeviceMode  usb_core.o
    0x08006a28   0x08006a28   0x0000000a   Code   RO         5085    i.USB_OTG_ReadCoreItr  usb_core.o
    0x08006a32   0x08006a32   0x0000000c   Code   RO         5086    i.USB_OTG_ReadDevAllInEPItr  usb_core.o
    0x08006a3e   0x08006a3e   0x0000000c   Code   RO         5087    i.USB_OTG_ReadDevAllOutEp_itr  usb_core.o
    0x08006a4a   0x08006a4a   0x00000010   Code   RO         5088    i.USB_OTG_ReadDevOutEP_itr  usb_core.o
    0x08006a5a   0x08006a5a   0x00000020   Code   RO         5090    i.USB_OTG_ReadPacket  usb_core.o
    0x08006a7a   0x08006a7a   0x00000002   PAD
    0x08006a7c   0x08006a7c   0x000000c0   Code   RO         5091    i.USB_OTG_SelectCore  usb_core.o
    0x08006b3c   0x08006b3c   0x00000036   Code   RO         5092    i.USB_OTG_SetCurrentMode  usb_core.o
    0x08006b72   0x08006b72   0x00000028   Code   RO         5096    i.USB_OTG_WritePacket  usb_core.o
    0x08006b9a   0x08006b9a   0x00000002   PAD
    0x08006b9c   0x08006b9c   0x00000094   Code   RO          416    i.USB_Transfer_Task  task.o
    0x08006c30   0x08006c30   0x00000058   Code   RO          680    i.W25QXX_Erase_Sector  w25qxx.o
    0x08006c88   0x08006c88   0x0000007c   Code   RO          681    i.W25QXX_Init       w25qxx.o
    0x08006d04   0x08006d04   0x00000068   Code   RO          683    i.W25QXX_Read       w25qxx.o
    0x08006d6c   0x08006d6c   0x0000003c   Code   RO          684    i.W25QXX_ReadID     w25qxx.o
    0x08006da8   0x08006da8   0x00000038   Code   RO          685    i.W25QXX_ReadSR     w25qxx.o
    0x08006de0   0x08006de0   0x0000000e   Code   RO          687    i.W25QXX_Wait_Busy  w25qxx.o
    0x08006dee   0x08006dee   0x00000002   PAD
    0x08006df0   0x08006df0   0x000000a4   Code   RO          688    i.W25QXX_Write      w25qxx.o
    0x08006e94   0x08006e94   0x00000018   Code   RO          690    i.W25QXX_Write_Enable  w25qxx.o
    0x08006eac   0x08006eac   0x0000003e   Code   RO          691    i.W25QXX_Write_NoCheck  w25qxx.o
    0x08006eea   0x08006eea   0x00000002   PAD
    0x08006eec   0x08006eec   0x0000006c   Code   RO          692    i.W25QXX_Write_Page  w25qxx.o
    0x08006f58   0x08006f58   0x0000003a   Code   RO          540    i.WM8978_ADDA_Cfg   wm8978.o
    0x08006f92   0x08006f92   0x0000002e   Code   RO          541    i.WM8978_AUX_Gain   wm8978.o
    0x08006fc0   0x08006fc0   0x00000014   Code   RO          549    i.WM8978_I2S_Cfg    wm8978.o
    0x08006fd4   0x08006fd4   0x00000076   Code   RO          550    i.WM8978_Init       wm8978.o
    0x0800704a   0x0800704a   0x0000005e   Code   RO          551    i.WM8978_Input_Cfg  wm8978.o
    0x080070a8   0x080070a8   0x00000032   Code   RO          552    i.WM8978_LINEIN_Gain  wm8978.o
    0x080070da   0x080070da   0x00000028   Code   RO          554    i.WM8978_Output_Cfg  wm8978.o
    0x08007102   0x08007102   0x00000002   PAD
    0x08007104   0x08007104   0x0000000c   Code   RO          555    i.WM8978_Read_Reg   wm8978.o
    0x08007110   0x08007110   0x00000022   Code   RO          556    i.WM8978_SPKvol_Set  wm8978.o
    0x08007132   0x08007132   0x00000002   PAD
    0x08007134   0x08007134   0x00000054   Code   RO          557    i.WM8978_Write_Reg  wm8978.o
    0x08007188   0x08007188   0x00000038   Code   RO          417    i.Wav_Player_Task   task.o
    0x080071c0   0x080071c0   0x00000028   Code   RO         7292    i._SysTick_Config   board.o
    0x080071e8   0x080071e8   0x00000020   Code   RO         7574    i.__0printf$8       mc_w.l(printf8.o)
    0x08007208   0x08007208   0x00000048   Code   RO         6707    i.__rt_ffs          kservice.o
    0x08007250   0x08007250   0x0000000e   Code   RO         7667    i.__scatterload_copy  mc_w.l(handlers.o)
    0x0800725e   0x0800725e   0x00000002   Code   RO         7668    i.__scatterload_null  mc_w.l(handlers.o)
    0x08007260   0x08007260   0x0000000e   Code   RO         7669    i.__scatterload_zeroinit  mc_w.l(handlers.o)
    0x0800726e   0x0800726e   0x00000002   PAD
    0x08007270   0x08007270   0x00000014   Code   RO         6468    i._has_defunct_thread  idle.o
    0x08007284   0x08007284   0x00000410   Code   RO         7581    i._printf_core      mc_w.l(printf8.o)
    0x08007694   0x08007694   0x00000024   Code   RO         7582    i._printf_post_padding  mc_w.l(printf8.o)
    0x080076b8   0x080076b8   0x0000002e   Code   RO         7583    i._printf_pre_padding  mc_w.l(printf8.o)
    0x080076e6   0x080076e6   0x00000002   PAD
    0x080076e8   0x080076e8   0x00000078   Code   RO         7065    i._rt_thread_init   thread.o
    0x08007760   0x08007760   0x00000026   Code   RO         7186    i._rt_timer_init    timer.o
    0x08007786   0x08007786   0x00000022   Code   RO         7187    i._rt_timer_remove  timer.o
    0x080077a8   0x080077a8   0x00000098   Code   RO         1179    i.audio_play        audioplay.o
    0x08007840   0x08007840   0x00000010   Code   RO         1180    i.audio_start       audioplay.o
    0x08007850   0x08007850   0x00000010   Code   RO         1181    i.audio_stop        audioplay.o
    0x08007860   0x08007860   0x0000007a   Code   RO         1722    i.change_bitmap     ff.o
    0x080078da   0x080078da   0x00000002   PAD
    0x080078dc   0x080078dc   0x00000078   Code   RO         1723    i.check_fs          ff.o
    0x08007954   0x08007954   0x00000010   Code   RO         1724    i.chk_chr           ff.o
    0x08007964   0x08007964   0x00000032   Code   RO         1725    i.clmt_clust        ff.o
    0x08007996   0x08007996   0x00000018   Code   RO         1726    i.clust2sect        ff.o
    0x080079ae   0x080079ae   0x00000002   PAD
    0x080079b0   0x080079b0   0x00000094   Code   RO         1727    i.cmp_lfn           ff.o
    0x08007a44   0x08007a44   0x00000126   Code   RO         1728    i.create_chain      ff.o
    0x08007b6a   0x08007b6a   0x00000002   PAD
    0x08007b6c   0x08007b6c   0x0000022c   Code   RO         1729    i.create_name       ff.o
    0x08007d98   0x08007d98   0x00000080   Code   RO         1730    i.create_xdir       ff.o
    0x08007e18   0x08007e18   0x0000005e   Code   RO         1731    i.dir_alloc         ff.o
    0x08007e76   0x08007e76   0x00000144   Code   RO         1732    i.dir_find          ff.o
    0x08007fba   0x08007fba   0x00000120   Code   RO         1733    i.dir_next          ff.o
    0x080080da   0x080080da   0x000000f0   Code   RO         1734    i.dir_read          ff.o
    0x080081ca   0x080081ca   0x000001c2   Code   RO         1735    i.dir_register      ff.o
    0x0800838c   0x0800838c   0x000000a6   Code   RO         1737    i.dir_sdi           ff.o
    0x08008432   0x08008432   0x00000026   Code   RO         2141    i.disk_initialize   diskio.o
    0x08008458   0x08008458   0x00000094   Code   RO         2142    i.disk_ioctl        diskio.o
    0x080084ec   0x080084ec   0x00000064   Code   RO         2143    i.disk_read         diskio.o
    0x08008550   0x08008550   0x00000004   Code   RO         2144    i.disk_status       diskio.o
    0x08008554   0x08008554   0x00000064   Code   RO         2145    i.disk_write        diskio.o
    0x080085b8   0x080085b8   0x00000064   Code   RO         1457    i.exfuns_init       exfuns.o
    0x0800861c   0x0800861c   0x00000020   Code   RO         1738    i.f_close           ff.o
    0x0800863c   0x0800863c   0x0000031c   Code   RO         1743    i.f_lseek           ff.o
    0x08008958   0x08008958   0x0000004c   Code   RO         1746    i.f_mount           ff.o
    0x080089a4   0x080089a4   0x00000288   Code   RO         1747    i.f_open            ff.o
    0x08008c2c   0x08008c2c   0x000000dc   Code   RO         1748    i.f_opendir         ff.o
    0x08008d08   0x08008d08   0x000001a8   Code   RO         1752    i.f_read            ff.o
    0x08008eb0   0x08008eb0   0x0000007a   Code   RO         1753    i.f_readdir         ff.o
    0x08008f2a   0x08008f2a   0x0000015c   Code   RO         1757    i.f_sync            ff.o
    0x08009086   0x08009086   0x00000002   PAD
    0x08009088   0x08009088   0x00000074   Code   RO         1694    i.ff_convert        mycc936.o
    0x080090fc   0x080090fc   0x00000008   Code   RO         2146    i.ff_memalloc       diskio.o
    0x08009104   0x08009104   0x00000008   Code   RO         2147    i.ff_memfree        diskio.o
    0x0800910c   0x0800910c   0x0000002c   Code   RO         1695    i.ff_wtoupper       mycc936.o
    0x08009138   0x08009138   0x0000002e   Code   RO         1761    i.fill_fat_chain    ff.o
    0x08009166   0x08009166   0x00000086   Code   RO         1762    i.find_bitmap       ff.o
    0x080091ec   0x080091ec   0x000003a0   Code   RO         1763    i.find_volume       ff.o
    0x0800958c   0x0800958c   0x000000b8   Code   RO         1764    i.follow_path       ff.o
    0x08009644   0x08009644   0x00000040   Code   RO         1367    i.font_init         fontupd.o
    0x08009684   0x08009684   0x00000014   Code   RO          980    i.fputc             usart.o
    0x08009698   0x08009698   0x00000098   Code   RO         1765    i.gen_numname       ff.o
    0x08009730   0x08009730   0x0000012c   Code   RO         1766    i.get_fat           ff.o
    0x0800985c   0x0800985c   0x00000004   Code   RO         2148    i.get_fattime       diskio.o
    0x08009860   0x08009860   0x00000112   Code   RO         1767    i.get_fileinfo      ff.o
    0x08009972   0x08009972   0x00000042   Code   RO         1768    i.get_ldnumber      ff.o
    0x080099b4   0x080099b4   0x00000096   Code   RO         1769    i.get_xdir_info     ff.o
    0x08009a4a   0x08009a4a   0x00000026   Code   RO         1770    i.ld_clust          ff.o
    0x08009a70   0x08009a70   0x00000016   Code   RO         1771    i.ld_dword          ff.o
    0x08009a86   0x08009a86   0x00000058   Code   RO         1772    i.ld_qword          ff.o
    0x08009ade   0x08009ade   0x0000000a   Code   RO         1773    i.ld_word           ff.o
    0x08009ae8   0x08009ae8   0x00000038   Code   RO         1774    i.load_obj_dir      ff.o
    0x08009b20   0x08009b20   0x000000b6   Code   RO         1775    i.load_xdir         ff.o
    0x08009bd6   0x08009bd6   0x00000002   PAD
    0x08009bd8   0x08009bd8   0x00000038   Code   RO            6    i.main              main.o
    0x08009c10   0x08009c10   0x0000000e   Code   RO         6401    i.main_thread_entry  components.o
    0x08009c1e   0x08009c1e   0x00000018   Code   RO         1776    i.mem_cmp           ff.o
    0x08009c36   0x08009c36   0x00000012   Code   RO         1777    i.mem_cpy           ff.o
    0x08009c48   0x08009c48   0x0000000c   Code   RO         1778    i.mem_set           ff.o
    0x08009c54   0x08009c54   0x00000034   Code   RO         1779    i.move_window       ff.o
    0x08009c88   0x08009c88   0x0000005c   Code   RO         2207    i.my_mem_free       malloc.o
    0x08009ce4   0x08009ce4   0x0000002c   Code   RO         2208    i.my_mem_init       malloc.o
    0x08009d10   0x08009d10   0x00000098   Code   RO         2209    i.my_mem_malloc     malloc.o
    0x08009da8   0x08009da8   0x0000003c   Code   RO         2210    i.my_mem_perused    malloc.o
    0x08009de4   0x08009de4   0x00000018   Code   RO         2211    i.myfree            malloc.o
    0x08009dfc   0x08009dfc   0x00000024   Code   RO         2212    i.mymalloc          malloc.o
    0x08009e20   0x08009e20   0x0000000e   Code   RO         2214    i.mymemset          malloc.o
    0x08009e2e   0x08009e2e   0x00000002   PAD
    0x08009e30   0x08009e30   0x00000084   Code   RO         1780    i.pick_lfn          ff.o
    0x08009eb4   0x08009eb4   0x00000054   Code   RO         6878    i.plug_holes        mem.o
    0x08009f08   0x08009f08   0x00000134   Code   RO         6709    i.print_number      kservice.o
    0x0800a03c   0x0800a03c   0x00000106   Code   RO         1781    i.put_fat           ff.o
    0x0800a142   0x0800a142   0x00000002   PAD
    0x0800a144   0x0800a144   0x00000074   Code   RO         1782    i.put_lfn           ff.o
    0x0800a1b8   0x0800a1b8   0x000000f4   Code   RO         1784    i.remove_chain      ff.o
    0x0800a2ac   0x0800a2ac   0x0000002c   Code   RO         6402    i.rt_application_init  components.o
    0x0800a2d8   0x0800a2d8   0x0000001c   Code   RO         6403    i.rt_components_board_init  components.o
    0x0800a2f4   0x0800a2f4   0x0000001c   Code   RO         6404    i.rt_components_init  components.o
    0x0800a310   0x0800a310   0x0000001c   Code   RO         7004    i.rt_enter_critical  scheduler.o
    0x0800a32c   0x0800a32c   0x00000038   Code   RO         7005    i.rt_exit_critical  scheduler.o
    0x0800a364   0x0800a364   0x000000c4   Code   RO         6880    i.rt_free           mem.o
    0x0800a428   0x0800a428   0x00000008   Code   RO         7293    i.rt_heap_begin_get  board.o
    0x0800a430   0x0800a430   0x00000008   Code   RO         7294    i.rt_heap_end_get   board.o
    0x0800a438   0x0800a438   0x00000058   Code   RO         7295    i.rt_hw_board_init  board.o
    0x0800a490   0x0800a490   0x00000002   Code   RO         7296    i.rt_hw_console_output  board.o
    0x0800a492   0x0800a492   0x00000002   PAD
    0x0800a494   0x0800a494   0x00000214   Code   RO         6320    i.rt_hw_hard_fault_exception  cpuport.o
    0x0800a6a8   0x0800a6a8   0x00000040   Code   RO         6321    i.rt_hw_stack_init  cpuport.o
    0x0800a6e8   0x0800a6e8   0x0000001c   Code   RO         6680    i.rt_interrupt_enter  irq.o
    0x0800a704   0x0800a704   0x0000001c   Code   RO         6682    i.rt_interrupt_leave  irq.o
    0x0800a720   0x0800a720   0x0000000e   Code   RO         6508    i.rt_ipc_list_resume  ipc.o
    0x0800a72e   0x0800a72e   0x0000005c   Code   RO         6510    i.rt_ipc_list_suspend  ipc.o
    0x0800a78a   0x0800a78a   0x00000002   PAD
    0x0800a78c   0x0800a78c   0x00000024   Code   RO         6712    i.rt_kprintf        kservice.o
    0x0800a7b0   0x0800a7b0   0x0000000e   Code   RO         6928    i.rt_list_insert_after  object.o
    0x0800a7be   0x0800a7be   0x0000000e   Code   RO         7066    i.rt_list_insert_after  thread.o
    0x0800a7cc   0x0800a7cc   0x0000000e   Code   RO         7188    i.rt_list_insert_after  timer.o
    0x0800a7da   0x0800a7da   0x0000000e   Code   RO         6511    i.rt_list_insert_before  ipc.o
    0x0800a7e8   0x0800a7e8   0x0000000e   Code   RO         6512    i.rt_list_isempty   ipc.o
    0x0800a7f6   0x0800a7f6   0x0000000e   Code   RO         7189    i.rt_list_isempty   timer.o
    0x0800a804   0x0800a804   0x00000012   Code   RO         6929    i.rt_list_remove    object.o
    0x0800a816   0x0800a816   0x00000012   Code   RO         7067    i.rt_list_remove    thread.o
    0x0800a828   0x0800a828   0x00000104   Code   RO         6881    i.rt_malloc         mem.o
    0x0800a92c   0x0800a92c   0x00000046   Code   RO         6718    i.rt_memset         kservice.o
    0x0800a972   0x0800a972   0x0000002a   Code   RO         6522    i.rt_mutex_create   ipc.o
    0x0800a99c   0x0800a99c   0x00000092   Code   RO         6526    i.rt_mutex_release  ipc.o
    0x0800aa2e   0x0800aa2e   0x000000b8   Code   RO         6527    i.rt_mutex_take     ipc.o
    0x0800aae6   0x0800aae6   0x00000054   Code   RO         6930    i.rt_object_allocate  object.o
    0x0800ab3a   0x0800ab3a   0x00000026   Code   RO         6931    i.rt_object_delete  object.o
    0x0800ab60   0x0800ab60   0x00000020   Code   RO         6932    i.rt_object_detach  object.o
    0x0800ab80   0x0800ab80   0x00000024   Code   RO         6934    i.rt_object_get_information  object.o
    0x0800aba4   0x0800aba4   0x00000050   Code   RO         6936    i.rt_object_init    object.o
    0x0800abf4   0x0800abf4   0x0000000e   Code   RO         6937    i.rt_object_is_systemobject  object.o
    0x0800ac02   0x0800ac02   0x00000002   PAD
    0x0800ac04   0x0800ac04   0x00000060   Code   RO         7006    i.rt_schedule       scheduler.o
    0x0800ac64   0x0800ac64   0x0000004c   Code   RO         7007    i.rt_schedule_insert_thread  scheduler.o
    0x0800acb0   0x0800acb0   0x00000054   Code   RO         7008    i.rt_schedule_remove_thread  scheduler.o
    0x0800ad04   0x0800ad04   0x00000026   Code   RO         6532    i.rt_sem_init       ipc.o
    0x0800ad2a   0x0800ad2a   0x00000040   Code   RO         6533    i.rt_sem_release    ipc.o
    0x0800ad6a   0x0800ad6a   0x0000006e   Code   RO         6534    i.rt_sem_take       ipc.o
    0x0800add8   0x0800add8   0x000000b0   Code   RO         6720    i.rt_show_version   kservice.o
    0x0800ae88   0x0800ae88   0x00000010   Code   RO         6726    i.rt_strlen         kservice.o
    0x0800ae98   0x0800ae98   0x00000026   Code   RO         6728    i.rt_strncpy        kservice.o
    0x0800aebe   0x0800aebe   0x00000002   PAD
    0x0800aec0   0x0800aec0   0x000000b0   Code   RO         6884    i.rt_system_heap_init  mem.o
    0x0800af70   0x0800af70   0x00000034   Code   RO         7009    i.rt_system_scheduler_init  scheduler.o
    0x0800afa4   0x0800afa4   0x00000028   Code   RO         7010    i.rt_system_scheduler_start  scheduler.o
    0x0800afcc   0x0800afcc   0x00000018   Code   RO         7190    i.rt_system_timer_init  timer.o
    0x0800afe4   0x0800afe4   0x00000002   Code   RO         7191    i.rt_system_timer_thread_init  timer.o
    0x0800afe6   0x0800afe6   0x0000006a   Code   RO         7068    i.rt_thread_control  thread.o
    0x0800b050   0x0800b050   0x0000004c   Code   RO         7069    i.rt_thread_create  thread.o
    0x0800b09c   0x0800b09c   0x00000004   Code   RO         7070    i.rt_thread_delay   thread.o
    0x0800b0a0   0x0800b0a0   0x00000040   Code   RO         7071    i.rt_thread_delete  thread.o
    0x0800b0e0   0x0800b0e0   0x00000058   Code   RO         7073    i.rt_thread_exit    thread.o
    0x0800b138   0x0800b138   0x00000006   Code   RO         6469    i.rt_thread_idle_entry  idle.o
    0x0800b13e   0x0800b13e   0x00000002   PAD
    0x0800b140   0x0800b140   0x00000080   Code   RO         6470    i.rt_thread_idle_excute  idle.o
    0x0800b1c0   0x0800b1c0   0x00000040   Code   RO         6472    i.rt_thread_idle_init  idle.o
    0x0800b200   0x0800b200   0x00000038   Code   RO         7075    i.rt_thread_init    thread.o
    0x0800b238   0x0800b238   0x0000003c   Code   RO         7077    i.rt_thread_resume  thread.o
    0x0800b274   0x0800b274   0x0000000c   Code   RO         7078    i.rt_thread_self    thread.o
    0x0800b280   0x0800b280   0x00000040   Code   RO         7079    i.rt_thread_sleep   thread.o
    0x0800b2c0   0x0800b2c0   0x00000026   Code   RO         7080    i.rt_thread_startup  thread.o
    0x0800b2e6   0x0800b2e6   0x00000042   Code   RO         7081    i.rt_thread_suspend  thread.o
    0x0800b328   0x0800b328   0x00000020   Code   RO         7082    i.rt_thread_timeout  thread.o
    0x0800b348   0x0800b348   0x00000060   Code   RO         7083    i.rt_thread_yield   thread.o
    0x0800b3a8   0x0800b3a8   0x0000000c   Code   RO         6361    i.rt_tick_get       clock.o
    0x0800b3b4   0x0800b3b4   0x0000002c   Code   RO         6362    i.rt_tick_increase  clock.o
    0x0800b3e0   0x0800b3e0   0x0000006c   Code   RO         7192    i.rt_timer_check    timer.o
    0x0800b44c   0x0800b44c   0x00000034   Code   RO         7193    i.rt_timer_control  timer.o
    0x0800b480   0x0800b480   0x00000020   Code   RO         7196    i.rt_timer_detach   timer.o
    0x0800b4a0   0x0800b4a0   0x0000002a   Code   RO         7197    i.rt_timer_init     timer.o
    0x0800b4ca   0x0800b4ca   0x00000002   PAD
    0x0800b4cc   0x0800b4cc   0x000000d4   Code   RO         7200    i.rt_timer_start    timer.o
    0x0800b5a0   0x0800b5a0   0x0000002e   Code   RO         7201    i.rt_timer_stop     timer.o
    0x0800b5ce   0x0800b5ce   0x00000002   PAD
    0x0800b5d0   0x0800b5d0   0x00000298   Code   RO         6731    i.rt_vsnprintf      kservice.o
    0x0800b868   0x0800b868   0x00000004   Code   RO         6405    i.rti_board_end     components.o
    0x0800b86c   0x0800b86c   0x00000004   Code   RO         6406    i.rti_board_start   components.o
    0x0800b870   0x0800b870   0x00000004   Code   RO         6407    i.rti_end           components.o
    0x0800b874   0x0800b874   0x00000004   Code   RO         6408    i.rti_start         components.o
    0x0800b878   0x0800b878   0x0000002a   Code   RO         6409    i.rtthread_startup  components.o
    0x0800b8a2   0x0800b8a2   0x00000028   Code   RO         6733    i.skip_atoi         kservice.o
    0x0800b8ca   0x0800b8ca   0x00000028   Code   RO         1785    i.st_clust          ff.o
    0x0800b8f2   0x0800b8f2   0x00000010   Code   RO         1786    i.st_dword          ff.o
    0x0800b902   0x0800b902   0x00000048   Code   RO         1787    i.st_qword          ff.o
    0x0800b94a   0x0800b94a   0x00000008   Code   RO         1788    i.st_word           ff.o
    0x0800b952   0x0800b952   0x00000066   Code   RO         1789    i.store_xdir        ff.o
    0x0800b9b8   0x0800b9b8   0x0000001a   Code   RO         1790    i.sum_sfn           ff.o
    0x0800b9d2   0x0800b9d2   0x00000002   PAD
    0x0800b9d4   0x0800b9d4   0x00000088   Code   RO         1791    i.sync_fs           ff.o
    0x0800ba5c   0x0800ba5c   0x00000054   Code   RO         1792    i.sync_window       ff.o
    0x0800bab0   0x0800bab0   0x00000038   Code   RO          981    i.uart_init         usart.o
    0x0800bae8   0x0800bae8   0x00000100   Code   RO         1368    i.updata_fontx      fontupd.o
    0x0800bbe8   0x0800bbe8   0x00000144   Code   RO         1369    i.update_font       fontupd.o
    0x0800bd2c   0x0800bd2c   0x0000000e   Code   RO         6033    i.usbd_CloseMassStorage  usb_bsp.o
    0x0800bd3a   0x0800bd3a   0x00000034   Code   RO         1793    i.validate          ff.o
    0x0800bd6e   0x0800bd6e   0x00000002   PAD
    0x0800bd70   0x0800bd70   0x00000074   Code   RO         1111    i.wav_buffill       wavplay.o
    0x0800bde4   0x0800bde4   0x000000d8   Code   RO         1112    i.wav_decode_init   wavplay.o
    0x0800bebc   0x0800bebc   0x00000178   Code   RO         1114    i.wav_play_song     wavplay.o
    0x0800c034   0x0800c034   0x00000054   Code   RO         1115    i.wav_sai_dma_tx_callback  wavplay.o
    0x0800c088   0x0800c088   0x00000038   Code   RO         1794    i.xdir_sum          ff.o
    0x0800c0c0   0x0800c0c0   0x00000044   Code   RO         1795    i.xname_sum         ff.o
    0x0800c104   0x0800c104   0x0000006e   Data   RO          911    .constdata          sai.o
    0x0800c172   0x0800c172   0x000017c0   Data   RO         1251    .constdata          oled.o
    0x0800d932   0x0800d932   0x00000002   PAD
    0x0800d934   0x0800d934   0x00000014   Data   RO         1371    .constdata          fontupd.o
    0x0800d948   0x0800d948   0x000003c0   Data   RO         1696    .constdata          mycc936.o
    0x0800dd08   0x0800dd08   0x0000004a   Data   RO         1797    .constdata          ff.o
    0x0800dd52   0x0800dd52   0x00000002   PAD
    0x0800dd54   0x0800dd54   0x00000024   Data   RO         2222    .constdata          malloc.o
    0x0800dd78   0x0800dd78   0x00000008   Data   RO         2584    .constdata          stm32f4xx_hal_dma.o
    0x0800dd80   0x0800dd80   0x00000010   Data   RO         3321    .constdata          stm32f4xx_hal_rcc.o
    0x0800dd90   0x0800dd90   0x00000007   Data   RO         6000    .constdata          usbd_msc_data.o
    0x0800dd97   0x0800dd97   0x00000008   Data   RO         6001    .constdata          usbd_msc_data.o
    0x0800dd9f   0x0800dd9f   0x00000008   Data   RO         6002    .constdata          usbd_msc_data.o
    0x0800dda7   0x0800dda7   0x0000006c   Data   RO         6179    .constdata          usbd_storage_msd.o
    0x0800de13   0x0800de13   0x00000122   Data   RO         6735    .constdata          kservice.o
    0x0800df35   0x0800df35   0x00000003   PAD
    0x0800df38   0x0800df38   0x00000077   Data   RO         1373    .conststring        fontupd.o
    0x0800dfaf   0x0800dfaf   0x00000001   PAD
    0x0800dfb0   0x0800dfb0   0x00000004   Data   RO         6410    .rti_fn.0           components.o
    0x0800dfb4   0x0800dfb4   0x00000004   Data   RO         6411    .rti_fn.0.end       components.o
    0x0800dfb8   0x0800dfb8   0x00000004   Data   RO         6412    .rti_fn.1.end       components.o
    0x0800dfbc   0x0800dfbc   0x00000004   Data   RO         6413    .rti_fn.6.end       components.o
    0x0800dfc0   0x0800dfc0   0x00000020   Data   RO         7665    Region$$Table       anon$$obj.o


    Execution Region RW_IRAM1 (Exec base: 0x20000000, Load base: 0x0800dfe0, Size: 0x0002fd38, Max: 0x00030000, ABSOLUTE, COMPRESSED[0x00000154])

    Exec Addr    Load Addr    Size         Type   Attr      Idx    E Section Name        Object

    0x20000000   COMPRESSED   0x00000004   Data   RW            7    .data               main.o
    0x20000004   COMPRESSED   0x00000014   Data   RW          289    .data               system_stm32f4xx.o
    0x20000018   COMPRESSED   0x00000010   Data   RW          419    .data               task.o
    0x20000028   COMPRESSED   0x00000074   Data   RW          558    .data               wm8978.o
    0x2000009c   COMPRESSED   0x00000002   Data   RW          695    .data               w25qxx.o
    0x2000009e   COMPRESSED   0x00000002   PAD
    0x200000a0   COMPRESSED   0x00000004   Data   RW          912    .data               sai.o
    0x200000a4   COMPRESSED   0x00000004   Data   RW          983    .data               usart.o
    0x200000a8   COMPRESSED   0x00000004   Data   RW          984    .data               usart.o
    0x200000ac   COMPRESSED   0x00000002   Data   RW         1117    .data               wavplay.o
    0x200000ae   COMPRESSED   0x00000005   Data   RW         1252    .data               oled.o
    0x200000b3   COMPRESSED   0x00000001   PAD
    0x200000b4   COMPRESSED   0x0000000c   Data   RW         1464    .data               exfuns.o
    0x200000c0   COMPRESSED   0x00000002   Data   RW         1798    .data               ff.o
    0x200000c2   COMPRESSED   0x00000002   PAD
    0x200000c4   COMPRESSED   0x00000024   Data   RW         2223    .data               malloc.o
    0x200000e8   COMPRESSED   0x00000004   Data   RW         2315    .data               stm32f4xx_hal.o
    0x200000ec   COMPRESSED   0x0000002c   Data   RW         5491    .data               usbd_core.o
    0x20000118   COMPRESSED   0x00000004   Data   RW         5492    .data               usbd_core.o
    0x2000011c   COMPRESSED   0x00000004   Data   RW         5493    .data               usbd_core.o
    0x20000120   COMPRESSED   0x00000010   Data   RW         5591    .data               usbd_req.o
    0x20000130   COMPRESSED   0x00000008   Data   RW         5746    .data               usbd_msc_bot.o
    0x20000138   COMPRESSED   0x0000002c   Data   RW         5833    .data               usbd_msc_core.o
    0x20000164   COMPRESSED   0x00000028   Data   RW         5834    .data               usbd_msc_core.o
    0x2000018c   COMPRESSED   0x00000004   PAD
    0x20000190   COMPRESSED   0x00000018   Data   RW         5905    .data               usbd_msc_scsi.o
    0x200001a8   COMPRESSED   0x0000001c   Data   RW         6102    .data               usbd_desc.o
    0x200001c4   COMPRESSED   0x00000030   Data   RW         6103    .data               usbd_desc.o
    0x200001f4   COMPRESSED   0x00000001   Data   RW         6180    .data               usbd_storage_msd.o
    0x200001f5   COMPRESSED   0x00000003   PAD
    0x200001f8   COMPRESSED   0x00000020   Data   RW         6181    .data               usbd_storage_msd.o
    0x20000218   COMPRESSED   0x00000004   Data   RW         6182    .data               usbd_storage_msd.o
    0x2000021c   COMPRESSED   0x00000001   Data   RW         6249    .data               usbd_usr.o
    0x2000021d   COMPRESSED   0x00000003   PAD
    0x20000220   COMPRESSED   0x0000001c   Data   RW         6250    .data               usbd_usr.o
    0x2000023c   COMPRESSED   0x00000004   Data   RW         6322    .data               cpuport.o
    0x20000240   COMPRESSED   0x00000004   Data   RW         6323    .data               cpuport.o
    0x20000244   COMPRESSED   0x00000004   Data   RW         6324    .data               cpuport.o
    0x20000248   COMPRESSED   0x00000004   Data   RW         6325    .data               cpuport.o
    0x2000024c   COMPRESSED   0x00000004   Data   RW         6364    .data               clock.o
    0x20000250   COMPRESSED   0x00000001   Data   RW         6683    .data               irq.o
    0x20000251   COMPRESSED   0x00000003   PAD
    0x20000254   COMPRESSED   0x00000018   Data   RW         6886    .data               mem.o
    0x2000026c   COMPRESSED   0x00000050   Data   RW         6939    .data               object.o
    0x200002bc   COMPRESSED   0x00000014   Data   RW         7012    .data               scheduler.o
    0x200002d0   COMPRESSED   0x0000000c   Data   RW         7202    .data               timer.o
    0x200002dc        -       0x000005f4   Zero   RW          418    .bss                task.o
    0x200008d0        -       0x00001000   Zero   RW          694    .bss                w25qxx.o
    0x200018d0        -       0x00000058   Zero   RW          802    .bss                spi.o
    0x20001928        -       0x000002b8   Zero   RW          851    .bss                sdio_sdcard.o
    0x20001be0        -       0x000000e0   Zero   RW          910    .bss                sai.o
    0x20001cc0        -       0x00000108   Zero   RW          982    .bss                usart.o
    0x20001dc8        -       0x00000020   Zero   RW         1116    .bss                wavplay.o
    0x20001de8        -       0x00000011   Zero   RW         1182    .bss                audioplay.o
    0x20001df9        -       0x00000400   Zero   RW         1250    .bss                oled.o
    0x200021f9        -       0x00000029   Zero   RW         1370    .bss                fontupd.o
    0x20002222   COMPRESSED   0x00000002   PAD
    0x20002224        -       0x0000000c   Zero   RW         1459    .bss                exfuns.o
    0x20002230        -       0x0000000c   Zero   RW         1796    .bss                ff.o
    0x2000223c   COMPRESSED   0x00000004   PAD
    0x20002240        -       0x00028000   Zero   RW         2220    .bss                malloc.o
    0x2002a240        -       0x00002800   Zero   RW         2221    .bss                malloc.o
    0x2002ca40        -       0x00000030   Zero   RW         5745    .bss                usbd_msc_bot.o
    0x2002ca70        -       0x0000002c   Zero   RW         5904    .bss                usbd_msc_scsi.o
    0x2002ca9c        -       0x00000040   Zero   RW         6101    .bss                usbd_desc.o
    0x2002cadc        -       0x00000178   Zero   RW         6473    .bss                idle.o
    0x2002cc54        -       0x00000080   Zero   RW         6734    .bss                kservice.o
    0x2002ccd4        -       0x00000020   Zero   RW         6885    .bss                mem.o
    0x2002ccf4        -       0x00000040   Zero   RW         7011    .bss                scheduler.o
    0x2002cd34        -       0x00002000   Zero   RW         7297    .bss                board.o
    0x2002ed34   COMPRESSED   0x00000004   PAD
    0x2002ed38        -       0x00001000   Zero   RW          403    STACK               startup_stm32f429xx.o



  Load Region LR$$.ARM.__AT_0x10000000 (Base: 0x10000000, Size: 0x00000000, Max: 0x0000f000, ABSOLUTE)

    Execution Region ER$$.ARM.__AT_0x10000000 (Exec base: 0x10000000, Load base: 0x10000000, Size: 0x0000f000, Max: 0x0000f000, ABSOLUTE, UNINIT)

    Exec Addr    Load Addr    Size         Type   Attr      Idx    E Section Name        Object

    0x10000000        -       0x0000f000   Zero   RW         2216    .ARM.__AT_0x10000000  malloc.o



  Load Region LR$$.ARM.__AT_0x1000F000 (Base: 0x1000f000, Size: 0x00000000, Max: 0x00000f00, ABSOLUTE)

    Execution Region ER$$.ARM.__AT_0x1000F000 (Exec base: 0x1000f000, Load base: 0x1000f000, Size: 0x00000f00, Max: 0x00000f00, ABSOLUTE, UNINIT)

    Exec Addr    Load Addr    Size         Type   Attr      Idx    E Section Name        Object

    0x1000f000        -       0x00000f00   Zero   RW         2217    .ARM.__AT_0x1000F000  malloc.o



  Load Region LR$$.ARM.__AT_0xC01F4000 (Base: 0xc01f4000, Size: 0x00000000, Max: 0x01c3c000, ABSOLUTE)

    Execution Region ER$$.ARM.__AT_0xC01F4000 (Exec base: 0xc01f4000, Load base: 0xc01f4000, Size: 0x01c3c000, Max: 0x01c3c000, ABSOLUTE, UNINIT)

    Exec Addr    Load Addr    Size         Type   Attr      Idx    E Section Name        Object

    0xc01f4000        -       0x01c3c000   Zero   RW         2218    .ARM.__AT_0xC01F4000  malloc.o



  Load Region LR$$.ARM.__AT_0xC1E30000 (Base: 0xc1e30000, Size: 0x00000000, Max: 0x001c3c00, ABSOLUTE)

    Execution Region ER$$.ARM.__AT_0xC1E30000 (Exec base: 0xc1e30000, Load base: 0xc1e30000, Size: 0x001c3c00, Max: 0x001c3c00, ABSOLUTE, UNINIT)

    Exec Addr    Load Addr    Size         Type   Attr      Idx    E Section Name        Object

    0xc1e30000        -       0x001c3c00   Zero   RW         2219    .ARM.__AT_0xC1E30000  malloc.o


==============================================================================

Image component sizes


      Code (inc. data)   RO Data    RW Data    ZI Data      Debug   Object Name

       184         50          0          0         17       4875   audioplay.o
       164         18          0          0       8192       3890   board.o
        56         12          0          4          0       1225   clock.o
       182         30         16          0          0       6048   components.o
       308         26          0          0          0        880   context_rvds.o
       596        344          0         16          0       4198   cpuport.o
       410          4          0          0          0       6011   diskio.o
       100          8          0         12         12       1642   exfuns.o
      9836         88         74          2         12      60657   ff.o
       644         26        139          0         41       4144   fontupd.o
       280         24          0          0          0       1124   gpioconfig.o
       218         26          0          0        376       5674   idle.o
       718          0          0          0          0      10350   ipc.o
        56         12          0          1          0       1610   irq.o
      1420        162        290          0        128       9768   kservice.o
       268         64          0          4          0     422376   main.o
       422         46         36         36   31695616       6402   malloc.o
       716        172          0         24         32       4148   mem.o
       160         14        960          0          0       1923   mycc936.o
       296         48          0          0          0       2981   myiic.o
       316          6          0         80          0       8504   object.o
      1574         68       6080          5       1024       9707   oled.o
       788         90        110          4        224       5695   sai.o
       432         58          0         20         64       8538   scheduler.o
       436         28          0          0        696       3971   sdio_sdcard.o
       244         26          0          0         88       2738   spi.o
        36          8        428          0       4096        816   startup_stm32f429xx.o
       106         10          0          4          0       3622   stm32f4xx_hal.o
       244         14          0          0          0      31591   stm32f4xx_hal_cortex.o
       258         12          8          0          0       2696   stm32f4xx_hal_dma.o
       128          0          0          0          0       1981   stm32f4xx_hal_dma_ex.o
       508         54          0          0          0       3255   stm32f4xx_hal_gpio.o
       140         14          0          0          0       1292   stm32f4xx_hal_pwr_ex.o
      1696         72         16          0          0       6819   stm32f4xx_hal_rcc.o
       696         38          0          0          0       1772   stm32f4xx_hal_rcc_ex.o
       430          8          0          0          0       3904   stm32f4xx_hal_sai.o
       228         32          0          0          0       1929   stm32f4xx_hal_sai_ex.o
      3972         18          0          0          0      22824   stm32f4xx_hal_sd.o
      1106          0          0          0          0       3865   stm32f4xx_hal_spi.o
      1256          8          0          0          0       7775   stm32f4xx_hal_uart.o
       168          6          0          0          0       5925   stm32f4xx_ll_sdmmc.o
       128          8          0          0          0       3555   sys.o
       220         34          0         20          0       1821   system_stm32f4xx.o
       468        158          0         16       1524      22519   task.o
       332          6          0          0          0       2648   text.o
       914         44          0          0          0      13830   thread.o
       618         14          0         12          0      11240   timer.o
       360         54          0          8        264       4857   usart.o
       142          8          0          0          0       3626   usb_bsp.o
      2290         32          0          0          0      21748   usb_core.o
       516          0          0          0          0       7263   usb_dcd.o
      1398         52          0          0          0       9783   usb_dcd_int.o
       658          4          0         52          0      10648   usbd_core.o
       382        136          0         76         64       6843   usbd_desc.o
       152          0          0          0          0       4354   usbd_ioreq.o
       648         98          0          8         48       8847   usbd_msc_bot.o
       350         14          0         84          0       5157   usbd_msc_core.o
         0          0         23          0          0        797   usbd_msc_data.o
      1760        212          0         24         44      15609   usbd_msc_scsi.o
      1456         58          0         16          0      11254   usbd_req.o
       218         28        108         37          0       6081   usbd_storage_msd.o
       350        262          0         29          0       4062   usbd_usr.o
       804         64          0          2       4096       7529   w25qxx.o
       792         60          0          2         32       5215   wavplay.o
       556          8          0        116          0       6952   wm8978.o

    ----------------------------------------------------------------------
     47402       3098       8328        732   31716700     895383   Object Totals
         0          0         32          0          0          0   (incl. Generated)
        94          0          8         18         10          0   (incl. Padding)

    ----------------------------------------------------------------------

      Code (inc. data)   RO Data    RW Data    ZI Data      Debug   Library Member Name

        86          0          0          0          0          0   __dczerorl2.o
         0          0          0          0          0          0   entry.o
         0          0          0          0          0          0   entry10a.o
         0          0          0          0          0          0   entry11a.o
         8          4          0          0          0          0   entry2.o
         4          0          0          0          0          0   entry5.o
         0          0          0          0          0          0   entry7b.o
         0          0          0          0          0          0   entry8b.o
         8          4          0          0          0          0   entry9a.o
        30          0          0          0          0          0   handlers.o
        36          8          0          0          0         68   init.o
        30          0          0          0          0         68   llshl.o
        32          0          0          0          0         68   llushr.o
        36          0          0          0          0         68   memcpya.o
      1154         54          0          0          0        352   printf8.o
        24          0          0          0          0         68   strcat.o
        18          0          0          0          0         68   strcpy.o
        14          0          0          0          0         68   strlen.o
        98          0          0          0          0         92   uldiv.o

    ----------------------------------------------------------------------
      1582         70          0          0          0        920   Library Totals
         4          0          0          0          0          0   (incl. Padding)

    ----------------------------------------------------------------------

      Code (inc. data)   RO Data    RW Data    ZI Data      Debug   Library Name

      1578         70          0          0          0        920   mc_w.l

    ----------------------------------------------------------------------
      1582         70          0          0          0        920   Library Totals

    ----------------------------------------------------------------------

==============================================================================


      Code (inc. data)   RO Data    RW Data    ZI Data      Debug   

     48984       3168       8328        732   31716700     849771   Grand Totals
     48984       3168       8328        340   31716700     849771   ELF Image Totals (compressed)
     48984       3168       8328        340          0          0   ROM Totals

==============================================================================

    Total RO  Size (Code + RO Data)                57312 (  55.97kB)
    Total RW  Size (RW Data + ZI Data)          31717432 (30974.05kB)
    Total ROM Size (Code + RO Data + RW Data)      57652 (  56.30kB)

==============================================================================

