Component: ARM Compiler 5.06 update 6 (build 750) Tool: armlink [4d35ed]

==============================================================================

Section Cross References

    main.o(i.ALL_Init) refers to stm32f4xx_hal_gpio.o(i.HAL_GPIO_WritePin) for HAL_GPIO_WritePin
    main.o(i.ALL_Init) refers to thread.o(i.rt_thread_delay) for rt_thread_delay
    main.o(i.ALL_Init) refers to w25qxx.o(i.W25QXX_Init) for W25QXX_Init
    main.o(i.ALL_Init) refers to spi.o(i.SPI3_Init) for SPI3_Init
    main.o(i.ALL_Init) refers to wm8978.o(i.WM8978_Init) for WM8978_Init
    main.o(i.ALL_Init) refers to oled.o(i.OLED_Init) for OLED_Init
    main.o(i.ALL_Init) refers to wm8978.o(i.WM8978_SPKvol_Set) for WM8978_SPKvol_Set
    main.o(i.ALL_Init) refers to oled.o(i.Movie_Show_Img) for Movie_Show_Img
    main.o(i.ALL_Init) refers to exfuns.o(i.exfuns_init) for exfuns_init
    main.o(i.ALL_Init) refers to ff.o(i.f_mount) for f_mount
    main.o(i.ALL_Init) refers to fontupd.o(i.font_init) for font_init
    main.o(i.ALL_Init) refers to fontupd.o(i.update_font) for update_font
    main.o(i.ALL_Init) refers to printfa.o(i.__0printf) for __2printf
    main.o(i.ALL_Init) refers to exfuns.o(.bss) for fs
    main.o(i.main) refers to main.o(i.ALL_Init) for ALL_Init
    main.o(i.main) refers to task.o(i.Semaphore_init) for Semaphore_init
    main.o(i.main) refers to task.o(i.Task_init) for Task_init
    system_stm32f4xx.o(i.SystemCoreClockUpdate) refers to system_stm32f4xx.o(.data) for .data
    sys.o(i.Stm32_Clock_Init) refers to stm32f4xx_hal_rcc.o(i.HAL_RCC_OscConfig) for HAL_RCC_OscConfig
    sys.o(i.Stm32_Clock_Init) refers to stm32f4xx_hal_pwr_ex.o(i.HAL_PWREx_EnableOverDrive) for HAL_PWREx_EnableOverDrive
    sys.o(i.Stm32_Clock_Init) refers to stm32f4xx_hal_rcc.o(i.HAL_RCC_ClockConfig) for HAL_RCC_ClockConfig
    startup_stm32f429xx.o(RESET) refers to startup_stm32f429xx.o(STACK) for __initial_sp
    startup_stm32f429xx.o(RESET) refers to startup_stm32f429xx.o(.text) for Reset_Handler
    startup_stm32f429xx.o(RESET) refers to context_rvds.o(.text) for HardFault_Handler
    startup_stm32f429xx.o(RESET) refers to board.o(i.SysTick_Handler) for SysTick_Handler
    startup_stm32f429xx.o(RESET) refers to usart.o(i.USART1_IRQHandler) for USART1_IRQHandler
    startup_stm32f429xx.o(RESET) refers to sai.o(i.DMA2_Stream3_IRQHandler) for DMA2_Stream3_IRQHandler
    startup_stm32f429xx.o(RESET) refers to usbd_usr.o(i.OTG_FS_IRQHandler) for OTG_FS_IRQHandler
    startup_stm32f429xx.o(.text) refers to system_stm32f4xx.o(i.SystemInit) for SystemInit
    startup_stm32f429xx.o(.text) refers to entry.o(.ARM.Collect$$$$00000000) for __main
    task.o(i.NFC_Transfer_Task) refers to printfa.o(i.__0printf) for __2printf
    task.o(i.NFC_Transfer_Task) refers to demo.o(i.demoIni) for demoIni
    task.o(i.NFC_Transfer_Task) refers to logger.o(i.logUsart) for logUsart
    task.o(i.NFC_Transfer_Task) refers to demo.o(i.demoCycle) for demoCycle
    task.o(i.NFC_Transfer_Task) refers to thread.o(i.rt_thread_delay) for rt_thread_delay
    task.o(i.OLED_Display_Task) refers to printfa.o(i.__0printf) for __2printf
    task.o(i.OLED_Display_Task) refers to oled.o(i.OLED_Clear) for OLED_Clear
    task.o(i.OLED_Display_Task) refers to oled.o(i.Show_String) for Show_String
    task.o(i.OLED_Display_Task) refers to oled.o(i.OLED_Refresh_Gram) for OLED_Refresh_Gram
    task.o(i.OLED_Display_Task) refers to oled.o(i.BattChek) for BattChek
    task.o(i.OLED_Display_Task) refers to thread.o(i.rt_thread_delay) for rt_thread_delay
    task.o(i.Semaphore_init) refers to ipc.o(i.rt_mutex_create) for rt_mutex_create
    task.o(i.Semaphore_init) refers to task.o(.data) for .data
    task.o(i.Task_init) refers to thread.o(i.rt_thread_create) for rt_thread_create
    task.o(i.Task_init) refers to thread.o(i.rt_thread_startup) for rt_thread_startup
    task.o(i.Task_init) refers to task.o(i.Wav_Player_Task) for Wav_Player_Task
    task.o(i.Task_init) refers to task.o(.data) for .data
    task.o(i.Task_init) refers to task.o(i.USB_Transfer_Task) for USB_Transfer_Task
    task.o(i.Task_init) refers to task.o(i.OLED_Display_Task) for OLED_Display_Task
    task.o(i.Task_init) refers to task.o(i.NFC_Transfer_Task) for NFC_Transfer_Task
    task.o(i.USB_Transfer_Task) refers to printfa.o(i.__0printf) for __2printf
    task.o(i.USB_Transfer_Task) refers to stm32f4xx_hal_gpio.o(i.HAL_GPIO_ReadPin) for HAL_GPIO_ReadPin
    task.o(i.USB_Transfer_Task) refers to sdio_sdcard.o(i.SD_Init) for SD_Init
    task.o(i.USB_Transfer_Task) refers to mem.o(i.rt_malloc) for rt_malloc
    task.o(i.USB_Transfer_Task) refers to usbd_core.o(i.USBD_Init) for USBD_Init
    task.o(i.USB_Transfer_Task) refers to ipc.o(i.rt_mutex_take) for rt_mutex_take
    task.o(i.USB_Transfer_Task) refers to thread.o(i.rt_thread_suspend) for rt_thread_suspend
    task.o(i.USB_Transfer_Task) refers to thread.o(i.rt_thread_delay) for rt_thread_delay
[...]
    __initial_sp                             0x2002c588   Data           0  startup_stm32f429xx.o(STACK)



==============================================================================

Memory Map of the image

  Image Entry point : 0x080001ad

  Load Region LR_IROM1 (Base: 0x08000000, Size: 0x00014010, Max: 0x00080000, ABSOLUTE, COMPRESSED[0x00013e4c])

    Execution Region ER_IROM1 (Exec base: 0x08000000, Load base: 0x08000000, Size: 0x00013c18, Max: 0x00080000, ABSOLUTE)

    Exec Addr    Load Addr    Size         Type   Attr      Idx    E Section Name        Object

    0x08000000   0x08000000   0x000001ac   Data   RO          401    RESET               startup_stm32f429xx.o
    0x080001ac   0x080001ac   0x00000000   Code   RO         9356  * .ARM.Collect$$$$00000000  mc_w.l(entry.o)
    0x080001ac   0x080001ac   0x00000004   Code   RO         9644    .ARM.Collect$$$$00000001  mc_w.l(entry2.o)
    0x080001b0   0x080001b0   0x00000004   Code   RO         9647    .ARM.Collect$$$$00000004  mc_w.l(entry5.o)
    0x080001b4   0x080001b4   0x00000000   Code   RO         9649    .ARM.Collect$$$$00000008  mc_w.l(entry7b.o)
    0x080001b4   0x080001b4   0x00000000   Code   RO         9651    .ARM.Collect$$$$0000000A  mc_w.l(entry8b.o)
    0x080001b4   0x080001b4   0x00000008   Code   RO         9652    .ARM.Collect$$$$0000000B  mc_w.l(entry9a.o)
    0x080001bc   0x080001bc   0x00000000   Code   RO         9654    .ARM.Collect$$$$0000000D  mc_w.l(entry10a.o)
    0x080001bc   0x080001bc   0x00000000   Code   RO         9656    .ARM.Collect$$$$0000000F  mc_w.l(entry11a.o)
    0x080001bc   0x080001bc   0x00000004   Code   RO         9645    .ARM.Collect$$$$00002712  mc_w.l(entry2.o)
    0x080001c0   0x080001c0   0x00000024   Code   RO          402    .text               startup_stm32f429xx.o
    0x080001e4   0x080001e4   0x00000134   Code   RO         8336    .text               context_rvds.o
    0x08000318   0x08000318   0x00000062   Code   RO         9359    .text               mc_w.l(uldiv.o)
    0x0800037a   0x0800037a   0x00000040   Code   RO         9365    .text               mc_w.l(memmovea.o)
    0x080003ba   0x080003ba   0x00000024   Code   RO         9367    .text               mc_w.l(memseta.o)
    0x080003de   0x080003de   0x00000018   Code   RO         9369    .text               mc_w.l(strcat.o)
    0x080003f6   0x080003f6   0x0000000e   Code   RO         9371    .text               mc_w.l(strlen.o)
    0x08000404   0x08000404   0x0000001c   Code   RO         9373    .text               mc_w.l(strcmp.o)
    0x08000420   0x08000420   0x0000001a   Code   RO         9375    .text               mc_w.l(memcmp.o)
    0x0800043a   0x0800043a   0x00000012   Code   RO         9377    .text               mc_w.l(strcpy.o)
    0x0800044c   0x0800044c   0x0000002c   Code   RO         9658    .text               mc_w.l(uidiv.o)
    0x08000478   0x08000478   0x0000001e   Code   RO         9660    .text               mc_w.l(llshl.o)
    0x08000496   0x08000496   0x00000020   Code   RO         9662    .text               mc_w.l(llushr.o)
    0x080004b6   0x080004b6   0x00000000   Code   RO         9664    .text               mc_w.l(iusefp.o)
    0x080004b6   0x080004b6   0x0000014e   Code   RO         9665    .text               mf_w.l(dadd.o)
    0x08000604   0x08000604   0x000000e4   Code   RO         9667    .text               mf_w.l(dmul.o)
    0x080006e8   0x080006e8   0x000000de   Code   RO         9669    .text               mf_w.l(ddiv.o)
    0x080007c6   0x080007c6   0x00000030   Code   RO         9671    .text               mf_w.l(dfixul.o)
    0x080007f6   0x080007f6   0x00000002   PAD
    0x080007f8   0x080007f8   0x00000030   Code   RO         9673    .text               mf_w.l(cdrcmple.o)
    0x08000828   0x08000828   0x00000024   Code   RO         9675    .text               mc_w.l(init.o)
    0x0800084c   0x0800084c   0x00000024   Code   RO         9677    .text               mc_w.l(llsshr.o)
    0x08000870   0x08000870   0x000000ba   Code   RO         9679    .text               mf_w.l(depilogue.o)
    0x0800092a   0x0800092a   0x00000056   Code   RO         9689    .text               mc_w.l(__dczerorl2.o)
    0x08000980   0x08000980   0x0000000a   Code   RO         8423    i.$Sub$$main        components.o
    0x0800098a   0x0800098a   0x00000002   PAD
    0x0800098c   0x0800098c   0x00000194   Code   RO          532    i.ALL_GPIO_init     gpioconfig.o
    0x08000b20   0x08000b20   0x000000bc   Code   RO            4    i.ALL_Init          main.o
    0x08000bdc   0x08000bdc   0x00000150   Code   RO         1250    i.BattChek          oled.o
    0x08000d2c   0x08000d2c   0x00000010   Code   RO         5119    i.DCD_DevDisconnect  usb_dcd.o
    0x08000d3c   0x08000d3c   0x0000002c   Code   RO         5120    i.DCD_EP_Close      usb_dcd.o
    0x08000d68   0x08000d68   0x00000038   Code   RO         5121    i.DCD_EP_ClrStall   usb_dcd.o
    0x08000da0   0x08000da0   0x00000018   Code   RO         5122    i.DCD_EP_Flush      usb_dcd.o
    0x08000db8   0x08000db8   0x0000003c   Code   RO         5123    i.DCD_EP_Open       usb_dcd.o
    0x08000df4   0x08000df4   0x00000044   Code   RO         5124    i.DCD_EP_PrepareRx  usb_dcd.o
    0x08000e38   0x08000e38   0x00000010   Code   RO         5125    i.DCD_EP_SetAddress  usb_dcd.o
    0x08000e48   0x08000e48   0x00000038   Code   RO         5126    i.DCD_EP_Stall      usb_dcd.o
    0x08000e80   0x08000e80   0x0000003e   Code   RO         5127    i.DCD_EP_Tx         usb_dcd.o
    0x08000ebe   0x08000ebe   0x00000050   Code   RO         5214    i.DCD_HandleEnumDone_ISR  usb_dcd_int.o
    0x08000f0e   0x08000f0e   0x00000002   PAD
    0x08000f10   0x08000f10   0x000000c0   Code   RO         5215    i.DCD_HandleInEP_ISR  usb_dcd_int.o
    0x08000fd0   0x08000fd0   0x000000ac   Code   RO         5216    i.DCD_HandleOutEP_ISR  usb_dcd_int.o
    0x0800107c   0x0800107c   0x0000007c   Code   RO         5217    i.DCD_HandleRxStatusQueueLevel_ISR  usb_dcd_int.o
    0x080010f8   0x080010f8   0x00000070   Code   RO         5218    i.DCD_HandleUSBSuspend_ISR  usb_dcd_int.o
    0x08001168   0x08001168   0x00000084   Code   RO         5219    i.DCD_HandleUsbReset_ISR  usb_dcd_int.o
    0x080011ec   0x080011ec   0x00000094   Code   RO         5129    i.DCD_Init          usb_dcd.o
    0x08001280   0x08001280   0x00000094   Code   RO         5220    i.DCD_WriteEmptyTxFifo  usb_dcd_int.o
    0x08001314   0x08001314   0x00000078   Code   RO          925    i.DMA2_Stream3_IRQHandler  sai.o
    0x0800138c   0x0800138c   0x00000028   Code   RO         2504    i.DMA_CalcBaseAndBitshift  stm32f4xx_hal_dma.o
    0x080013b4   0x080013b4   0x0000001e   Code   RO         2587    i.DMA_MultiBufferSetConfig  stm32f4xx_hal_dma_ex.o
    0x080013d2   0x080013d2   0x00000002   PAD
    0x080013d4   0x080013d4   0x00000098   Code   RO         1435    i.Get_HzMat         text.o
    0x0800146c   0x0800146c   0x0000005c   Code   RO         2589    i.HAL_DMAEx_MultiBufferStart  stm32f4xx_hal_dma_ex.o
    0x080014c8   0x080014c8   0x00000056   Code   RO         2507    i.HAL_DMA_DeInit    stm32f4xx_hal_dma.o
    0x0800151e   0x0800151e   0x00000002   PAD
    0x08001520   0x08001520   0x00000078   Code   RO         2511    i.HAL_DMA_Init      stm32f4xx_hal_dma.o
    0x08001598   0x08001598   0x00000016   Code   RO         2230    i.HAL_Delay         stm32f4xx_hal.o
    0x080015ae   0x080015ae   0x00000002   PAD
    0x080015b0   0x080015b0   0x000001cc   Code   RO         2867    i.HAL_GPIO_Init     stm32f4xx_hal_gpio.o
    0x0800177c   0x0800177c   0x0000000a   Code   RO         2869    i.HAL_GPIO_ReadPin  stm32f4xx_hal_gpio.o
    0x08001786   0x08001786   0x0000000a   Code   RO         2871    i.HAL_GPIO_WritePin  stm32f4xx_hal_gpio.o
    0x08001790   0x08001790   0x00000012   Code   RO         9294    i.HAL_GetTick       board.o
    0x080017a2   0x080017a2   0x00000002   PAD
    0x080017a4   0x080017a4   0x00000010   Code   RO         2239    i.HAL_IncTick       stm32f4xx_hal.o
    0x080017b4   0x080017b4   0x00000034   Code   RO         2240    i.HAL_Init          stm32f4xx_hal.o
    0x080017e8   0x080017e8   0x00000022   Code   RO         2241    i.HAL_InitTick      stm32f4xx_hal.o
    0x0800180a   0x0800180a   0x00000008   Code   RO         2243    i.HAL_MspInit       stm32f4xx_hal.o
    0x08001812   0x08001812   0x00000016   Code   RO         2383    i.HAL_NVIC_DisableIRQ  stm32f4xx_hal_cortex.o
    0x08001828   0x08001828   0x00000016   Code   RO         2384    i.HAL_NVIC_EnableIRQ  stm32f4xx_hal_cortex.o
    0x0800183e   0x0800183e   0x00000002   PAD
    0x08001840   0x08001840   0x00000040   Code   RO         2390    i.HAL_NVIC_SetPriority  stm32f4xx_hal_cortex.o
    0x08001880   0x08001880   0x00000024   Code   RO         2391    i.HAL_NVIC_SetPriorityGrouping  stm32f4xx_hal_cortex.o
    0x080018a4   0x080018a4   0x0000008c   Code   RO         3104    i.HAL_PWREx_EnableOverDrive  stm32f4xx_hal_pwr_ex.o
    0x08001930   0x08001930   0x000002a8   Code   RO         3294    i.HAL_RCCEx_PeriphCLKConfig  stm32f4xx_hal_rcc_ex.o
    0x08001bd8   0x08001bd8   0x0000020c   Code   RO         3189    i.HAL_RCC_ClockConfig  stm32f4xx_hal_rcc.o
    0x08001de4   0x08001de4   0x00000034   Code   RO         3194    i.HAL_RCC_GetHCLKFreq  stm32f4xx_hal_rcc.o
    0x08001e18   0x08001e18   0x0000002c   Code   RO         3196    i.HAL_RCC_GetPCLK1Freq  stm32f4xx_hal_rcc.o
    0x08001e44   0x08001e44   0x0000002c   Code   RO         3197    i.HAL_RCC_GetPCLK2Freq  stm32f4xx_hal_rcc.o
    0x08001e70   0x08001e70   0x00000074   Code   RO         3198    i.HAL_RCC_GetSysClockFreq  stm32f4xx_hal_rcc.o
    0x08001ee4   0x08001ee4   0x0000033c   Code   RO         3201    i.HAL_RCC_OscConfig  stm32f4xx_hal_rcc.o
    0x08002220   0x08002220   0x00000042   Code   RO         3333    i.HAL_SAI_DeInit    stm32f4xx_hal_sai.o
    0x08002262   0x08002262   0x00000002   Code   RO         3338    i.HAL_SAI_ErrorCallback  stm32f4xx_hal_sai.o
    0x08002264   0x08002264   0x0000012c   Code   RO         3342    i.HAL_SAI_Init      stm32f4xx_hal_sai.o
    0x08002390   0x08002390   0x00000002   Code   RO         3344    i.HAL_SAI_MspDeInit  stm32f4xx_hal_sai.o
    0x08002392   0x08002392   0x00000002   PAD
    0x08002394   0x08002394   0x00000054   Code   RO          926    i.HAL_SAI_MspInit   sai.o
    0x080023e8   0x080023e8   0x000002b8   Code   RO         3629    i.HAL_SD_Get_CardInfo  stm32f4xx_hal_sd.o
    0x080026a0   0x080026a0   0x000000a0   Code   RO         3632    i.HAL_SD_Init       stm32f4xx_hal_sd.o
    0x08002740   0x08002740   0x00000084   Code   RO          869    i.HAL_SD_MspInit    sdio_sdcard.o
    0x080027c4   0x080027c4   0x0000017c   Code   RO         3635    i.HAL_SD_ReadBlocks  stm32f4xx_hal_sd.o
    0x08002940   0x08002940   0x0000002c   Code   RO         3638    i.HAL_SD_StopTransfer  stm32f4xx_hal_sd.o
    0x0800296c   0x0800296c   0x0000005e   Code   RO         3639    i.HAL_SD_WideBusOperation_Config  stm32f4xx_hal_sd.o
    0x080029ca   0x080029ca   0x00000002   PAD
    0x080029cc   0x080029cc   0x000001d8   Code   RO         3640    i.HAL_SD_WriteBlocks  stm32f4xx_hal_sd.o
    0x08002ba4   0x08002ba4   0x00000084   Code   RO         4027    i.HAL_SPI_Init      stm32f4xx_hal_spi.o
    0x08002c28   0x08002c28   0x000000d0   Code   RO          812    i.HAL_SPI_MspInit   spi.o
    0x08002cf8   0x08002cf8   0x000002aa   Code   RO         4036    i.HAL_SPI_TransmitReceive  stm32f4xx_hal_spi.o
    0x08002fa2   0x08002fa2   0x00000018   Code   RO         2393    i.HAL_SYSTICK_CLKSourceConfig  stm32f4xx_hal_cortex.o
    0x08002fba   0x08002fba   0x00000028   Code   RO         2395    i.HAL_SYSTICK_Config  stm32f4xx_hal_cortex.o
    0x08002fe2   0x08002fe2   0x00000002   Code   RO         4275    i.HAL_UART_ErrorCallback  stm32f4xx_hal_uart.o
    0x08002fe4   0x08002fe4   0x00000006   Code   RO         4277    i.HAL_UART_GetState  stm32f4xx_hal_uart.o
    0x08002fea   0x08002fea   0x00000002   PAD
    0x08002fec   0x08002fec   0x000000f6   Code   RO         4278    i.HAL_UART_IRQHandler  stm32f4xx_hal_uart.o
    0x080030e2   0x080030e2   0x0000005e   Code   RO         4279    i.HAL_UART_Init     stm32f4xx_hal_uart.o
    0x08003140   0x08003140   0x0000007c   Code   RO          999    i.HAL_UART_MspInit  usart.o
    0x080031bc   0x080031bc   0x0000006a   Code   RO         4284    i.HAL_UART_Receive_IT  stm32f4xx_hal_uart.o
    0x08003226   0x08003226   0x00000002   PAD
    0x08003228   0x08003228   0x00000058   Code   RO         1000    i.HAL_UART_RxCpltCallback  usart.o
    0x08003280   0x08003280   0x000000cc   Code   RO         4287    i.HAL_UART_Transmit  stm32f4xx_hal_uart.o
    0x0800334c   0x0800334c   0x00000002   Code   RO         4290    i.HAL_UART_TxCpltCallback  stm32f4xx_hal_uart.o
    0x0800334e   0x0800334e   0x00000002   PAD
    0x08003350   0x08003350   0x00000048   Code   RO         1066    i.IIC_Init          myiic.o
    0x08003398   0x08003398   0x00000044   Code   RO         1069    i.IIC_Send_Byte     myiic.o
    0x080033dc   0x080033dc   0x00000034   Code   RO         1070    i.IIC_Start         myiic.o
    0x08003410   0x08003410   0x00000034   Code   RO         1071    i.IIC_Stop          myiic.o
    0x08003444   0x08003444   0x00000048   Code   RO         1072    i.IIC_Wait_Ack      myiic.o
    0x0800348c   0x0800348c   0x00000038   Code   RO         5831    i.IntToUnicode      usbd_desc.o
    0x080034c4   0x080034c4   0x00000044   Code   RO         5504    i.MSC_BOT_Abort     usbd_msc_bot.o
    0x08003508   0x08003508   0x000000bc   Code   RO         5505    i.MSC_BOT_CBW_Decode  usbd_msc_bot.o
    0x080035c4   0x080035c4   0x0000002c   Code   RO         5506    i.MSC_BOT_CplClrFeature  usbd_msc_bot.o
    0x080035f0   0x080035f0   0x00000040   Code   RO         5507    i.MSC_BOT_DataIn    usbd_msc_bot.o
    0x08003630   0x08003630   0x00000040   Code   RO         5508    i.MSC_BOT_DataOut   usbd_msc_bot.o
    0x08003670   0x08003670   0x0000000c   Code   RO         5509    i.MSC_BOT_DeInit    usbd_msc_bot.o
    0x0800367c   0x0800367c   0x00000044   Code   RO         5510    i.MSC_BOT_Init      usbd_msc_bot.o
    0x080036c0   0x080036c0   0x0000001c   Code   RO         5511    i.MSC_BOT_Reset     usbd_msc_bot.o
    0x080036dc   0x080036dc   0x0000003c   Code   RO         5512    i.MSC_BOT_SendCSW   usbd_msc_bot.o
    0x08003718   0x08003718   0x00000070   Code   RO         1251    i.Movie_Show_Img    oled.o
    0x08003788   0x08003788   0x00000074   Code   RO          409    i.NFC_Transfer_Task  task.o
    0x080037fc   0x080037fc   0x00000020   Code   RO         2397    i.NVIC_SetPriority  stm32f4xx_hal_cortex.o
    0x0800381c   0x0800381c   0x0000002c   Code   RO         1252    i.OLED_Clear        oled.o
    0x08003848   0x08003848   0x00000050   Code   RO          410    i.OLED_Display_Task  task.o
    0x08003898   0x08003898   0x0000009c   Code   RO         1255    i.OLED_DrawLine     oled.o
    0x08003934   0x08003934   0x0000003c   Code   RO         1256    i.OLED_DrawPoint    oled.o
    0x08003970   0x08003970   0x00000044   Code   RO         1257    i.OLED_DrawRectangle  oled.o
    0x080039b4   0x080039b4   0x00000038   Code   RO         1258    i.OLED_Fill         oled.o
    0x080039ec   0x080039ec   0x0000016c   Code   RO         1259    i.OLED_Init         oled.o
    0x08003b58   0x08003b58   0x0000004c   Code   RO         1260    i.OLED_Refresh_Gram  oled.o
    0x08003ba4   0x08003ba4   0x00000048   Code   RO         1264    i.OLED_WR_Byte      oled.o
    0x08003bec   0x08003bec   0x0000000c   Code   RO         5975    i.OTG_FS_IRQHandler  usbd_usr.o
    0x08003bf8   0x08003bf8   0x00000010   Code   RO          927    i.SAIA_DMA_Enable   sai.o
    0x08003c08   0x08003c08   0x00000074   Code   RO          928    i.SAIA_Init         sai.o
    0x08003c7c   0x08003c7c   0x00000090   Code   RO          929    i.SAIA_SampleRate_Set  sai.o
    0x08003d0c   0x08003d0c   0x000000f0   Code   RO          930    i.SAIA_TX_DMA_Init  sai.o
    0x08003dfc   0x08003dfc   0x00000020   Code   RO         3589    i.SAI_BlockSynchroConfig  stm32f4xx_hal_sai_ex.o
    0x08003e1c   0x08003e1c   0x00000042   Code   RO         3361    i.SAI_Disable       stm32f4xx_hal_sai.o
    0x08003e5e   0x08003e5e   0x00000002   PAD
    0x08003e60   0x08003e60   0x000000b0   Code   RO         3590    i.SAI_GetInputClock  stm32f4xx_hal_sai_ex.o
    0x08003f10   0x08003f10   0x00000014   Code   RO          931    i.SAI_Play_Start    sai.o
    0x08003f24   0x08003f24   0x00000014   Code   RO          932    i.SAI_Play_Stop     sai.o
    0x08003f38   0x08003f38   0x00000024   Code   RO         5652    i.SCSI_CheckAddressRange  usbd_msc_scsi.o
    0x08003f5c   0x08003f5c   0x00000158   Code   RO         5653    i.SCSI_ProcessCmd   usbd_msc_scsi.o
    0x080040b4   0x080040b4   0x00000098   Code   RO         5654    i.SCSI_ProcessRead  usbd_msc_scsi.o
    0x0800414c   0x0800414c   0x000000a4   Code   RO         5655    i.SCSI_ProcessWrite  usbd_msc_scsi.o
    0x080041f0   0x080041f0   0x000000bc   Code   RO         5656    i.SCSI_Read10       usbd_msc_scsi.o
    0x080042ac   0x080042ac   0x00000084   Code   RO         5657    i.SCSI_ReadCapacity10  usbd_msc_scsi.o
    0x08004330   0x08004330   0x00000074   Code   RO         5658    i.SCSI_ReadFormatCapacity  usbd_msc_scsi.o
    0x080043a4   0x080043a4   0x00000068   Code   RO         5659    i.SCSI_RequestSense  usbd_msc_scsi.o
    0x0800440c   0x0800440c   0x0000002c   Code   RO         5660    i.SCSI_SenseCode    usbd_msc_scsi.o
    0x08004438   0x08004438   0x00000054   Code   RO         5661    i.SCSI_Verify10     usbd_msc_scsi.o
    0x0800448c   0x0800448c   0x000000d8   Code   RO         5662    i.SCSI_Write10      usbd_msc_scsi.o
    0x08004564   0x08004564   0x00000024   Code   RO         4796    i.SDIO_DataConfig   stm32f4xx_ll_sdmmc.o
    0x08004588   0x08004588   0x00000006   Code   RO         4797    i.SDIO_GetCommandResponse  stm32f4xx_ll_sdmmc.o
    0x0800458e   0x0800458e   0x00000008   Code   RO         4800    i.SDIO_GetPowerState  stm32f4xx_ll_sdmmc.o
    0x08004596   0x08004596   0x00000002   PAD
    0x08004598   0x08004598   0x00000010   Code   RO         4801    i.SDIO_GetResponse  stm32f4xx_ll_sdmmc.o
    0x080045a8   0x080045a8   0x00000024   Code   RO         4802    i.SDIO_Init         stm32f4xx_ll_sdmmc.o
    0x080045cc   0x080045cc   0x00000008   Code   RO         4804    i.SDIO_PowerState_ON  stm32f4xx_ll_sdmmc.o
    0x080045d4   0x080045d4   0x00000006   Code   RO         4805    i.SDIO_ReadFIFO     stm32f4xx_ll_sdmmc.o
    0x080045da   0x080045da   0x00000020   Code   RO         4806    i.SDIO_SendCommand  stm32f4xx_ll_sdmmc.o
    0x080045fa   0x080045fa   0x0000000a   Code   RO         4808    i.SDIO_WriteFIFO    stm32f4xx_ll_sdmmc.o
    0x08004604   0x08004604   0x000000ec   Code   RO         3644    i.SD_CmdResp1Error  stm32f4xx_hal_sd.o
    0x080046f0   0x080046f0   0x0000002e   Code   RO         3645    i.SD_CmdResp2Error  stm32f4xx_hal_sd.o
    0x0800471e   0x0800471e   0x00000072   Code   RO         3646    i.SD_CmdResp6Error  stm32f4xx_hal_sd.o
    0x08004790   0x08004790   0x00000040   Code   RO         3647    i.SD_CmdResp7Error  stm32f4xx_hal_sd.o
    0x080047d0   0x080047d0   0x0000010a   Code   RO         3652    i.SD_FindSCR        stm32f4xx_hal_sd.o
    0x080048da   0x080048da   0x00000002   PAD
    0x080048dc   0x080048dc   0x00000040   Code   RO          871    i.SD_Init           sdio_sdcard.o
    0x0800491c   0x0800491c   0x000000dc   Code   RO         3653    i.SD_Initialize_Cards  stm32f4xx_hal_sd.o
    0x080049f8   0x080049f8   0x0000013c   Code   RO         3654    i.SD_IsCardProgramming  stm32f4xx_hal_sd.o
    0x08004b34   0x08004b34   0x00000170   Code   RO         3655    i.SD_PowerON        stm32f4xx_hal_sd.o
    0x08004ca4   0x08004ca4   0x00000078   Code   RO          872    i.SD_ReadDisk       sdio_sdcard.o
    0x08004d1c   0x08004d1c   0x00000072   Code   RO         3656    i.SD_WideBus_Disable  stm32f4xx_hal_sd.o
    0x08004d8e   0x08004d8e   0x00000074   Code   RO         3657    i.SD_WideBus_Enable  stm32f4xx_hal_sd.o
    0x08004e02   0x08004e02   0x00000002   PAD
    0x08004e04   0x08004e04   0x00000078   Code   RO          873    i.SD_WriteDisk      sdio_sdcard.o
    0x08004e7c   0x08004e7c   0x00000050   Code   RO          813    i.SPI1_Init         spi.o
    0x08004ecc   0x08004ecc   0x00000020   Code   RO          814    i.SPI1_ReadWriteByte  spi.o
    0x08004eec   0x08004eec   0x00000034   Code   RO          815    i.SPI1_SetSpeed     spi.o
    0x08004f20   0x08004f20   0x00000048   Code   RO          816    i.SPI3_Init         spi.o
    0x08004f68   0x08004f68   0x0000009e   Code   RO         4058    i.SPI_WaitOnFlagUntilTimeout  stm32f4xx_hal_spi.o
    0x08005006   0x08005006   0x00000002   PAD
    0x08005008   0x08005008   0x00000020   Code   RO         5906    i.STORAGE_GetCapacity  usbd_storage_msd.o
    0x08005028   0x08005028   0x00000018   Code   RO         5907    i.STORAGE_GetMaxLun  usbd_storage_msd.o
    0x08005040   0x08005040   0x00000012   Code   RO         5908    i.STORAGE_Init      usbd_storage_msd.o
    0x08005052   0x08005052   0x00000002   PAD
    0x08005054   0x08005054   0x00000014   Code   RO         5909    i.STORAGE_IsReady   usbd_storage_msd.o
    0x08005068   0x08005068   0x00000004   Code   RO         5910    i.STORAGE_IsWriteProtected  usbd_storage_msd.o
    0x0800506c   0x0800506c   0x00000038   Code   RO         5911    i.STORAGE_Read      usbd_storage_msd.o
    0x080050a4   0x080050a4   0x00000038   Code   RO         5912    i.STORAGE_Write     usbd_storage_msd.o
    0x080050dc   0x080050dc   0x00000030   Code   RO          411    i.Semaphore_init    task.o
    0x0800510c   0x0800510c   0x0000009c   Code   RO         1436    i.Show_Font         text.o
    0x080051a8   0x080051a8   0x0000008c   Code   RO         1265    i.Show_String       oled.o
    0x08005234   0x08005234   0x00000098   Code   RO         1266    i.Show_chars        oled.o
    0x080052cc   0x080052cc   0x00000084   Code   RO          371    i.Stm32_Clock_Init  sys.o
    0x08005350   0x08005350   0x00000016   Code   RO         9295    i.SysTick_Handler   board.o
    0x08005366   0x08005366   0x00000002   PAD
    0x08005368   0x08005368   0x0000007c   Code   RO          283    i.SystemCoreClockUpdate  system_stm32f4xx.o
    0x080053e4   0x080053e4   0x00000054   Code   RO          284    i.SystemInit        system_stm32f4xx.o
    0x08005438   0x08005438   0x000000e0   Code   RO          412    i.Task_init         task.o
    0x08005518   0x08005518   0x000000a8   Code   RO         4297    i.UART_Receive_IT   stm32f4xx_hal_uart.o
    0x080055c0   0x080055c0   0x00000178   Code   RO         4298    i.UART_SetConfig    stm32f4xx_hal_uart.o
    0x08005738   0x08005738   0x00000066   Code   RO         4299    i.UART_Transmit_IT  stm32f4xx_hal_uart.o
    0x0800579e   0x0800579e   0x00000092   Code   RO         4300    i.UART_WaitOnFlagUntilTimeout  stm32f4xx_hal_uart.o
    0x08005830   0x08005830   0x00000044   Code   RO         1001    i.USART1_IRQHandler  usart.o
    0x08005874   0x08005874   0x0000000e   Code   RO         5277    i.USBD_ClrCfg       usbd_core.o
    0x08005882   0x08005882   0x00000012   Code   RO         5444    i.USBD_CtlContinueRx  usbd_ioreq.o
    0x08005894   0x08005894   0x00000012   Code   RO         5445    i.USBD_CtlContinueSendData  usbd_ioreq.o
    0x080058a6   0x080058a6   0x0000001c   Code   RO         5372    i.USBD_CtlError     usbd_req.o
    0x080058c2   0x080058c2   0x00000022   Code   RO         5447    i.USBD_CtlReceiveStatus  usbd_ioreq.o
    0x080058e4   0x080058e4   0x00000020   Code   RO         5448    i.USBD_CtlSendData  usbd_ioreq.o
    0x08005904   0x08005904   0x00000022   Code   RO         5449    i.USBD_CtlSendStatus  usbd_ioreq.o
    0x08005926   0x08005926   0x00000002   PAD
    0x08005928   0x08005928   0x000000bc   Code   RO         5278    i.USBD_DataInStage  usbd_core.o
    0x080059e4   0x080059e4   0x00000078   Code   RO         5279    i.USBD_DataOutStage  usbd_core.o
    0x08005a5c   0x08005a5c   0x000000b8   Code   RO         5373    i.USBD_GetDescriptor  usbd_req.o
    0x08005b14   0x08005b14   0x00000010   Code   RO         5450    i.USBD_GetRxCount   usbd_ioreq.o
    0x08005b24   0x08005b24   0x00000046   Code   RO         5374    i.USBD_GetString    usbd_req.o
    0x08005b6a   0x08005b6a   0x00000034   Code   RO         5281    i.USBD_Init         usbd_core.o
    0x08005b9e   0x08005b9e   0x0000000e   Code   RO         5282    i.USBD_IsoINIncomplete  usbd_core.o
    0x08005bac   0x08005bac   0x0000000e   Code   RO         5283    i.USBD_IsoOUTIncomplete  usbd_core.o
    0x08005bba   0x08005bba   0x0000000a   Code   RO         5591    i.USBD_MSC_DataIn   usbd_msc_core.o
    0x08005bc4   0x08005bc4   0x0000000a   Code   RO         5592    i.USBD_MSC_DataOut  usbd_msc_core.o
    0x08005bce   0x08005bce   0x0000001c   Code   RO         5593    i.USBD_MSC_DeInit   usbd_msc_core.o
    0x08005bea   0x08005bea   0x00000002   PAD
    0x08005bec   0x08005bec   0x0000000c   Code   RO         5594    i.USBD_MSC_GetCfgDesc  usbd_msc_core.o
    0x08005bf8   0x08005bf8   0x0000002a   Code   RO         5595    i.USBD_MSC_Init     usbd_msc_core.o
    0x08005c22   0x08005c22   0x00000002   PAD
    0x08005c24   0x08005c24   0x000000bc   Code   RO         5596    i.USBD_MSC_Setup    usbd_msc_core.o
    0x08005ce0   0x08005ce0   0x000000f0   Code   RO         5221    i.USBD_OTG_ISR_Handler  usb_dcd_int.o
    0x08005dd0   0x08005dd0   0x00000044   Code   RO         5375    i.USBD_ParseSetupRequest  usbd_req.o
    0x08005e14   0x08005e14   0x0000002e   Code   RO         5284    i.USBD_Reset        usbd_core.o
    0x08005e42   0x08005e42   0x00000016   Code   RO         5285    i.USBD_Resume       usbd_core.o
    0x08005e58   0x08005e58   0x00000010   Code   RO         5286    i.USBD_SOF          usbd_core.o
    0x08005e68   0x08005e68   0x0000001a   Code   RO         5287    i.USBD_SetCfg       usbd_core.o
    0x08005e82   0x08005e82   0x00000002   PAD
    0x08005e84   0x08005e84   0x00000074   Code   RO         5376    i.USBD_SetConfig    usbd_req.o
    0x08005ef8   0x08005ef8   0x0000007c   Code   RO         5377    i.USBD_SetFeature   usbd_req.o
    0x08005f74   0x08005f74   0x00000048   Code   RO         5288    i.USBD_SetupStage   usbd_core.o
    0x08005fbc   0x08005fbc   0x000000f0   Code   RO         5378    i.USBD_StdDevReq    usbd_req.o
    0x080060ac   0x080060ac   0x000000f0   Code   RO         5379    i.USBD_StdEPReq     usbd_req.o
    0x0800619c   0x0800619c   0x00000036   Code   RO         5380    i.USBD_StdItfReq    usbd_req.o
    0x080061d2   0x080061d2   0x0000001c   Code   RO         5289    i.USBD_Suspend      usbd_core.o
    0x080061ee   0x080061ee   0x00000002   PAD
    0x080061f0   0x080061f0   0x00000020   Code   RO         5832    i.USBD_USR_ConfigStrDescriptor  usbd_desc.o
    0x08006210   0x08006210   0x0000002c   Code   RO         5976    i.USBD_USR_DeviceConfigured  usbd_usr.o
    0x0800623c   0x0800623c   0x00000028   Code   RO         5977    i.USBD_USR_DeviceConnected  usbd_usr.o
    0x08006264   0x08006264   0x0000000c   Code   RO         5833    i.USBD_USR_DeviceDescriptor  usbd_desc.o
    0x08006270   0x08006270   0x0000002c   Code   RO         5978    i.USBD_USR_DeviceDisconnected  usbd_usr.o
    0x0800629c   0x0800629c   0x00000080   Code   RO         5979    i.USBD_USR_DeviceReset  usbd_usr.o
    0x0800631c   0x0800631c   0x0000001c   Code   RO         5980    i.USBD_USR_DeviceResumed  usbd_usr.o
    0x08006338   0x08006338   0x0000002c   Code   RO         5981    i.USBD_USR_DeviceSuspended  usbd_usr.o
    0x08006364   0x08006364   0x00000002   Code   RO         5982    i.USBD_USR_Init     usbd_usr.o
    0x08006366   0x08006366   0x00000002   PAD
    0x08006368   0x08006368   0x00000024   Code   RO         5834    i.USBD_USR_InterfaceStrDescriptor  usbd_desc.o
    0x0800638c   0x0800638c   0x0000000c   Code   RO         5835    i.USBD_USR_LangIDStrDescriptor  usbd_desc.o
    0x08006398   0x08006398   0x00000028   Code   RO         5836    i.USBD_USR_ManufacturerStrDescriptor  usbd_desc.o
    0x080063c0   0x080063c0   0x0000004c   Code   RO         5837    i.USBD_USR_ProductStrDescriptor  usbd_desc.o
    0x0800640c   0x0800640c   0x00000038   Code   RO         5838    i.USBD_USR_SerialStrDescriptor  usbd_desc.o
    0x08006444   0x08006444   0x00000016   Code   RO         5768    i.USB_OTG_BSP_EnableInterrupt  usb_bsp.o
    0x0800645a   0x0800645a   0x00000002   PAD
    0x0800645c   0x0800645c   0x00000060   Code   RO         5769    i.USB_OTG_BSP_Init  usb_bsp.o
    0x080064bc   0x080064bc   0x00000002   Code   RO         5770    i.USB_OTG_BSP_mDelay  usb_bsp.o
    0x080064be   0x080064be   0x00000002   Code   RO         5771    i.USB_OTG_BSP_uDelay  usb_bsp.o
    0x080064c0   0x080064c0   0x00000080   Code   RO         4893    i.USB_OTG_CoreInit  usb_core.o
    0x08006540   0x08006540   0x00000138   Code   RO         4894    i.USB_OTG_CoreInitDev  usb_core.o
    0x08006678   0x08006678   0x00000058   Code   RO         4895    i.USB_OTG_CoreReset  usb_core.o
    0x080066d0   0x080066d0   0x00000010   Code   RO         4896    i.USB_OTG_DisableGlobalInt  usb_core.o
    0x080066e0   0x080066e0   0x00000036   Code   RO         4897    i.USB_OTG_EP0Activate  usb_core.o
    0x08006716   0x08006716   0x00000002   PAD
    0x08006718   0x08006718   0x000000ae   Code   RO         4898    i.USB_OTG_EP0StartXfer  usb_core.o
    0x080067c6   0x080067c6   0x00000002   PAD
    0x080067c8   0x080067c8   0x00000024   Code   RO         4899    i.USB_OTG_EP0_OutStart  usb_core.o
    0x080067ec   0x080067ec   0x00000052   Code   RO         4900    i.USB_OTG_EPActivate  usb_core.o
    0x0800683e   0x0800683e   0x00000032   Code   RO         4901    i.USB_OTG_EPClearStall  usb_core.o
    0x08006870   0x08006870   0x00000034   Code   RO         4902    i.USB_OTG_EPDeactivate  usb_core.o
    0x080068a4   0x080068a4   0x00000030   Code   RO         4903    i.USB_OTG_EPSetStall  usb_core.o
    0x080068d4   0x080068d4   0x00000128   Code   RO         4904    i.USB_OTG_EPStartXfer  usb_core.o
    0x080069fc   0x080069fc   0x00000048   Code   RO         4905    i.USB_OTG_EnableDevInt  usb_core.o
    0x08006a44   0x08006a44   0x00000010   Code   RO         4906    i.USB_OTG_EnableGlobalInt  usb_core.o
    0x08006a54   0x08006a54   0x00000038   Code   RO         4907    i.USB_OTG_FlushRxFifo  usb_core.o
    0x08006a8c   0x08006a8c   0x00000040   Code   RO         4908    i.USB_OTG_FlushTxFifo  usb_core.o
    0x08006acc   0x08006acc   0x0000001e   Code   RO         4909    i.USB_OTG_GetDeviceSpeed  usb_core.o
    0x08006aea   0x08006aea   0x0000000c   Code   RO         4912    i.USB_OTG_InitDevSpeed  usb_core.o
    0x08006af6   0x08006af6   0x00000012   Code   RO         4913    i.USB_OTG_IsDeviceMode  usb_core.o
    0x08006b08   0x08006b08   0x0000000a   Code   RO         4915    i.USB_OTG_ReadCoreItr  usb_core.o
    0x08006b12   0x08006b12   0x0000000c   Code   RO         4916    i.USB_OTG_ReadDevAllInEPItr  usb_core.o
    0x08006b1e   0x08006b1e   0x0000000c   Code   RO         4917    i.USB_OTG_ReadDevAllOutEp_itr  usb_core.o
    0x08006b2a   0x08006b2a   0x00000010   Code   RO         4918    i.USB_OTG_ReadDevOutEP_itr  usb_core.o
    0x08006b3a   0x08006b3a   0x00000020   Code   RO         4920    i.USB_OTG_ReadPacket  usb_core.o
    0x08006b5a   0x08006b5a   0x00000002   PAD
    0x08006b5c   0x08006b5c   0x000000c0   Code   RO         4921    i.USB_OTG_SelectCore  usb_core.o
    0x08006c1c   0x08006c1c   0x0000002a   Code   RO         4922    i.USB_OTG_SetCurrentMode  usb_core.o
    0x08006c46   0x08006c46   0x00000028   Code   RO         4926    i.USB_OTG_WritePacket  usb_core.o
    0x08006c6e   0x08006c6e   0x00000002   PAD
    0x08006c70   0x08006c70   0x000000c0   Code   RO          413    i.USB_Transfer_Task  task.o
    0x08006d30   0x08006d30   0x00000058   Code   RO          700    i.W25QXX_Erase_Sector  w25qxx.o
    0x08006d88   0x08006d88   0x0000007c   Code   RO          701    i.W25QXX_Init       w25qxx.o
    0x08006e04   0x08006e04   0x00000068   Code   RO          703    i.W25QXX_Read       w25qxx.o
    0x08006e6c   0x08006e6c   0x00000044   Code   RO          704    i.W25QXX_ReadID     w25qxx.o
    0x08006eb0   0x08006eb0   0x00000038   Code   RO          705    i.W25QXX_ReadSR     w25qxx.o
    0x08006ee8   0x08006ee8   0x0000000e   Code   RO          707    i.W25QXX_Wait_Busy  w25qxx.o
    0x08006ef6   0x08006ef6   0x00000002   PAD
    0x08006ef8   0x08006ef8   0x0000009c   Code   RO          708    i.W25QXX_Write      w25qxx.o
    0x08006f94   0x08006f94   0x00000020   Code   RO          710    i.W25QXX_Write_Enable  w25qxx.o
    0x08006fb4   0x08006fb4   0x0000003e   Code   RO          711    i.W25QXX_Write_NoCheck  w25qxx.o
    0x08006ff2   0x08006ff2   0x00000002   PAD
    0x08006ff4   0x08006ff4   0x0000006c   Code   RO          712    i.W25QXX_Write_Page  w25qxx.o
    0x08007060   0x08007060   0x00000038   Code   RO          560    i.WM8978_ADDA_Cfg   wm8978.o
    0x08007098   0x08007098   0x00000030   Code   RO          561    i.WM8978_AUX_Gain   wm8978.o
    0x080070c8   0x080070c8   0x00000012   Code   RO          569    i.WM8978_I2S_Cfg    wm8978.o
    0x080070da   0x080070da   0x00000076   Code   RO          570    i.WM8978_Init       wm8978.o
    0x08007150   0x08007150   0x00000058   Code   RO          571    i.WM8978_Input_Cfg  wm8978.o
    0x080071a8   0x080071a8   0x00000034   Code   RO          572    i.WM8978_LINEIN_Gain  wm8978.o
    0x080071dc   0x080071dc   0x00000022   Code   RO          574    i.WM8978_Output_Cfg  wm8978.o
    0x080071fe   0x080071fe   0x00000020   Code   RO          576    i.WM8978_SPKvol_Set  wm8978.o
    0x0800721e   0x0800721e   0x00000002   PAD
    0x08007220   0x08007220   0x00000054   Code   RO          577    i.WM8978_Write_Reg  wm8978.o
    0x08007274   0x08007274   0x0000005c   Code   RO          414    i.Wav_Player_Task   task.o
    0x080072d0   0x080072d0   0x00000020   Code   RO         9616    i.__0printf         mc_w.l(printfa.o)
    0x080072f0   0x080072f0   0x0000002c   Code   RO         9621    i.__0vsnprintf      mc_w.l(printfa.o)
    0x0800731c   0x0800731c   0x00000044   Code   RO         8724    i.__rt_ffs          kservice.o
    0x08007360   0x08007360   0x0000000e   Code   RO         9683    i.__scatterload_copy  mc_w.l(handlers.o)
    0x0800736e   0x0800736e   0x00000002   Code   RO         9684    i.__scatterload_null  mc_w.l(handlers.o)
    0x08007370   0x08007370   0x0000000e   Code   RO         9685    i.__scatterload_zeroinit  mc_w.l(handlers.o)
    0x0800737e   0x0800737e   0x00000002   PAD
    0x08007380   0x08007380   0x00000184   Code   RO         9623    i._fp_digits        mc_w.l(printfa.o)
    0x08007504   0x08007504   0x00000014   Code   RO         8490    i._has_defunct_thread  idle.o
    0x08007518   0x08007518   0x000006dc   Code   RO         9624    i._printf_core      mc_w.l(printfa.o)
    0x08007bf4   0x08007bf4   0x00000024   Code   RO         9625    i._printf_post_padding  mc_w.l(printfa.o)
    0x08007c18   0x08007c18   0x0000002e   Code   RO         9626    i._printf_pre_padding  mc_w.l(printfa.o)
    0x08007c46   0x08007c46   0x00000002   PAD
    0x08007c48   0x08007c48   0x00000080   Code   RO         9079    i._rt_thread_init   thread.o
    0x08007cc8   0x08007cc8   0x0000001c   Code   RO         9199    i._rt_timer_init    timer_1.o
    0x08007ce4   0x08007ce4   0x00000012   Code   RO         9200    i._rt_timer_remove  timer_1.o
    0x08007cf6   0x08007cf6   0x00000016   Code   RO         9627    i._snputc           mc_w.l(printfa.o)
    0x08007d0c   0x08007d0c   0x00000090   Code   RO         1201    i.audio_play        audioplay.o
    0x08007d9c   0x08007d9c   0x00000010   Code   RO         1202    i.audio_start       audioplay.o
    0x08007dac   0x08007dac   0x00000010   Code   RO         1203    i.audio_stop        audioplay.o
    0x08007dbc   0x08007dbc   0x0000007a   Code   RO         1743    i.change_bitmap     ff.o
    0x08007e36   0x08007e36   0x00000002   PAD
    0x08007e38   0x08007e38   0x00000074   Code   RO         1744    i.check_fs          ff.o
    0x08007eac   0x08007eac   0x00000010   Code   RO         1745    i.chk_chr           ff.o
    0x08007ebc   0x08007ebc   0x00000032   Code   RO         1746    i.clmt_clust        ff.o
    0x08007eee   0x08007eee   0x00000018   Code   RO         1747    i.clust2sect        ff.o
    0x08007f06   0x08007f06   0x00000002   PAD
    0x08007f08   0x08007f08   0x00000080   Code   RO         1748    i.cmp_lfn           ff.o
    0x08007f88   0x08007f88   0x0000010e   Code   RO         1749    i.create_chain      ff.o
    0x08008096   0x08008096   0x00000002   PAD
    0x08008098   0x08008098   0x00000240   Code   RO         1750    i.create_name       ff.o
    0x080082d8   0x080082d8   0x0000007c   Code   RO         1751    i.create_xdir       ff.o
    0x08008354   0x08008354   0x00000108   Code   RO         7813    i.demoAPDU          demo.o
    0x0800845c   0x0800845c   0x000003d4   Code   RO         7814    i.demoCycle         demo.o
    0x08008830   0x08008830   0x00000078   Code   RO         7815    i.demoIni           demo.o
    0x080088a8   0x080088a8   0x00000080   Code   RO         7816    i.demoNfcf          demo.o
    0x08008928   0x08008928   0x0000009c   Code   RO         7817    i.demoNotif         demo.o
    0x080089c4   0x080089c4   0x00000128   Code   RO         7818    i.demoP2P           demo.o
    0x08008aec   0x08008aec   0x0000001e   Code   RO         7819    i.demoTransceiveBlocking  demo.o
    0x08008b0a   0x08008b0a   0x00000058   Code   RO         1752    i.dir_alloc         ff.o
    0x08008b62   0x08008b62   0x00000002   PAD
    0x08008b64   0x08008b64   0x0000013c   Code   RO         1753    i.dir_find          ff.o
    0x08008ca0   0x08008ca0   0x00000108   Code   RO         1754    i.dir_next          ff.o
    0x08008da8   0x08008da8   0x000000e4   Code   RO         1755    i.dir_read          ff.o
    0x08008e8c   0x08008e8c   0x00000244   Code   RO         1756    i.dir_register      ff.o
    0x080090d0   0x080090d0   0x00000096   Code   RO         1758    i.dir_sdi           ff.o
    0x08009166   0x08009166   0x0000001c   Code   RO         2157    i.disk_initialize   diskio.o
    0x08009182   0x08009182   0x00000002   PAD
    0x08009184   0x08009184   0x00000074   Code   RO         2158    i.disk_ioctl        diskio.o
    0x080091f8   0x080091f8   0x00000052   Code   RO         2159    i.disk_read         diskio.o
    0x0800924a   0x0800924a   0x00000004   Code   RO         2160    i.disk_status       diskio.o
    0x0800924e   0x0800924e   0x0000004c   Code   RO         2161    i.disk_write        diskio.o
    0x0800929a   0x0800929a   0x00000002   PAD
    0x0800929c   0x0800929c   0x0000005c   Code   RO         1478    i.exfuns_init       exfuns.o
    0x080092f8   0x080092f8   0x0000001e   Code   RO         1759    i.f_close           ff.o
    0x08009316   0x08009316   0x00000002   PAD
    0x08009318   0x08009318   0x000002be   Code   RO         1764    i.f_lseek           ff.o
    0x080095d6   0x080095d6   0x00000002   PAD
    0x080095d8   0x080095d8   0x0000004c   Code   RO         1767    i.f_mount           ff.o
    0x08009624   0x08009624   0x00000278   Code   RO         1768    i.f_open            ff.o
    0x0800989c   0x0800989c   0x000000da   Code   RO         1769    i.f_opendir         ff.o
    0x08009976   0x08009976   0x00000186   Code   RO         1773    i.f_read            ff.o
    0x08009afc   0x08009afc   0x00000076   Code   RO         1774    i.f_readdir         ff.o
    0x08009b72   0x08009b72   0x00000152   Code   RO         1778    i.f_sync            ff.o
    0x08009cc4   0x08009cc4   0x00000070   Code   RO         1715    i.ff_convert        mycc936.o
    0x08009d34   0x08009d34   0x00000004   Code   RO         2162    i.ff_memalloc       diskio.o
    0x08009d38   0x08009d38   0x00000004   Code   RO         2163    i.ff_memfree        diskio.o
    0x08009d3c   0x08009d3c   0x00000024   Code   RO         1716    i.ff_wtoupper       mycc936.o
    0x08009d60   0x08009d60   0x0000002e   Code   RO         1782    i.fill_fat_chain    ff.o
    0x08009d8e   0x08009d8e   0x0000008a   Code   RO         1783    i.find_bitmap       ff.o
    0x08009e18   0x08009e18   0x00000354   Code   RO         1784    i.find_volume       ff.o
    0x0800a16c   0x0800a16c   0x000000b4   Code   RO         1785    i.follow_path       ff.o
    0x0800a220   0x0800a220   0x00000040   Code   RO         1388    i.font_init         fontupd.o
    0x0800a260   0x0800a260   0x00000014   Code   RO         1003    i.fputc             usart.o
    0x0800a274   0x0800a274   0x0000008c   Code   RO         1786    i.gen_numname       ff.o
    0x0800a300   0x0800a300   0x00000128   Code   RO         1787    i.get_fat           ff.o
    0x0800a428   0x0800a428   0x00000004   Code   RO         2164    i.get_fattime       diskio.o
    0x0800a42c   0x0800a42c   0x00000108   Code   RO         1788    i.get_fileinfo      ff.o
    0x0800a534   0x0800a534   0x0000003c   Code   RO         1789    i.get_ldnumber      ff.o
    0x0800a570   0x0800a570   0x0000008a   Code   RO         1790    i.get_xdir_info     ff.o
    0x0800a5fa   0x0800a5fa   0x00000002   PAD
    0x0800a5fc   0x0800a5fc   0x00000094   Code   RO         7946    i.hex2Str           logger.o
    0x0800a690   0x0800a690   0x00000014   Code   RO         6174    i.isoDepClearCounters  rfal_isodep.o
    0x0800a6a4   0x0800a6a4   0x00000290   Code   RO         6175    i.isoDepDataExchangePCD  rfal_isodep.o
    0x0800a934   0x0800a934   0x000000d0   Code   RO         6176    i.isoDepHandleControlMsg  rfal_isodep.o
    0x0800aa04   0x0800aa04   0x00000090   Code   RO         6177    i.isoDepTx          rfal_isodep.o
    0x0800aa94   0x0800aa94   0x00000026   Code   RO         1791    i.ld_clust          ff.o
    0x0800aaba   0x0800aaba   0x00000016   Code   RO         1792    i.ld_dword          ff.o
    0x0800aad0   0x0800aad0   0x00000056   Code   RO         1793    i.ld_qword          ff.o
    0x0800ab26   0x0800ab26   0x0000000a   Code   RO         1794    i.ld_word           ff.o
    0x0800ab30   0x0800ab30   0x00000038   Code   RO         1795    i.load_obj_dir      ff.o
    0x0800ab68   0x0800ab68   0x000000aa   Code   RO         1796    i.load_xdir         ff.o
    0x0800ac12   0x0800ac12   0x0000002e   Code   RO         7949    i.logUsart          logger.o
    0x0800ac40   0x0800ac40   0x0000000c   Code   RO         7950    i.logUsartInit      logger.o
    0x0800ac4c   0x0800ac4c   0x00000024   Code   RO         7951    i.logUsartTx        logger.o
    0x0800ac70   0x0800ac70   0x00000012   Code   RO            5    i.main              main.o
    0x0800ac82   0x0800ac82   0x0000000e   Code   RO         8424    i.main_thread_entry  components.o
    0x0800ac90   0x0800ac90   0x0000001a   Code   RO         1797    i.mem_cmp           ff.o
    0x0800acaa   0x0800acaa   0x00000012   Code   RO         1798    i.mem_cpy           ff.o
    0x0800acbc   0x0800acbc   0x0000000e   Code   RO         1799    i.mem_set           ff.o
    0x0800acca   0x0800acca   0x00000032   Code   RO         1800    i.move_window       ff.o
    0x0800acfc   0x0800acfc   0x0000001c   Code   RO         6606    i.nfcipClearCounters  rfal_nfcdep.o
    0x0800ad18   0x0800ad18   0x00000054   Code   RO         6607    i.nfcipConfig       rfal_nfcdep.o
    0x0800ad6c   0x0800ad6c   0x00000064   Code   RO         6608    i.nfcipDEPControlMsg  rfal_nfcdep.o
    0x0800add0   0x0800add0   0x00000044   Code   RO         6609    i.nfcipDataRx       rfal_nfcdep.o
    0x0800ae14   0x0800ae14   0x00000268   Code   RO         6610    i.nfcipInitiatorHandleDEP  rfal_nfcdep.o
    0x0800b07c   0x0800b07c   0x00000144   Code   RO         6611    i.nfcipRun          rfal_nfcdep.o
    0x0800b1c0   0x0800b1c0   0x00000078   Code   RO         6612    i.nfcipSetDEPParams  rfal_nfcdep.o
    0x0800b238   0x0800b238   0x0000035c   Code   RO         6614    i.nfcipTargetHandleRX  rfal_nfcdep.o
    0x0800b594   0x0800b594   0x00000180   Code   RO         6615    i.nfcipTx           rfal_nfcdep.o
    0x0800b714   0x0800b714   0x00000050   Code   RO         6616    i.nfcipTxRx         rfal_nfcdep.o
    0x0800b764   0x0800b764   0x00000074   Code   RO         1801    i.pick_lfn          ff.o
    0x0800b7d8   0x0800b7d8   0x00000054   Code   RO         8892    i.plug_holes        mem.o
    0x0800b82c   0x0800b82c   0x00000130   Code   RO         8726    i.print_number      kservice.o
    0x0800b95c   0x0800b95c   0x000000f6   Code   RO         1802    i.put_fat           ff.o
    0x0800ba52   0x0800ba52   0x000000e0   Code   RO         1804    i.remove_chain      ff.o
    0x0800bb32   0x0800bb32   0x00000002   PAD
    0x0800bb34   0x0800bb34   0x00000018   Code   RO         6051    i.rfalAnalogConfigInitialize  rfal_analogconfig.o
    0x0800bb4c   0x0800bb4c   0x00000064   Code   RO         6057    i.rfalAnalogConfigSearch  rfal_analogconfig.o
    0x0800bbb0   0x0800bbb0   0x00000034   Code   RO         6993    i.rfalChipChangeRegBits  rfal_rfst25r95.o
    0x0800bbe4   0x0800bbe4   0x00000004   Code   RO         6994    i.rfalChipChangeTestRegBits  rfal_rfst25r95.o
    0x0800bbe8   0x0800bbe8   0x0000001c   Code   RO         6997    i.rfalChipIsBusy    rfal_rfst25r95.o
    0x0800bc04   0x0800bc04   0x000000c8   Code   RO         7009    i.rfalFeliCaPoll    rfal_rfst25r95.o
    0x0800bccc   0x0800bccc   0x00000028   Code   RO         7010    i.rfalFieldOff      rfal_rfst25r95.o
    0x0800bcf4   0x0800bcf4   0x0000004c   Code   RO         7011    i.rfalFieldOnAndStartGT  rfal_rfst25r95.o
    0x0800bd40   0x0800bd40   0x00000024   Code   RO         7012    i.rfalGetBitRate    rfal_rfst25r95.o
    0x0800bd64   0x0800bd64   0x00000014   Code   RO         7021    i.rfalGetTransceiveStatus  rfal_rfst25r95.o
    0x0800bd78   0x0800bd78   0x000000f4   Code   RO         7022    i.rfalISO14443ATransceiveAnticollisionFrame  rfal_rfst25r95.o
    0x0800be6c   0x0800be6c   0x00000070   Code   RO         7023    i.rfalISO14443ATransceiveShortFrame  rfal_rfst25r95.o
    0x0800bedc   0x0800bedc   0x00000064   Code   RO         7024    i.rfalISO15693TransceiveAnticollisionFrame  rfal_rfst25r95.o
    0x0800bf40   0x0800bf40   0x00000034   Code   RO         7025    i.rfalISO15693TransceiveEOF  rfal_rfst25r95.o
    0x0800bf74   0x0800bf74   0x00000012   Code   RO         7026    i.rfalISO15693TransceiveEOFAnticollision  rfal_rfst25r95.o
    0x0800bf86   0x0800bf86   0x00000002   PAD
    0x0800bf88   0x0800bf88   0x00000058   Code   RO         7027    i.rfalInitialize    rfal_rfst25r95.o
    0x0800bfe0   0x0800bfe0   0x00000018   Code   RO         7029    i.rfalIsGTExpired   rfal_rfst25r95.o
    0x0800bff8   0x0800bff8   0x00000014   Code   RO         7030    i.rfalIsTransceiveInRx  rfal_rfst25r95.o
    0x0800c00c   0x0800c00c   0x00000018   Code   RO         7031    i.rfalIsTransceiveInTx  rfal_rfst25r95.o
    0x0800c024   0x0800c024   0x000000b6   Code   RO         6178    i.rfalIsoDepATTRIB  rfal_isodep.o
    0x0800c0da   0x0800c0da   0x00000002   PAD
    0x0800c0dc   0x0800c0dc   0x00000058   Code   RO         6179    i.rfalIsoDepApdu2IBLockParam  rfal_isodep.o
    0x0800c134   0x0800c134   0x000000a2   Code   RO         6180    i.rfalIsoDepCalcBitRate  rfal_isodep.o
    0x0800c1d6   0x0800c1d6   0x00000002   PAD
    0x0800c1d8   0x0800c1d8   0x00000054   Code   RO         6181    i.rfalIsoDepDeselect  rfal_isodep.o
    0x0800c22c   0x0800c22c   0x0000006c   Code   RO         6182    i.rfalIsoDepFSxI2FSx  rfal_isodep.o
    0x0800c298   0x0800c298   0x0000001a   Code   RO         6183    i.rfalIsoDepFWI2FWT  rfal_isodep.o
    0x0800c2b2   0x0800c2b2   0x00000002   PAD
    0x0800c2b4   0x0800c2b4   0x000000c8   Code   RO         6184    i.rfalIsoDepGetApduTransceiveStatus  rfal_isodep.o
    0x0800c37c   0x0800c37c   0x00000028   Code   RO         6185    i.rfalIsoDepGetMaxInfLen  rfal_isodep.o
    0x0800c3a4   0x0800c3a4   0x00000018   Code   RO         6186    i.rfalIsoDepGetTransceiveStatus  rfal_isodep.o
    0x0800c3bc   0x0800c3bc   0x0000007c   Code   RO         6187    i.rfalIsoDepInitialize  rfal_isodep.o
    0x0800c438   0x0800c438   0x0000006c   Code   RO         6189    i.rfalIsoDepPPS     rfal_isodep.o
    0x0800c4a4   0x0800c4a4   0x00000174   Code   RO         6190    i.rfalIsoDepPollAHandleActivation  rfal_isodep.o
    0x0800c618   0x0800c618   0x00000138   Code   RO         6191    i.rfalIsoDepPollBHandleActivation  rfal_isodep.o
    0x0800c750   0x0800c750   0x00000074   Code   RO         6193    i.rfalIsoDepRATS    rfal_isodep.o
    0x0800c7c4   0x0800c7c4   0x0000001e   Code   RO         6194    i.rfalIsoDepSFGI2SFGT  rfal_isodep.o
    0x0800c7e2   0x0800c7e2   0x00000002   PAD
    0x0800c7e4   0x0800c7e4   0x0000006c   Code   RO         6195    i.rfalIsoDepStartApduTransceive  rfal_isodep.o
    0x0800c850   0x0800c850   0x00000074   Code   RO         6196    i.rfalIsoDepStartTransceive  rfal_isodep.o
    0x0800c8c4   0x0800c8c4   0x0000006c   Code   RO         6330    i.rfalNfcDataExchangeGetStatus  rfal_nfc.o
    0x0800c930   0x0800c930   0x00000190   Code   RO         6331    i.rfalNfcDataExchangeStart  rfal_nfc.o
    0x0800cac0   0x0800cac0   0x00000028   Code   RO         6332    i.rfalNfcDeactivate  rfal_nfc.o
    0x0800cae8   0x0800cae8   0x00000044   Code   RO         6333    i.rfalNfcDeactivation  rfal_nfc.o
    0x0800cb2c   0x0800cb2c   0x000000f8   Code   RO         6617    i.rfalNfcDepATR     rfal_nfcdep.o
    0x0800cc24   0x0800cc24   0x00000012   Code   RO         6618    i.rfalNfcDepCalculateRWT  rfal_nfcdep.o
    0x0800cc36   0x0800cc36   0x00000002   PAD
    0x0800cc38   0x0800cc38   0x00000078   Code   RO         6619    i.rfalNfcDepDSL     rfal_nfcdep.o
    0x0800ccb0   0x0800ccb0   0x000000bc   Code   RO         6620    i.rfalNfcDepGetPduTransceiveStatus  rfal_nfcdep.o
    0x0800cd6c   0x0800cd6c   0x00000010   Code   RO         6621    i.rfalNfcDepGetTransceiveStatus  rfal_nfcdep.o
    0x0800cd7c   0x0800cd7c   0x00000060   Code   RO         6622    i.rfalNfcDepInitialize  rfal_nfcdep.o
    0x0800cddc   0x0800cddc   0x000000f4   Code   RO         6623    i.rfalNfcDepInitiatorHandleActivation  rfal_nfcdep.o
    0x0800ced0   0x0800ced0   0x00000074   Code   RO         6627    i.rfalNfcDepPSL     rfal_nfcdep.o
    0x0800cf44   0x0800cf44   0x0000004c   Code   RO         6628    i.rfalNfcDepPdu2BLockParam  rfal_nfcdep.o
    0x0800cf90   0x0800cf90   0x00000078   Code   RO         6629    i.rfalNfcDepRLS     rfal_nfcdep.o
    0x0800d008   0x0800d008   0x0000004c   Code   RO         6631    i.rfalNfcDepStartPduTransceive  rfal_nfcdep.o
    0x0800d054   0x0800d054   0x00000058   Code   RO         6632    i.rfalNfcDepStartTransceive  rfal_nfcdep.o
    0x0800d0ac   0x0800d0ac   0x000000a4   Code   RO         6334    i.rfalNfcDiscover   rfal_nfc.o
    0x0800d150   0x0800d150   0x0000004c   Code   RO         6335    i.rfalNfcGetActiveDevice  rfal_nfc.o
    0x0800d19c   0x0800d19c   0x00000028   Code   RO         6336    i.rfalNfcGetDevicesFound  rfal_nfc.o
    0x0800d1c4   0x0800d1c4   0x0000000c   Code   RO         6337    i.rfalNfcGetState   rfal_nfc.o
    0x0800d1d0   0x0800d1d0   0x00000020   Code   RO         6338    i.rfalNfcInitialize  rfal_nfc.o
    0x0800d1f0   0x0800d1f0   0x00000074   Code   RO         6339    i.rfalNfcNfcDepActivate  rfal_nfc.o
    0x0800d264   0x0800d264   0x0000018c   Code   RO         6340    i.rfalNfcPollActivation  rfal_nfc.o
    0x0800d3f0   0x0800d3f0   0x000002e4   Code   RO         6341    i.rfalNfcPollCollResolution  rfal_nfc.o
    0x0800d6d4   0x0800d6d4   0x00000184   Code   RO         6342    i.rfalNfcPollTechDetetection  rfal_nfc.o
    0x0800d858   0x0800d858   0x0000001c   Code   RO         6343    i.rfalNfcSelect     rfal_nfc.o
    0x0800d874   0x0800d874   0x00000140   Code   RO         6344    i.rfalNfcWorker     rfal_nfc.o
    0x0800d9b4   0x0800d9b4   0x00000018   Code   RO         6456    i.rfalNfcaCalculateBcc  rfal_nfca.o
    0x0800d9cc   0x0800d9cc   0x00000028   Code   RO         6458    i.rfalNfcaPollerCheckPresence  rfal_nfca.o
    0x0800d9f4   0x0800d9f4   0x00000178   Code   RO         6459    i.rfalNfcaPollerFullCollisionResolution  rfal_nfca.o
    0x0800db6c   0x0800db6c   0x00000034   Code   RO         6460    i.rfalNfcaPollerInitialize  rfal_nfca.o
    0x0800dba0   0x0800dba0   0x000000a2   Code   RO         6461    i.rfalNfcaPollerSelect  rfal_nfca.o
    0x0800dc42   0x0800dc42   0x00000002   PAD
    0x0800dc44   0x0800dc44   0x00000290   Code   RO         6462    i.rfalNfcaPollerSingleCollisionResolution  rfal_nfca.o
    0x0800ded4   0x0800ded4   0x0000002c   Code   RO         6463    i.rfalNfcaPollerSleep  rfal_nfca.o
    0x0800df00   0x0800df00   0x00000024   Code   RO         6464    i.rfalNfcaPollerTechnologyDetection  rfal_nfca.o
    0x0800df24   0x0800df24   0x0000001c   Code   RO         6526    i.rfalNfcbCheckSensbRes  rfal_nfcb.o
    0x0800df40   0x0800df40   0x00000090   Code   RO         6527    i.rfalNfcbPollerCheckPresence  rfal_nfcb.o
    0x0800dfd0   0x0800dfd0   0x00000014   Code   RO         6528    i.rfalNfcbPollerCollisionResolution  rfal_nfcb.o
    0x0800dfe4   0x0800dfe4   0x00000040   Code   RO         6529    i.rfalNfcbPollerInitialize  rfal_nfcb.o
    0x0800e024   0x0800e024   0x0000004c   Code   RO         6531    i.rfalNfcbPollerSleep  rfal_nfcb.o
    0x0800e070   0x0800e070   0x0000005c   Code   RO         6532    i.rfalNfcbPollerSlotMarker  rfal_nfcb.o
    0x0800e0cc   0x0800e0cc   0x000001d4   Code   RO         6533    i.rfalNfcbPollerSlottedCollisionResolution  rfal_nfcb.o
    0x0800e2a0   0x0800e2a0   0x0000000c   Code   RO         6534    i.rfalNfcbPollerTechnologyDetection  rfal_nfcb.o
    0x0800e2ac   0x0800e2ac   0x0000001c   Code   RO         6535    i.rfalNfcbTR2ToFDT  rfal_nfcb.o
    0x0800e2c8   0x0800e2c8   0x000000fc   Code   RO         6781    i.rfalNfcfComputeValidSENF  rfal_nfcf.o
    0x0800e3c4   0x0800e3c4   0x0000010c   Code   RO         6783    i.rfalNfcfPollerCheck  rfal_nfcf.o
    0x0800e4d0   0x0800e4d0   0x00000028   Code   RO         6784    i.rfalNfcfPollerCheckPresence  rfal_nfcf.o
    0x0800e4f8   0x0800e4f8   0x000000a4   Code   RO         6785    i.rfalNfcfPollerCollisionResolution  rfal_nfcf.o
    0x0800e59c   0x0800e59c   0x00000040   Code   RO         6786    i.rfalNfcfPollerInitialize  rfal_nfcf.o
    0x0800e5dc   0x0800e5dc   0x00000016   Code   RO         6787    i.rfalNfcfPollerPoll  rfal_nfcf.o
    0x0800e5f2   0x0800e5f2   0x00000020   Code   RO         6848    i.rfalNfcvParseError  rfal_nfcv.o
    0x0800e612   0x0800e612   0x00000024   Code   RO         6849    i.rfalNfcvPollerCheckPresence  rfal_nfcv.o
    0x0800e636   0x0800e636   0x00000168   Code   RO         6850    i.rfalNfcvPollerCollisionResolution  rfal_nfcv.o
    0x0800e79e   0x0800e79e   0x00000002   PAD
    0x0800e7a0   0x0800e7a0   0x00000034   Code   RO         6858    i.rfalNfcvPollerInitialize  rfal_nfcv.o
    0x0800e7d4   0x0800e7d4   0x00000088   Code   RO         6859    i.rfalNfcvPollerInventory  rfal_nfcv.o
    0x0800e85c   0x0800e85c   0x0000002a   Code   RO         6862    i.rfalNfcvPollerReadSingleBlock  rfal_nfcv.o
    0x0800e886   0x0800e886   0x00000002   PAD
    0x0800e888   0x0800e888   0x00000148   Code   RO         6866    i.rfalNfcvPollerTransceiveReq  rfal_nfcv.o
    0x0800e9d0   0x0800e9d0   0x0000008c   Code   RO         6058    i.rfalSetAnalogConfig  rfal_analogconfig.o
    0x0800ea5c   0x0800ea5c   0x00000058   Code   RO         7032    i.rfalSetBitRate    rfal_rfst25r95.o
    0x0800eab4   0x0800eab4   0x00000002   Code   RO         7033    i.rfalSetErrorHandling  rfal_rfst25r95.o
    0x0800eab6   0x0800eab6   0x00000002   PAD
    0x0800eab8   0x0800eab8   0x00000014   Code   RO         7034    i.rfalSetFDTListen  rfal_rfst25r95.o
    0x0800eacc   0x0800eacc   0x00000018   Code   RO         7035    i.rfalSetFDTPoll    rfal_rfst25r95.o
    0x0800eae4   0x0800eae4   0x00000018   Code   RO         7036    i.rfalSetGT         rfal_rfst25r95.o
    0x0800eafc   0x0800eafc   0x000000c0   Code   RO         7037    i.rfalSetMode       rfal_rfst25r95.o
    0x0800ebbc   0x0800ebbc   0x00000028   Code   RO         7378    i.rfalSt25tbPollerCheckPresence  rfal_st25tb.o
    0x0800ebe4   0x0800ebe4   0x00000074   Code   RO         7379    i.rfalSt25tbPollerCollisionResolution  rfal_st25tb.o
    0x0800ec58   0x0800ec58   0x000000a4   Code   RO         7381    i.rfalSt25tbPollerDoCollisionResolution  rfal_st25tb.o
    0x0800ecfc   0x0800ecfc   0x00000034   Code   RO         7382    i.rfalSt25tbPollerGetUID  rfal_st25tb.o
    0x0800ed30   0x0800ed30   0x00000004   Code   RO         7383    i.rfalSt25tbPollerInitialize  rfal_st25tb.o
    0x0800ed34   0x0800ed34   0x00000044   Code   RO         7384    i.rfalSt25tbPollerInitiate  rfal_st25tb.o
    0x0800ed78   0x0800ed78   0x0000003a   Code   RO         7385    i.rfalSt25tbPollerPcall  rfal_st25tb.o
    0x0800edb2   0x0800edb2   0x00000042   Code   RO         7388    i.rfalSt25tbPollerSelect  rfal_st25tb.o
    0x0800edf4   0x0800edf4   0x00000042   Code   RO         7389    i.rfalSt25tbPollerSlotMarker  rfal_st25tb.o
    0x0800ee36   0x0800ee36   0x00000002   PAD
    0x0800ee38   0x0800ee38   0x00000084   Code   RO         7042    i.rfalStartTransceive  rfal_rfst25r95.o
    0x0800eebc   0x0800eebc   0x00000030   Code   RO         7657    i.rfalT1TPollerInitialize  rfal_t1t.o
    0x0800eeec   0x0800eeec   0x00000052   Code   RO         7659    i.rfalT1TPollerRid  rfal_t1t.o
    0x0800ef3e   0x0800ef3e   0x00000002   PAD
    0x0800ef40   0x0800ef40   0x0000001e   Code   RO         7043    i.rfalTransceiveBlockingRx  rfal_rfst25r95.o
    0x0800ef5e   0x0800ef5e   0x0000003e   Code   RO         7044    i.rfalTransceiveBlockingTx  rfal_rfst25r95.o
    0x0800ef9c   0x0800ef9c   0x00000028   Code   RO         7045    i.rfalTransceiveBlockingTxRx  rfal_rfst25r95.o
    0x0800efc4   0x0800efc4   0x00000028   Code   RO         7046    i.rfalTransceiveRunBlockingTx  rfal_rfst25r95.o
    0x0800efec   0x0800efec   0x000000b0   Code   RO         7047    i.rfalTransceiveRx  rfal_rfst25r95.o
    0x0800f09c   0x0800f09c   0x000000f4   Code   RO         7048    i.rfalTransceiveTx  rfal_rfst25r95.o
    0x0800f190   0x0800f190   0x00000018   Code   RO         7049    i.rfalWakeUpModeHasWoke  rfal_rfst25r95.o
    0x0800f1a8   0x0800f1a8   0x000000a4   Code   RO         7050    i.rfalWakeUpModeStart  rfal_rfst25r95.o
    0x0800f24c   0x0800f24c   0x00000030   Code   RO         7051    i.rfalWakeUpModeStop  rfal_rfst25r95.o
    0x0800f27c   0x0800f27c   0x00000054   Code   RO         7052    i.rfalWorker        rfal_rfst25r95.o
    0x0800f2d0   0x0800f2d0   0x0000002c   Code   RO         8425    i.rt_application_init  components.o
    0x0800f2fc   0x0800f2fc   0x0000001c   Code   RO         8426    i.rt_components_board_init  components.o
    0x0800f318   0x0800f318   0x0000001c   Code   RO         8427    i.rt_components_init  components.o
    0x0800f334   0x0800f334   0x0000001c   Code   RO         9018    i.rt_enter_critical  scheduler.o
    0x0800f350   0x0800f350   0x00000038   Code   RO         9019    i.rt_exit_critical  scheduler.o
    0x0800f388   0x0800f388   0x000000c4   Code   RO         8894    i.rt_free           mem.o
    0x0800f44c   0x0800f44c   0x00000008   Code   RO         9296    i.rt_heap_begin_get  board.o
    0x0800f454   0x0800f454   0x00000008   Code   RO         9297    i.rt_heap_end_get   board.o
    0x0800f45c   0x0800f45c   0x00000074   Code   RO         9298    i.rt_hw_board_init  board.o
    0x0800f4d0   0x0800f4d0   0x00000020   Code   RO         9299    i.rt_hw_console_output  board.o
    0x0800f4f0   0x0800f4f0   0x00000210   Code   RO         8343    i.rt_hw_hard_fault_exception  cpuport.o
    0x0800f700   0x0800f700   0x0000003c   Code   RO         8344    i.rt_hw_stack_init  cpuport.o
    0x0800f73c   0x0800f73c   0x0000001c   Code   RO         8697    i.rt_interrupt_enter  irq.o
    0x0800f758   0x0800f758   0x0000001c   Code   RO         8699    i.rt_interrupt_leave  irq.o
    0x0800f774   0x0800f774   0x0000000e   Code   RO         8530    i.rt_ipc_list_resume  ipc.o
    0x0800f782   0x0800f782   0x00000002   PAD
    0x0800f784   0x0800f784   0x00000052   Code   RO         8532    i.rt_ipc_list_suspend  ipc.o
    0x0800f7d6   0x0800f7d6   0x00000002   PAD
    0x0800f7d8   0x0800f7d8   0x00000020   Code   RO         8729    i.rt_kprintf        kservice.o
    0x0800f7f8   0x0800f7f8   0x0000000e   Code   RO         8942    i.rt_list_insert_after  object.o
    0x0800f806   0x0800f806   0x0000000e   Code   RO         9080    i.rt_list_insert_after  thread.o
    0x0800f814   0x0800f814   0x0000000e   Code   RO         9201    i.rt_list_insert_after  timer_1.o
    0x0800f822   0x0800f822   0x0000000e   Code   RO         8533    i.rt_list_insert_before  ipc.o
    0x0800f830   0x0800f830   0x00000012   Code   RO         8943    i.rt_list_remove    object.o
    0x0800f842   0x0800f842   0x00000012   Code   RO         9081    i.rt_list_remove    thread.o
    0x0800f854   0x0800f854   0x000000f0   Code   RO         8895    i.rt_malloc         mem.o
    0x0800f944   0x0800f944   0x00000046   Code   RO         8735    i.rt_memset         kservice.o
    0x0800f98a   0x0800f98a   0x0000002a   Code   RO         8543    i.rt_mutex_create   ipc.o
    0x0800f9b4   0x0800f9b4   0x0000008a   Code   RO         8547    i.rt_mutex_release  ipc.o
    0x0800fa3e   0x0800fa3e   0x000000b2   Code   RO         8548    i.rt_mutex_take     ipc.o
    0x0800faf0   0x0800faf0   0x00000050   Code   RO         8944    i.rt_object_allocate  object.o
    0x0800fb40   0x0800fb40   0x00000026   Code   RO         8945    i.rt_object_delete  object.o
    0x0800fb66   0x0800fb66   0x00000020   Code   RO         8946    i.rt_object_detach  object.o
    0x0800fb86   0x0800fb86   0x00000002   PAD
    0x0800fb88   0x0800fb88   0x00000024   Code   RO         8948    i.rt_object_get_information  object.o
    0x0800fbac   0x0800fbac   0x00000050   Code   RO         8950    i.rt_object_init    object.o
    0x0800fbfc   0x0800fbfc   0x0000000e   Code   RO         8951    i.rt_object_is_systemobject  object.o
    0x0800fc0a   0x0800fc0a   0x00000002   PAD
    0x0800fc0c   0x0800fc0c   0x00000058   Code   RO         9020    i.rt_schedule       scheduler.o
    0x0800fc64   0x0800fc64   0x00000050   Code   RO         9021    i.rt_schedule_insert_thread  scheduler.o
    0x0800fcb4   0x0800fcb4   0x00000048   Code   RO         9022    i.rt_schedule_remove_thread  scheduler.o
    0x0800fcfc   0x0800fcfc   0x00000024   Code   RO         8553    i.rt_sem_init       ipc.o
    0x0800fd20   0x0800fd20   0x00000034   Code   RO         8554    i.rt_sem_release    ipc.o
    0x0800fd54   0x0800fd54   0x0000006e   Code   RO         8555    i.rt_sem_take       ipc.o
    0x0800fdc2   0x0800fdc2   0x00000002   PAD
    0x0800fdc4   0x0800fdc4   0x000000b0   Code   RO         8737    i.rt_show_version   kservice.o
    0x0800fe74   0x0800fe74   0x00000010   Code   RO         8743    i.rt_strlen         kservice.o
    0x0800fe84   0x0800fe84   0x00000026   Code   RO         8745    i.rt_strncpy        kservice.o
    0x0800feaa   0x0800feaa   0x00000002   PAD
    0x0800feac   0x0800feac   0x000000ac   Code   RO         8898    i.rt_system_heap_init  mem.o
    0x0800ff58   0x0800ff58   0x00000034   Code   RO         9023    i.rt_system_scheduler_init  scheduler.o
    0x0800ff8c   0x0800ff8c   0x00000028   Code   RO         9024    i.rt_system_scheduler_start  scheduler.o
    0x0800ffb4   0x0800ffb4   0x0000000c   Code   RO         9202    i.rt_system_timer_init  timer_1.o
    0x0800ffc0   0x0800ffc0   0x00000002   Code   RO         9203    i.rt_system_timer_thread_init  timer_1.o
    0x0800ffc2   0x0800ffc2   0x00000064   Code   RO         9082    i.rt_thread_control  thread.o
    0x08010026   0x08010026   0x00000048   Code   RO         9083    i.rt_thread_create  thread.o
    0x0801006e   0x0801006e   0x00000004   Code   RO         9084    i.rt_thread_delay   thread.o
    0x08010072   0x08010072   0x00000002   PAD
    0x08010074   0x08010074   0x00000040   Code   RO         9085    i.rt_thread_delete  thread.o
    0x080100b4   0x080100b4   0x00000058   Code   RO         9087    i.rt_thread_exit    thread.o
    0x0801010c   0x0801010c   0x00000006   Code   RO         8491    i.rt_thread_idle_entry  idle.o
    0x08010112   0x08010112   0x00000002   PAD
    0x08010114   0x08010114   0x00000078   Code   RO         8492    i.rt_thread_idle_excute  idle.o
    0x0801018c   0x0801018c   0x00000038   Code   RO         8494    i.rt_thread_idle_init  idle.o
    0x080101c4   0x080101c4   0x00000030   Code   RO         9089    i.rt_thread_init    thread.o
    0x080101f4   0x080101f4   0x0000003c   Code   RO         9091    i.rt_thread_resume  thread.o
    0x08010230   0x08010230   0x0000000c   Code   RO         9092    i.rt_thread_self    thread.o
    0x0801023c   0x0801023c   0x00000040   Code   RO         9093    i.rt_thread_sleep   thread.o
    0x0801027c   0x0801027c   0x0000002c   Code   RO         9094    i.rt_thread_startup  thread.o
    0x080102a8   0x080102a8   0x00000042   Code   RO         9095    i.rt_thread_suspend  thread.o
    0x080102ea   0x080102ea   0x00000020   Code   RO         9096    i.rt_thread_timeout  thread.o
    0x0801030a   0x0801030a   0x00000002   PAD
    0x0801030c   0x0801030c   0x00000060   Code   RO         9097    i.rt_thread_yield   thread.o
    0x0801036c   0x0801036c   0x0000000c   Code   RO         8384    i.rt_tick_get       clock.o
    0x08010378   0x08010378   0x0000002c   Code   RO         8385    i.rt_tick_increase  clock.o
    0x080103a4   0x080103a4   0x00000068   Code   RO         9204    i.rt_timer_check    timer_1.o
    0x0801040c   0x0801040c   0x00000030   Code   RO         9205    i.rt_timer_control  timer_1.o
    0x0801043c   0x0801043c   0x00000020   Code   RO         9208    i.rt_timer_detach   timer_1.o
    0x0801045c   0x0801045c   0x00000028   Code   RO         9209    i.rt_timer_init     timer_1.o
    0x08010484   0x08010484   0x0000008c   Code   RO         9211    i.rt_timer_start    timer_1.o
    0x08010510   0x08010510   0x0000002e   Code   RO         9212    i.rt_timer_stop     timer_1.o
    0x0801053e   0x0801053e   0x00000002   PAD
    0x08010540   0x08010540   0x0000027c   Code   RO         8748    i.rt_vsnprintf      kservice.o
    0x080107bc   0x080107bc   0x00000004   Code   RO         8428    i.rti_board_end     components.o
    0x080107c0   0x080107c0   0x00000004   Code   RO         8429    i.rti_board_start   components.o
    0x080107c4   0x080107c4   0x00000004   Code   RO         8430    i.rti_end           components.o
    0x080107c8   0x080107c8   0x00000004   Code   RO         8431    i.rti_start         components.o
    0x080107cc   0x080107cc   0x0000002a   Code   RO         8432    i.rtthread_startup  components.o
    0x080107f6   0x080107f6   0x00000028   Code   RO         8750    i.skip_atoi         kservice.o
    0x0801081e   0x0801081e   0x00000002   PAD
    0x08010820   0x08010820   0x000000b4   Code   RO         8072    i.st25r95CalibrateTagDetector  st25r95_com.o
    0x080108d4   0x080108d4   0x00000044   Code   RO         8073    i.st25r95CheckChipID  st25r95_com.o
    0x08010918   0x08010918   0x00000006   Code   RO         8009    i.st25r95FieldOff   st25r95.o
    0x0801091e   0x0801091e   0x0000000a   Code   RO         8010    i.st25r95FieldOn    st25r95.o
    0x08010928   0x08010928   0x00000026   Code   RO         8011    i.st25r95Initialize  st25r95.o
    0x0801094e   0x0801094e   0x00000002   PAD
    0x08010950   0x08010950   0x00000058   Code   RO         8074    i.st25r95ProtocolSelect  st25r95_com.o
    0x080109a8   0x080109a8   0x00000054   Code   RO         8075    i.st25r95ReadReg    st25r95_com.o
    0x080109fc   0x080109fc   0x00000084   Code   RO         8148    i.st25r95SPICommandEcho  st25r95_com_spi.o
    0x08010a80   0x08010a80   0x0000024c   Code   RO         8149    i.st25r95SPICompleteRx  st25r95_com_spi.o
    0x08010ccc   0x08010ccc   0x00000058   Code   RO         8150    i.st25r95SPIGetIdleResponse  st25r95_com_spi.o
    0x08010d24   0x08010d24   0x00000040   Code   RO         8152    i.st25r95SPIIdle    st25r95_com_spi.o
    0x08010d64   0x08010d64   0x00000004   Code   RO         8154    i.st25r95SPIIsTransmitCompleted  st25r95_com_spi.o
    0x08010d68   0x08010d68   0x0000001a   Code   RO         8155    i.st25r95SPIKillIdle  st25r95_com_spi.o
    0x08010d82   0x08010d82   0x00000002   PAD
    0x08010d84   0x08010d84   0x00000048   Code   RO         8156    i.st25r95SPIPollRead  st25r95_com_spi.o
    0x08010dcc   0x08010dcc   0x00000038   Code   RO         8157    i.st25r95SPIPollSend  st25r95_com_spi.o
    0x08010e04   0x08010e04   0x00000030   Code   RO         8158    i.st25r95SPIPrepareRx  st25r95_com_spi.o
    0x08010e34   0x08010e34   0x00000048   Code   RO         8012    i.st25r95SPIResetChip  st25r95.o
    0x08010e7c   0x08010e7c   0x00000044   Code   RO         8159    i.st25r95SPIRxTx    st25r95_com_spi.o
    0x08010ec0   0x08010ec0   0x000000d4   Code   RO         8160    i.st25r95SPISendCommandTypeAndLen  st25r95_com_spi.o
    0x08010f94   0x08010f94   0x00000078   Code   RO         8161    i.st25r95SPISendData  st25r95_com_spi.o
    0x0801100c   0x0801100c   0x00000020   Code   RO         8162    i.st25r95SPISendReceiveByte  st25r95_com_spi.o
    0x0801102c   0x0801102c   0x00000024   Code   RO         8163    i.st25r95SPISendTransmitFlag  st25r95_com_spi.o
    0x08011050   0x08011050   0x0000003c   Code   RO         8013    i.st25r95SPI_nIRQ_IN_Pulse  st25r95.o
    0x0801108c   0x0801108c   0x000000e4   Code   RO         8076    i.st25r95SetBitRate  st25r95_com.o
    0x08011170   0x08011170   0x00000118   Code   RO         8077    i.st25r95SetFWT     st25r95_com.o
    0x08011288   0x08011288   0x00000028   Code   RO         8078    i.st25r95SetSlotCounter  st25r95_com.o
    0x080112b0   0x080112b0   0x00000054   Code   RO         8079    i.st25r95WriteReg   st25r95_com.o
    0x08011304   0x08011304   0x00000028   Code   RO         1805    i.st_clust          ff.o
    0x0801132c   0x0801132c   0x00000010   Code   RO         1806    i.st_dword          ff.o
    0x0801133c   0x0801133c   0x0000004a   Code   RO         1807    i.st_qword          ff.o
    0x08011386   0x08011386   0x00000008   Code   RO         1808    i.st_word           ff.o
    0x0801138e   0x0801138e   0x0000006c   Code   RO         1809    i.store_xdir        ff.o
    0x080113fa   0x080113fa   0x0000001a   Code   RO         1810    i.sum_sfn           ff.o
    0x08011414   0x08011414   0x00000088   Code   RO         1811    i.sync_fs           ff.o
    0x0801149c   0x0801149c   0x00000052   Code   RO         1812    i.sync_window       ff.o
    0x080114ee   0x080114ee   0x0000000c   Code   RO         8287    i.timerCalculateTimer  timer.o
    0x080114fa   0x080114fa   0x00000014   Code   RO         8289    i.timerIsExpired    timer.o
    0x0801150e   0x0801150e   0x00000002   PAD
    0x08011510   0x08011510   0x00000040   Code   RO         1004    i.uart_init         usart.o
    0x08011550   0x08011550   0x000000c4   Code   RO         1389    i.updata_fontx      fontupd.o
    0x08011614   0x08011614   0x00000180   Code   RO         1390    i.update_font       fontupd.o
    0x08011794   0x08011794   0x00000010   Code   RO         5772    i.usbd_CloseMassStorage  usb_bsp.o
    0x080117a4   0x080117a4   0x00000032   Code   RO         1813    i.validate          ff.o
    0x080117d6   0x080117d6   0x00000002   PAD
    0x080117d8   0x080117d8   0x00000070   Code   RO         1134    i.wav_buffill       wavplay.o
    0x08011848   0x08011848   0x000000d0   Code   RO         1135    i.wav_decode_init   wavplay.o
    0x08011918   0x08011918   0x0000014c   Code   RO         1137    i.wav_play_song     wavplay.o
    0x08011a64   0x08011a64   0x00000054   Code   RO         1138    i.wav_sai_dma_tx_callback  wavplay.o
    0x08011ab8   0x08011ab8   0x00000034   Code   RO         1814    i.xdir_sum          ff.o
    0x08011aec   0x08011aec   0x0000003c   Code   RO         1815    i.xname_sum         ff.o
    0x08011b28   0x08011b28   0x0000006e   Data   RO          934    .constdata          sai.o
    0x08011b96   0x08011b96   0x000019b8   Data   RO         1269    .constdata          oled.o
    0x0801354e   0x0801354e   0x00000002   PAD
    0x08013550   0x08013550   0x00000014   Data   RO         1392    .constdata          fontupd.o
    0x08013564   0x08013564   0x000003c0   Data   RO         1717    .constdata          mycc936.o
    0x08013924   0x08013924   0x0000004a   Data   RO         1817    .constdata          ff.o
    0x0801396e   0x0801396e   0x00000008   Data   RO         2515    .constdata          stm32f4xx_hal_dma.o
    0x08013976   0x08013976   0x00000010   Data   RO         3202    .constdata          stm32f4xx_hal_rcc.o
    0x08013986   0x08013986   0x00000007   Data   RO         5739    .constdata          usbd_msc_data.o
    0x0801398d   0x0801398d   0x00000008   Data   RO         5740    .constdata          usbd_msc_data.o
    0x08013995   0x08013995   0x00000008   Data   RO         5741    .constdata          usbd_msc_data.o
    0x0801399d   0x0801399d   0x0000006c   Data   RO         5913    .constdata          usbd_storage_msd.o
    0x08013a09   0x08013a09   0x00000038   Data   RO         6059    .constdata          rfal_analogconfig.o
    0x08013a41   0x08013a41   0x00000003   PAD
    0x08013a44   0x08013a44   0x00000008   Data   RO         6536    .constdata          rfal_nfcb.o
    0x08013a4c   0x08013a4c   0x00000122   Data   RO         8752    .constdata          kservice.o
    0x08013b6e   0x08013b6e   0x00000002   PAD
    0x08013b70   0x08013b70   0x00000077   Data   RO         1394    .conststring        fontupd.o
    0x08013be7   0x08013be7   0x00000001   PAD
    0x08013be8   0x08013be8   0x00000004   Data   RO         8433    .rti_fn.0           components.o
    0x08013bec   0x08013bec   0x00000004   Data   RO         8434    .rti_fn.0.end       components.o
    0x08013bf0   0x08013bf0   0x00000004   Data   RO         8435    .rti_fn.1.end       components.o
    0x08013bf4   0x08013bf4   0x00000004   Data   RO         8436    .rti_fn.6.end       components.o
    0x08013bf8   0x08013bf8   0x00000020   Data   RO         9681    Region$$Table       anon$$obj.o


    Execution Region RW_IRAM1 (Exec base: 0x20000000, Load base: 0x08013c18, Size: 0x0002c588, Max: 0x00030000, ABSOLUTE, COMPRESSED[0x00000234])

    Exec Addr    Load Addr    Size         Type   Attr      Idx    E Section Name        Object

    0x20000000   COMPRESSED   0x00000014   Data   RW          285    .data               system_stm32f4xx.o
    0x20000014   COMPRESSED   0x00000014   Data   RW          416    .data               task.o
    0x20000028   COMPRESSED   0x00000074   Data   RW          578    .data               wm8978.o
    0x2000009c   COMPRESSED   0x00000002   Data   RW          715    .data               w25qxx.o
    0x2000009e   COMPRESSED   0x00000002   PAD
    0x200000a0   COMPRESSED   0x00000004   Data   RW          935    .data               sai.o
    0x200000a4   COMPRESSED   0x00000004   Data   RW         1006    .data               usart.o
    0x200000a8   COMPRESSED   0x00000004   Data   RW         1007    .data               usart.o
    0x200000ac   COMPRESSED   0x00000002   Data   RW         1140    .data               wavplay.o
    0x200000ae   COMPRESSED   0x00000005   Data   RW         1270    .data               oled.o
    0x200000b3   COMPRESSED   0x00000001   PAD
    0x200000b4   COMPRESSED   0x0000000c   Data   RW         1485    .data               exfuns.o
    0x200000c0   COMPRESSED   0x00000002   Data   RW         1818    .data               ff.o
    0x200000c2   COMPRESSED   0x00000002   PAD
    0x200000c4   COMPRESSED   0x00000004   Data   RW         2246    .data               stm32f4xx_hal.o
    0x200000c8   COMPRESSED   0x0000002c   Data   RW         5290    .data               usbd_core.o
    0x200000f4   COMPRESSED   0x00000004   Data   RW         5291    .data               usbd_core.o
    0x200000f8   COMPRESSED   0x00000004   Data   RW         5292    .data               usbd_core.o
    0x200000fc   COMPRESSED   0x00000010   Data   RW         5381    .data               usbd_req.o
    0x2000010c   COMPRESSED   0x00000008   Data   RW         5514    .data               usbd_msc_bot.o
    0x20000114   COMPRESSED   0x0000002c   Data   RW         5597    .data               usbd_msc_core.o
    0x20000140   COMPRESSED   0x00000028   Data   RW         5598    .data               usbd_msc_core.o
    0x20000168   COMPRESSED   0x00000018   Data   RW         5664    .data               usbd_msc_scsi.o
    0x20000180   COMPRESSED   0x0000001c   Data   RW         5840    .data               usbd_desc.o
    0x2000019c   COMPRESSED   0x00000030   Data   RW         5841    .data               usbd_desc.o
    0x200001cc   COMPRESSED   0x00000001   Data   RW         5914    .data               usbd_storage_msd.o
    0x200001cd   COMPRESSED   0x00000003   PAD
    0x200001d0   COMPRESSED   0x00000020   Data   RW         5915    .data               usbd_storage_msd.o
    0x200001f0   COMPRESSED   0x00000004   Data   RW         5916    .data               usbd_storage_msd.o
    0x200001f4   COMPRESSED   0x00000001   Data   RW         5983    .data               usbd_usr.o
    0x200001f5   COMPRESSED   0x00000003   PAD
    0x200001f8   COMPRESSED   0x0000001c   Data   RW         5984    .data               usbd_usr.o
    0x20000214   COMPRESSED   0x00000008   Data   RW         6060    .data               rfal_analogconfig.o
    0x2000021c   COMPRESSED   0x00000002   Data   RW         6537    .data               rfal_nfcb.o
    0x2000021e   COMPRESSED   0x00000002   PAD
    0x20000220   COMPRESSED   0x0000007b   Data   RW         7822    .data               demo.o
    0x2000029b   COMPRESSED   0x00000001   PAD
    0x2000029c   COMPRESSED   0x00000008   Data   RW         7953    .data               logger.o
    0x200002a4   COMPRESSED   0x00000078   Data   RW         8080    .data               st25r95_com.o
    0x2000031c   COMPRESSED   0x00000004   Data   RW         8081    .data               st25r95_com.o
    0x20000320   COMPRESSED   0x00000004   Data   RW         8082    .data               st25r95_com.o
    0x20000324   COMPRESSED   0x00000004   Data   RW         8083    .data               st25r95_com.o
    0x20000328   COMPRESSED   0x00000006   Data   RW         8084    .data               st25r95_com.o
    0x2000032e   COMPRESSED   0x00000006   Data   RW         8085    .data               st25r95_com.o
    0x20000334   COMPRESSED   0x00000006   Data   RW         8086    .data               st25r95_com.o
    0x2000033a   COMPRESSED   0x00000006   Data   RW         8087    .data               st25r95_com.o
    0x20000340   COMPRESSED   0x00000006   Data   RW         8088    .data               st25r95_com.o
    0x20000346   COMPRESSED   0x00000011   Data   RW         8165    .data               st25r95_com_spi.o
    0x20000357   COMPRESSED   0x00000001   PAD
    0x20000358   COMPRESSED   0x00000004   Data   RW         8345    .data               cpuport.o
    0x2000035c   COMPRESSED   0x00000004   Data   RW         8346    .data               cpuport.o
    0x20000360   COMPRESSED   0x00000004   Data   RW         8347    .data               cpuport.o
    0x20000364   COMPRESSED   0x00000004   Data   RW         8348    .data               cpuport.o
    0x20000368   COMPRESSED   0x00000004   Data   RW         8387    .data               clock.o
    0x2000036c   COMPRESSED   0x00000001   Data   RW         8700    .data               irq.o
    0x2000036d   COMPRESSED   0x00000003   PAD
    0x20000370   COMPRESSED   0x00000018   Data   RW         8900    .data               mem.o
    0x20000388   COMPRESSED   0x00000050   Data   RW         8953    .data               object.o
    0x200003d8   COMPRESSED   0x00000014   Data   RW         9026    .data               scheduler.o
    0x200003ec   COMPRESSED   0x0000000c   Data   RW         9213    .data               timer_1.o
    0x200003f8        -       0x000005f4   Zero   RW          415    .bss                task.o
    0x200009ec        -       0x00001000   Zero   RW          714    .bss                w25qxx.o
    0x200019ec        -       0x000000b0   Zero   RW          817    .bss                spi.o
    0x20001a9c   COMPRESSED   0x00000004   PAD
    0x20001aa0        -       0x000002b8   Zero   RW          874    .bss                sdio_sdcard.o
    0x20001d58        -       0x000000e0   Zero   RW          933    .bss                sai.o
    0x20001e38        -       0x00000108   Zero   RW         1005    .bss                usart.o
    0x20001f40        -       0x00000020   Zero   RW         1139    .bss                wavplay.o
    0x20001f60        -       0x00000011   Zero   RW         1204    .bss                audioplay.o
    0x20001f71        -       0x00000400   Zero   RW         1268    .bss                oled.o
    0x20002371        -       0x00000029   Zero   RW         1391    .bss                fontupd.o
    0x2000239a   COMPRESSED   0x00000002   PAD
    0x2000239c        -       0x0000000c   Zero   RW         1480    .bss                exfuns.o
    0x200023a8        -       0x0000000c   Zero   RW         1816    .bss                ff.o
    0x200023b4        -       0x00000030   Zero   RW         5513    .bss                usbd_msc_bot.o
    0x200023e4        -       0x0000002c   Zero   RW         5663    .bss                usbd_msc_scsi.o
    0x20002410        -       0x00000040   Zero   RW         5839    .bss                usbd_desc.o
    0x20002450        -       0x00000090   Zero   RW         6197    .bss                rfal_isodep.o
    0x200024e0        -       0x00000808   Zero   RW         6345    .bss                rfal_nfc.o
    0x20002ce8        -       0x000000b0   Zero   RW         6634    .bss                rfal_nfcdep.o
    0x20002d98        -       0x00000142   Zero   RW         6789    .bss                rfal_nfcf.o
    0x20002eda   COMPRESSED   0x00000002   PAD
    0x20002edc        -       0x000001b4   Zero   RW         7053    .bss                rfal_rfst25r95.o
    0x20003090        -       0x00000084   Zero   RW         7821    .bss                demo.o
    0x20003114        -       0x00000200   Zero   RW         7952    .bss                logger.o
    0x20003314        -       0x0000001c   Zero   RW         8164    .bss                st25r95_com_spi.o
    0x20003330        -       0x00000178   Zero   RW         8495    .bss                idle.o
    0x200034a8        -       0x00000080   Zero   RW         8751    .bss                kservice.o
    0x20003528        -       0x00000020   Zero   RW         8899    .bss                mem.o
    0x20003548        -       0x00000040   Zero   RW         9025    .bss                scheduler.o
    0x20003588        -       0x00028000   Zero   RW         9301    .bss                board.o
    0x2002b588        -       0x00001000   Zero   RW          399    STACK               startup_stm32f429xx.o


==============================================================================

Image component sizes


      Code (inc. data)   RO Data    RW Data    ZI Data      Debug   Object Name

       176         50          0          0         17       4943   audioplay.o
       204         24          0          0     163840       4032   board.o
        56         12          0          4          0       1229   clock.o
       182         30         16          0          0       6026   components.o
       308         26          0          0          0        880   context_rvds.o
       588        344          0         16          0       4130   cpuport.o
      1974        968          0        123        132       5855   demo.o
       318          6          0          0          0       5431   diskio.o
        92          8          0         12         12       1807   exfuns.o
      9398         88         74          2         12      58065   ff.o
       644         78        139          0         41       4008   fontupd.o
       404         26          0          0          0       1172   gpioconfig.o
       202         26          0          0        376       5606   idle.o
       666          0          0          0          0       9658   ipc.o
        56         12          0          1          0       1610   irq.o
      1380        158        290          0        128      10384   kservice.o
       242         42          0          8        512       3518   logger.o
       206         36          0          0          0     422930   main.o
       692        172          0         24         32       3992   mem.o
       148         12        960          0          0       1887   mycc936.o
       316         48          0          0          0       3005   myiic.o
       312          6          0         80          0       8532   object.o
      1636         68       6584          5       1024      11326   oled.o
       264         16         56          8          0      19401   rfal_analogconfig.o
      3228        106          0          0        144      35036   rfal_isodep.o
      2928        112          0          0       2056      32152   rfal_nfc.o
      1390          4          0          0          0       9584   rfal_nfca.o
       932         28          8          2          0       8984   rfal_nfcb.o
      4070        168          0          0        176      26678   rfal_nfcdep.o
       810         26          0          0        322       6444   rfal_nfcf.o
       986         10          0          0          0       7653   rfal_nfcv.o
      2532        180          0          0        436      26475   rfal_rfst25r95.o
       634          0          0          0          0       7917   rfal_st25tb.o
       130          0          0          0          0       2125   rfal_t1t.o
       760         86        110          4        224       5655   sai.o
       416         56          0         20         64       8282   scheduler.o
       436         30          0          0        696       4011   sdio_sdcard.o
       444         50          0          0        176       3528   spi.o
       186         10          0          0          0       2664   st25r95.o
      1052         92          0        162          0       7866   st25r95_com.o
      1546         82          0         17         28      16704   st25r95_com_spi.o
        36          8        428          0       4096        816   startup_stm32f429xx.o
       132         10          0          4          0       4166   stm32f4xx_hal.o
       240         14          0          0          0      31503   stm32f4xx_hal_cortex.o
       246         10          8          0          0       2612   stm32f4xx_hal_dma.o
       122          0          0          0          0       2005   stm32f4xx_hal_dma_ex.o
       480         52          0          0          0       3151   stm32f4xx_hal_gpio.o
       140         14          0          0          0       1260   stm32f4xx_hal_pwr_ex.o
      1608         74         16          0          0       6071   stm32f4xx_hal_rcc.o
       680         36          0          0          0       1560   stm32f4xx_hal_rcc_ex.o
       436         10          0          0          0       4112   stm32f4xx_hal_sai.o
       208         30          0          0          0       1865   stm32f4xx_hal_sai_ex.o
      3706         20          0          0          0      20180   stm32f4xx_hal_sd.o
       972          0          0          0          0       3717   stm32f4xx_hal_spi.o
      1452         10          0          0          0       9175   stm32f4xx_hal_uart.o
       158          4          0          0          0       5957   stm32f4xx_ll_sdmmc.o
       132         10          0          0          0       3523   sys.o
       208         36          0         20          0       1793   system_stm32f4xx.o
       752        328          0         20       1524      25795   task.o
       308          4          0          0          0       2492   text.o
       910         50          0          0          0      13715   thread.o
        32          0          0          0          0       1477   timer.o
       484         14          0         12          0      10468   timer_1.o
       364         54          0          8        264       4845   usart.o
       138          8          0          0          0       3174   usb_bsp.o
      1960         26          0          0          0      20690   usb_core.o
       550          0          0          0          0       7183   usb_dcd.o
      1200         36          0          0          0       7791   usb_dcd_int.o
       612          4          0         52          0       9582   usbd_core.o
       320        128          0         76         64       6183   usbd_desc.o
       152          0          0          0          0       4366   usbd_ioreq.o
       596         84          0          8         48       8235   usbd_msc_bot.o
       290         14          0         84          0       5057   usbd_msc_core.o
         0          0         23          0          0        797   usbd_msc_data.o
      1580        180          0         24         44      13125   usbd_msc_scsi.o
      1124         44          0         16          0       8596   usbd_req.o
       210         28        108         37          0       6017   usbd_storage_msd.o
       342        260          0         29          0       4054   usbd_usr.o
       812         64          0          2       4096       7357   w25qxx.o
       736         58          0          2         32       4995   wavplay.o
       530         28          0        116          0       6388   wm8978.o

    ----------------------------------------------------------------------
     68042       5046       8860       1016     180624    1097033   Object Totals
         0          0         32          0          0          0   (incl. Generated)
       140          0          8         18          8          0   (incl. Padding)

    ----------------------------------------------------------------------

      Code (inc. data)   RO Data    RW Data    ZI Data      Debug   Library Member Name

        86          0          0          0          0          0   __dczerorl2.o
         0          0          0          0          0          0   entry.o
         0          0          0          0          0          0   entry10a.o
         0          0          0          0          0          0   entry11a.o
         8          4          0          0          0          0   entry2.o
         4          0          0          0          0          0   entry5.o
         0          0          0          0          0          0   entry7b.o
         0          0          0          0          0          0   entry8b.o
         8          4          0          0          0          0   entry9a.o
        30          0          0          0          0          0   handlers.o
        36          8          0          0          0         68   init.o
         0          0          0          0          0          0   iusefp.o
        30          0          0          0          0         68   llshl.o
        36          0          0          0          0         68   llsshr.o
        32          0          0          0          0         68   llushr.o
        26          0          0          0          0         80   memcmp.o
        64          0          0          0          0         76   memmovea.o
        36          0          0          0          0        108   memseta.o
      2324         94          0          0          0        600   printfa.o
        24          0          0          0          0         68   strcat.o
        28          0          0          0          0         76   strcmp.o
        18          0          0          0          0         68   strcpy.o
        14          0          0          0          0         68   strlen.o
        44          0          0          0          0         80   uidiv.o
        98          0          0          0          0         92   uldiv.o
        48          0          0          0          0         68   cdrcmple.o
       334          0          0          0          0        148   dadd.o
       222          0          0          0          0        100   ddiv.o
       186          0          0          0          0        176   depilogue.o
        48          0          0          0          0         68   dfixul.o
       228          0          0          0          0         96   dmul.o

    ----------------------------------------------------------------------
      4018        110          0          0          0       2244   Library Totals
         6          0          0          0          0          0   (incl. Padding)

    ----------------------------------------------------------------------

      Code (inc. data)   RO Data    RW Data    ZI Data      Debug   Library Name

      2946        110          0          0          0       1588   mc_w.l
      1066          0          0          0          0        656   mf_w.l

    ----------------------------------------------------------------------
      4018        110          0          0          0       2244   Library Totals

    ----------------------------------------------------------------------

==============================================================================


      Code (inc. data)   RO Data    RW Data    ZI Data      Debug   

     72060       5156       8860       1016     180624    1037665   Grand Totals
     72060       5156       8860        564     180624    1037665   ELF Image Totals (compressed)
     72060       5156       8860        564          0          0   ROM Totals

==============================================================================

    Total RO  Size (Code + RO Data)                80920 (  79.02kB)
    Total RW  Size (RW Data + ZI Data)            181640 ( 177.38kB)
    Total ROM Size (Code + RO Data + RW Data)      81484 (  79.57kB)

==============================================================================

