<html>
<body>
<pre>
<h1>礦ision Build Log</h1>
<h2>Tool Versions:</h2>
IDE-Version: μVision V5.30.0.0
Copyright (C) 2020 ARM Ltd and ARM Germany GmbH. All rights reserved.
License Information:  ,  , LIC=TIVNB-2HVER-MMC9I-T40AC-I0FQA-NTNDY
 
Tool Versions:
Toolchain:       MDK-ARM Plus  Version: 5.30.0.0
Toolchain Path:  D:\Deuce\MDK5\ARM\ARMCC\Bin
C Compiler:      Armcc.exe V5.06 update 6 (build 750)
Assembler:       Armasm.exe V5.06 update 6 (build 750)
Linker/Locator:  ArmLink.exe V5.06 update 6 (build 750)
Library Manager: ArmAr.exe V5.06 update 6 (build 750)
Hex Converter:   FromElf.exe V5.06 update 6 (build 750)
CPU DLL:         SARMCM3.DLL V5.30.0.0
Dialog DLL:      DCM.DLL V1.17.3.0
Target DLL:      Segger\JL2CM3.dll V2.99.38.0
Dialog DLL:      TCM.DLL V1.42.0.0
 
<h2>Project:</h2>
D:\FakeC\Tingzhen_Version\Tingzhen_Program\Stethoscope.uvprojx
Project File Date:  10/21/2020

<h2>Output:</h2>
*** Using Compiler 'V5.06 update 6 (build 750)', folder: 'D:\Deuce\MDK5\ARM\ARMCC\Bin'
Build target 'Target 1'
compiling text.c...
TEXT\text.c(57): warning:  #177-D: variable "csize"  was declared but never referenced
  	u8 csize=(size/8+((size%8)?1:0))*(size);			//得到字体一个字符对应点阵集所占的字节数	 
TEXT\text.c: 1 warning, 0 errors
compiling board.c...
compiling main.c...
compiling oled.c...
HARDWARE\OLED\oled.c(370): warning:  #177-D: variable "cnt_per_100"  was declared but never referenced
  	static uint8_t cnt_per_100,cnt_per_75,cnt_per_50,cnt_per_25,cnt_per_0;
HARDWARE\OLED\oled.c: 1 warning, 0 errors
compiling Task.c...
linking...
Program Size: Code=48984 RO-data=8328 RW-data=732 ZI-data=31716700  
FromELF: creating hex file...
".\Objects\Stethoscope.axf" - 0 Error(s), 2 Warning(s).

<h2>Software Packages used:</h2>

Package Vendor: RealThread
                https://www.rt-thread.org/download/mdk/RealThread.RT-Thread.3.1.3.pack
                RealThread.RT-Thread.3.1.3
                RT-Thread Software Components
   * Component: kernel Version: 3.1.3

Package Vendor: Keil
                http://www.keil.com/pack/Keil.STM32F4xx_DFP.2.5.0.pack
                Keil.STM32F4xx_DFP.2.5.0
                STMicroelectronics STM32F4 Series Device Support, Drivers and Examples

<h2>Collection of Component include folders:</h2>
  .\RTE\RTOS
  .\RTE\_Target_1
  D:\Deuce\MDK5\Keil\STM32F4xx_DFP\2.5.0\Drivers\CMSIS\Device\ST\STM32F4xx\Include
  D:\Deuce\MDK5\RealThread\RT-Thread\3.1.3\include

<h2>Collection of Component Files used:</h2>

   * Component: RealThread.RT-Thread::RTOS:kernel:3.1.3
      Source file:   src\mem.c
      Source file:   src\clock.c
      Source file:   src\irq.c
      Source file:   src\object.c
      Source file:   src\scheduler.c
      Source file:   bsp\board.c
      Include file:  bsp\rtconfig.h
      Source file:   src\ipc.c
      Source file:   src\idle.c
      Source file:   src\components.c
      Source file:   src\kservice.c
      Source file:   src\timer.c
      Source file:   src\thread.c
      Source file:   libcpu\arm\cortex-m4\cpuport.c
      Source file:   libcpu\arm\cortex-m4\context_rvds.S
Build Time Elapsed:  00:00:04
</pre>
</body>
</html>
