<html>
<body>
<pre>
<h1>µVision Build Log</h1>
<h2>Tool Versions:</h2>
IDE-Version: ¦ÌVision V5.30.0.0
Copyright (C) 2020 ARM Ltd and ARM Germany GmbH. All rights reserved.
License Information:  ,  , LIC=TIVNB-2HVER-MMC9I-T40AC-I0FQA-NTNDY
 
Tool Versions:
Toolchain:       MDK-ARM Plus  Version: 5.30.0.0
Toolchain Path:  D:\Deuce\MDK5\ARM\ARMCC\Bin
C Compiler:      Armcc.exe V5.06 update 6 (build 750)
Assembler:       Armasm.exe V5.06 update 6 (build 750)
Linker/Locator:  ArmLink.exe V5.06 update 6 (build 750)
Library Manager: ArmAr.exe V5.06 update 6 (build 750)
Hex Converter:   FromElf.exe V5.06 update 6 (build 750)
CPU DLL:         SARMCM3.DLL V5.30.0.0
Dialog DLL:      DCM.DLL V1.17.3.0
Target DLL:      Segger\JL2CM3.dll V2.99.38.0
Dialog DLL:      TCM.DLL V1.42.0.0
 
<h2>Project:</h2>
D:\FakeC\Tingzhen_Version\Tingzhen_Program\Stethoscope.uvprojx
Project File Date:  10/22/2020

<h2>Output:</h2>
*** Using Compiler 'V5.06 update 6 (build 750)', folder: 'D:\Deuce\MDK5\ARM\ARMCC\Bin'
Build target 'Target 1'
Note: source file 'D:\Deuce\MDK5\RealThread\RT-Thread\3.1.3\src\timer.c' - object file renamed from '.\Objects\timer.o' to '.\Objects\timer_1.o'.
compiling Task.c...
TASK\Task.c(17): warning:  #177-D: function "BuleTooth_Transfer_Task"  was declared but never referenced
  static void BuleTooth_Transfer_Task(void* parameter);
TASK\Task.c(28): warning:  #177-D: variable "BuleTooth_Transfer"  was declared but never referenced
  static rt_thread_t BuleTooth_Transfer = RT_NULL;
TASK\Task.c: 2 warnings, 0 errors
linking...
Program Size: Code=72472 RO-data=8896 RW-data=1056 ZI-data=31716936  
FromELF: creating hex file...
".\Objects\Stethoscope.axf" - 0 Error(s), 2 Warning(s).

<h2>Software Packages used:</h2>

Package Vendor: RealThread
                https://www.rt-thread.org/download/mdk/RealThread.RT-Thread.3.1.3.pack
                RealThread.RT-Thread.3.1.3
                RT-Thread Software Components
   * Component: kernel Version: 3.1.3

Package Vendor: Keil
                http://www.keil.com/pack/Keil.STM32F4xx_DFP.2.5.0.pack
                Keil.STM32F4xx_DFP.2.5.0
                STMicroelectronics STM32F4 Series Device Support, Drivers and Examples

<h2>Collection of Component include folders:</h2>
  .\RTE\RTOS
  .\RTE\_Target_1
  D:\Deuce\MDK5\Keil\STM32F4xx_DFP\2.5.0\Drivers\CMSIS\Device\ST\STM32F4xx\Include
  D:\Deuce\MDK5\RealThread\RT-Thread\3.1.3\include

<h2>Collection of Component Files used:</h2>

   * Component: RealThread.RT-Thread::RTOS:kernel:3.1.3
      Source file:   src\ipc.c
      Source file:   src\irq.c
      Source file:   src\kservice.c
      Source file:   src\mem.c
      Source file:   src\object.c
      Source file:   src\scheduler.c
      Include file:  bsp\rtconfig.h
      Source file:   src\clock.c
      Source file:   bsp\board.c
      Source file:   src\components.c
      Source file:   src\idle.c
      Source file:   libcpu\arm\cortex-m4\context_rvds.S
      Source file:   libcpu\arm\cortex-m4\cpuport.c
      Source file:   src\timer.c
      Source file:   src\thread.c
Build Time Elapsed:  00:00:04
</pre>
</body>
</html>
